 fluffy

 Timestamp is 5b2154d0 (Wed Jun 13 13:30:56 2018)

 Preferred load address is 0000000180000000

 Start         Length     Name                   Class
 0001:00000000 0002bd3cH .text$mn                CODE
 0001:0002bd40 0000082bH .text$x                 CODE
 0002:00000000 00000238H .idata$5                DATA
 0002:00000238 00000008H .CRT$XCA                DATA
 0002:00000240 00000008H .CRT$XCZ                DATA
 0002:00000248 00000008H .CRT$XIA                DATA
 0002:00000250 00000028H .CRT$XIC                DATA
 0002:00000278 00000008H .CRT$XIZ                DATA
 0002:00000280 00000008H .CRT$XPA                DATA
 0002:00000288 00000010H .CRT$XPX                DATA
 0002:00000298 00000008H .CRT$XPXA               DATA
 0002:000002a0 00000008H .CRT$XPZ                DATA
 0002:000002a8 00000008H .CRT$XTA                DATA
 0002:000002b0 00000008H .CRT$XTZ                DATA
 0002:000002c0 0000af90H .rdata                  DATA
 0002:0000b250 00000054H .rdata$debug            DATA
 0002:0000b2a8 0000016cH .rdata$r                DATA
 0002:0000b418 00000008H .rtc$IAA                DATA
 0002:0000b420 00000008H .rtc$IZZ                DATA
 0002:0000b428 00000008H .rtc$TAA                DATA
 0002:0000b430 00000008H .rtc$TZZ                DATA
 0002:0000b438 000015bcH .xdata                  DATA
 0002:0000c9f8 00000084H .xdata$x                DATA
 0002:0000ca80 00000064H .edata                  DATA
 0002:0000cae4 00000014H .idata$2                DATA
 0002:0000caf8 00000014H .idata$3                DATA
 0002:0000cb10 00000238H .idata$4                DATA
 0002:0000cd48 0000053aH .idata$6                DATA
 0003:00000000 00001828H .data                   DATA
 0003:00001828 00000070H .data$r                 DATA
 0003:000018a0 00002518H .bss                    DATA
 0004:00000000 000014e8H .pdata                  DATA

  Address         Publics by Value              Rva+Base               Lib:Object

 0000:00000000       __guard_fids_count         0000000000000000     <absolute>
 0000:00000000       ___safe_se_handler_count   0000000000000000     <absolute>
 0000:00000000       __guard_flags              0000000000000000     <absolute>
 0000:00000000       __guard_fids_table         0000000000000000     <absolute>
 0000:00000000       ___safe_se_handler_table   0000000000000000     <absolute>
 0000:00000000       __ImageBase                0000000180000000     <linker-defined>
 0001:00002400       ?CreateOctreeNode@@YAPEAUoctree@@PEAUgame_state@@@Z 0000000180003400 f i fluffy.obj
 0001:000026e0       ?RenderAndDisplay@@YAXPEAUrender_state@@Um4@@@Z 00000001800036e0 f i fluffy.obj
 0001:00003c60       GameInit                   0000000180004c60 f   fluffy.obj
 0001:00004400       GameUpdateAndRender        0000000180005400 f   fluffy.obj
 0001:00004590       __GSHandlerCheck           0000000180005590 f   LIBCMTD:gshandler.obj
 0001:000045d0       __GSHandlerCheckCommon     00000001800055d0 f   LIBCMTD:gshandler.obj
 0001:000046e0       __security_check_cookie    00000001800056e0 f   LIBCMTD:amdsecgs.obj
 0001:00004700       sinf                       0000000180005700 f   LIBCMTD:sinf.obj
 0001:00004dd0       _fpmath                    0000000180005dd0 f   LIBCMTD:fpinit.obj
 0001:00004df0       _cfltcvt_init              0000000180005df0 f   LIBCMTD:fpinit.obj
 0001:00004f00       _CRT_INIT                  0000000180005f00 f   LIBCMTD:dllcrt0.obj
 0001:00005120       _DllMainCRTStartup         0000000180006120 f   LIBCMTD:dllcrt0.obj
 0001:000052c0       __DllXcptFilter            00000001800062c0 f   LIBCMTD:dllcrt0.obj
 0001:00005310       _clrfp                     0000000180006310 f   LIBCMTD:fpctrl.obj
 0001:00005340       _ctrlfp                    0000000180006340 f   LIBCMTD:fpctrl.obj
 0001:000053f0       _set_statfp                00000001800063f0 f   LIBCMTD:fpctrl.obj
 0001:00005430       _statfp                    0000000180006430 f   LIBCMTD:fpctrl.obj
 0001:00005630       _handle_errorf             0000000180006630 f   LIBCMTD:libm_error.obj
 0001:000057b0       __raise_securityfailure    00000001800067b0 f   LIBCMTD:gs_report.obj
 0001:00005800       __report_gsfailure         0000000180006800 f   LIBCMTD:gs_report.obj
 0001:000058e0       __report_rangecheckfailure 00000001800068e0 f   LIBCMTD:gs_report.obj
 0001:00005900       __report_securityfailure   0000000180006900 f   LIBCMTD:gs_report.obj
 0001:000059a0       __fma3_lib_init            00000001800069a0 f   LIBCMTD:fma3_available.obj
 0001:00005a20       __remainder_piby2d2f_forC  0000000180006a20 f   LIBCMTD:remainder_piby2f_forC.obj
 0001:00005bb0       _sincosf_special           0000000180006bb0 f   LIBCMTD:sincos_special.obj
 0001:00005db0       _sinf_special              0000000180006db0 f   LIBCMTD:sincos_special.obj
 0001:00005de0       ??0_LocaleUpdate@@QEAA@PEAUlocaleinfo_struct@@@Z 0000000180006de0 f i LIBCMTD:cvt.obj
 0001:00005f20       ??1_LocaleUpdate@@QEAA@XZ  0000000180006f20 f i LIBCMTD:cvt.obj
 0001:00005f60       ?GetLocaleT@_LocaleUpdate@@QEAAPEAUlocaleinfo_struct@@XZ 0000000180006f60 f i LIBCMTD:cvt.obj
 0001:00005f70       ?strrchr@@YAPEADPEADH@Z    0000000180006f70 f i LIBCMTD:cvt.obj
 0001:00005f90       _cfltcvt                   0000000180006f90 f   LIBCMTD:cvt.obj
 0001:00005fe0       _cfltcvt_l                 0000000180006fe0 f   LIBCMTD:cvt.obj
 0001:00006100       _cftoa_l                   0000000180007100 f   LIBCMTD:cvt.obj
 0001:00006c00       _cftoe                     0000000180007c00 f   LIBCMTD:cvt.obj
 0001:00007220       _cftoe_l                   0000000180008220 f   LIBCMTD:cvt.obj
 0001:00007920       _cftof_l                   0000000180008920 f   LIBCMTD:cvt.obj
 0001:00007c00       _cftog_l                   0000000180008c00 f   LIBCMTD:cvt.obj
 0001:00007fc0       _cropzeros                 0000000180008fc0 f   LIBCMTD:cvt.obj
 0001:00007fe0       _cropzeros_l               0000000180008fe0 f   LIBCMTD:cvt.obj
 0001:00008160       _fassign                   0000000180009160 f   LIBCMTD:cvt.obj
 0001:00008190       _fassign_l                 0000000180009190 f   LIBCMTD:cvt.obj
 0001:00008200       _forcdecpt                 0000000180009200 f   LIBCMTD:cvt.obj
 0001:00008220       _forcdecpt_l               0000000180009220 f   LIBCMTD:cvt.obj
 0001:00008320       _invoke_watson_if_error    0000000180009320 f i LIBCMTD:cvt.obj
 0001:00008370       _positive                  0000000180009370 f   LIBCMTD:cvt.obj
 0001:00008400       _initp_misc_cfltcvt_tab    0000000180009400 f   LIBCMTD:cmiscdat.obj
 0001:00008450       _XcptFilter                0000000180009450 f   LIBCMTD:winxfltr.obj
 0001:000086f0       __CppXcptFilter            00000001800096f0 f   LIBCMTD:winxfltr.obj
 0001:000087b0       _freefls                   00000001800097b0 f   LIBCMTD:tidtable.obj
 0001:000089c0       _freeptd                   00000001800099c0 f   LIBCMTD:tidtable.obj
 0001:00008a10       _getptd                    0000000180009a10 f   LIBCMTD:tidtable.obj
 0001:00008a40       _getptd_noexit             0000000180009a40 f   LIBCMTD:tidtable.obj
 0001:00008b10       _initptd                   0000000180009b10 f   LIBCMTD:tidtable.obj
 0001:00008c40       _mtinit                    0000000180009c40 f   LIBCMTD:tidtable.obj
 0001:00008d00       _mtterm                    0000000180009d00 f   LIBCMTD:tidtable.obj
 0001:00008d30       __crtCorExitProcess        0000000180009d30 f   LIBCMTD:crt0dat.obj
 0001:00008d80       __crtExitProcess           0000000180009d80 f   LIBCMTD:crt0dat.obj
 0001:00008da0       __freeCrtMemory            0000000180009da0 f   LIBCMTD:crt0dat.obj
 0001:00008fd0       _amsg_exit                 0000000180009fd0 f   LIBCMTD:crt0dat.obj
 0001:00009000       _cexit                     000000018000a000 f   LIBCMTD:crt0dat.obj
 0001:00009020       _cinit                     000000018000a020 f   LIBCMTD:crt0dat.obj
 0001:000090d0       _exit                      000000018000a0d0 f   LIBCMTD:crt0dat.obj
 0001:000090f0       _init_pointers             000000018000a0f0 f   LIBCMTD:crt0dat.obj
 0001:000091a0       _initterm_e                000000018000a1a0 f   LIBCMTD:crt0dat.obj
 0001:00009200       _lockexit                  000000018000a200 f   LIBCMTD:crt0dat.obj
 0001:00009220       _unlockexit                000000018000a220 f   LIBCMTD:crt0dat.obj
 0001:00009450       _heap_init                 000000018000a450 f   LIBCMTD:heapinit.obj
 0001:00009480       _heap_term                 000000018000a480 f   LIBCMTD:heapinit.obj
 0001:00009490       _ioinit                    000000018000a490 f   LIBCMTD:ioinit.obj
 0001:00009a70       _ioterm                    000000018000aa70 f   LIBCMTD:ioinit.obj
 0001:00009b50       _set_pgmptr                000000018000ab50 f i LIBCMTD:stdargv.obj
 0001:00009b70       _setargv                   000000018000ab70 f   LIBCMTD:stdargv.obj
 0001:0000a1d0       _setenvp                   000000018000b1d0 f   LIBCMTD:stdenvp.obj
 0001:0000a910       _CrtCheckMemory            000000018000b910 f   LIBCMTD:dbgheap.obj
 0001:0000aeb0       _CrtDumpMemoryLeaks        000000018000beb0 f   LIBCMTD:dbgheap.obj
 0001:0000af70       _CrtGetCheckCount          000000018000bf70 f   LIBCMTD:dbgheap.obj
 0001:0000af80       _CrtIsValidHeapPointer     000000018000bf80 f   LIBCMTD:dbgheap.obj
 0001:0000afe0       _CrtIsValidPointer         000000018000bfe0 f   LIBCMTD:dbgheap.obj
 0001:0000b020       _CrtMemCheckpoint          000000018000c020 f   LIBCMTD:dbgheap.obj
 0001:0000b2b0       _CrtMemDumpAllObjectsSince 000000018000c2b0 f   LIBCMTD:dbgheap.obj
 0001:0000b300       _CrtSetCheckCount          000000018000c300 f   LIBCMTD:dbgheap.obj
 0001:0000b320       _CrtSetDbgFlag             000000018000c320 f   LIBCMTD:dbgheap.obj
 0001:0000b460       _CrtSetDumpClient          000000018000c460 f   LIBCMTD:dbgheap.obj
 0001:0000b490       _calloc_dbg                000000018000c490 f   LIBCMTD:dbgheap.obj
 0001:0000b510       _calloc_dbg_impl           000000018000c510 f   LIBCMTD:dbgheap.obj
 0001:0000b5c0       _free_dbg                  000000018000c5c0 f   LIBCMTD:dbgheap.obj
 0001:0000b600       _free_dbg_nolock           000000018000c600 f   LIBCMTD:dbgheap.obj
 0001:0000c190       _invoke_watson_if_oneof    000000018000d190 f i LIBCMTD:dbgheap.obj
 0001:0000c200       _malloc_dbg                000000018000d200 f   LIBCMTD:dbgheap.obj
 0001:0000c250       _msize_dbg                 000000018000d250 f   LIBCMTD:dbgheap.obj
 0001:0000c4a0       _nh_malloc_dbg             000000018000d4a0 f   LIBCMTD:dbgheap.obj
 0001:0000c830       _realloc_dbg               000000018000d830 f   LIBCMTD:dbgheap.obj
 0001:0000d1a0       __security_init_cookie     000000018000e1a0 f   LIBCMTD:gs_support.obj
 0001:0000d2c0       DllMain                    000000018000e2c0 f   LIBCMTD:dllmain.obj
 0001:0000d2e0       __crtGetEnvironmentStringsA 000000018000e2e0 f   LIBCMTD:a_env.obj
 0001:0000d4c0       __crtCaptureCurrentContext 000000018000e4c0 f   LIBCMTD:winapisupp.obj
 0001:0000d560       __crtCapturePreviousContext 000000018000e560 f   LIBCMTD:winapisupp.obj
 0001:0000d620       __crtFlsAlloc              000000018000e620 f   LIBCMTD:winapisupp.obj
 0001:0000d670       __crtFlsFree               000000018000e670 f   LIBCMTD:winapisupp.obj
 0001:0000d6c0       __crtFlsGetValue           000000018000e6c0 f   LIBCMTD:winapisupp.obj
 0001:0000d710       __crtFlsSetValue           000000018000e710 f   LIBCMTD:winapisupp.obj
 0001:0000d770       __crtInitializeCriticalSectionEx 000000018000e770 f   LIBCMTD:winapisupp.obj
 0001:0000d7e0       __crtIsPackagedApp         000000018000e7e0 f   LIBCMTD:winapisupp.obj
 0001:0000d820       __crtLoadWinApiPointers    000000018000e820 f   LIBCMTD:winapisupp.obj
 0001:0000de10       __crtTerminateProcess      000000018000ee10 f   LIBCMTD:winapisupp.obj
 0001:0000de30       __crtUnhandledException    000000018000ee30 f   LIBCMTD:winapisupp.obj
 0001:0000de60       _RTC_Initialize            000000018000ee60 f   LIBCMTD:initsect.obj
 0001:0000dea0       _RTC_Terminate             000000018000eea0 f   LIBCMTD:initsect.obj
 0001:0000dee0       __C_specific_handler       000000018000eee0 f   LIBCMTD:chandler.obj
 0001:0000e310       _get_fpsr                  000000018000f310 f   LIBCMTD:fpsr.obj
 0001:0000e320       _set_fpsr                  000000018000f320 f   LIBCMTD:fpsr.obj
 0001:0000e32a       _fclrf                     000000018000f32a f   LIBCMTD:fpsr.obj
 0001:0000e33e       _frnd                      000000018000f33e f   LIBCMTD:fpsr.obj
 0001:0000e360       _raise_exc_ex              000000018000f360 f   LIBCMTD:fpexcept.obj
 0001:0000e9e0       _raise_excf                000000018000f9e0 f   LIBCMTD:fpexcept.obj
 0001:0000ea40       _set_errno_from_matherr    000000018000fa40 f   LIBCMTD:fpexcept.obj
 0001:0000ea90       _matherr                   000000018000fa90 f   LIBCMTD:matherr.obj
 0001:0000eaa0       _CrtDefaultAllocHook       000000018000faa0 f   LIBCMTD:dbghook.obj
 0001:0000eac0       __crt_debugger_hook        000000018000fac0 f   LIBCMTD:dbghook.obj
 0001:0000ead0       _call_reportfault          000000018000fad0 f   LIBCMTD:invarg.obj
 0001:0000ec00       _initp_misc_invarg         000000018000fc00 f   LIBCMTD:invarg.obj
 0001:0000ec20       _invalid_parameter         000000018000fc20 f   LIBCMTD:invarg.obj
 0001:0000ecb0       _invoke_watson             000000018000fcb0 f   LIBCMTD:invarg.obj
 0001:0000ed10       __addlocaleref             000000018000fd10 f   LIBCMTD:localref.obj
 0001:0000ee60       __freetlocinfo             000000018000fe60 f   LIBCMTD:localref.obj
 0001:0000f210       __removelocaleref          0000000180010210 f   LIBCMTD:localref.obj
 0001:0000f370       __updatetlocinfo           0000000180010370 f   LIBCMTD:localref.obj
 0001:0000f410       _updatetlocinfoEx_nolock   0000000180010410 f   LIBCMTD:localref.obj
 0001:0000f4b0       __initmbctable             00000001800104b0 f   LIBCMTD:mbctype.obj
 0001:0000fb40       __updatetmbcinfo           0000000180010b40 f   LIBCMTD:mbctype.obj
 0001:0000fc50       _setmbcp                   0000000180010c50 f   LIBCMTD:mbctype.obj
 0001:0000ff40       _setmbcp_nolock            0000000180010f40 f   LIBCMTD:mbctype.obj
 0001:00010390       _isdigit_l                 0000000180011390 f i LIBCMTD:_ctype.obj
 0001:00010430       isdigit                    0000000180011430 f i LIBCMTD:_ctype.obj
 0001:00010470       _tolower_l                 0000000180011470 f   LIBCMTD:tolower.obj
 0001:000107d0       tolower                    00000001800117d0 f   LIBCMTD:tolower.obj
 0001:00010830       memset                     0000000180011830 f   LIBCMTD:memset.obj
 0001:00010a60       strcpy_s                   0000000180011a60 f   LIBCMTD:strcpy_s.obj
 0001:00010f10       strlen                     0000000180011f10 f   LIBCMTD:strlen.obj
 0001:00010fd0       memmove                    0000000180011fd0 f   LIBCMTD:memcpy.obj
 0001:00010fd0       memcpy                     0000000180011fd0 f   LIBCMTD:memcpy.obj
 0001:00011540       strrchr                    0000000180012540 f   LIBCMTD:strrchr.obj
 0001:00011960       _fptostr                   0000000180012960 f   LIBCMTD:_fptostr.obj
 0001:00011dc0       __crt_atoflt_l             0000000180012dc0 f   LIBCMTD:atodbl.obj
 0001:00011f60       _atodbl_l                  0000000180012f60 f   LIBCMTD:atodbl.obj
 0001:000120e0       _atoflt_l                  00000001800130e0 f   LIBCMTD:atodbl.obj
 0001:00012110       __dtold                    0000000180013110 f   LIBCMTD:cfout.obj
 0001:000122c0       _fltout2                   00000001800132c0 f   LIBCMTD:cfout.obj
 0001:000123d0       __doserrno                 00000001800133d0 f   LIBCMTD:dosmap.obj
 0001:00012400       _dosmaperr                 0000000180013400 f   LIBCMTD:dosmap.obj
 0001:00012430       _errno                     0000000180013430 f   LIBCMTD:dosmap.obj
 0001:00012460       _get_errno_from_oserr      0000000180013460 f   LIBCMTD:dosmap.obj
 0001:000124f0       _CrtDbgReportW             00000001800134f0 f   LIBCMTD:dbgrptw.obj
 0001:00012570       _CrtDbgReportWV            0000000180013570 f i LIBCMTD:dbgrptw.obj
 0001:000125d0       __crtMessageWindowW        00000001800135d0 f   LIBCMTD:dbgrptw.obj
 0001:00012c50       _fptrap                    0000000180013c50 f   LIBCMTD:crt0fp.obj
 0001:00012c70       _lock                      0000000180013c70 f   LIBCMTD:mlock.obj
 0001:00012cd0       _mtdeletelocks             0000000180013cd0 f   LIBCMTD:mlock.obj
 0001:00012df0       _mtinitlocknum             0000000180013df0 f   LIBCMTD:mlock.obj
 0001:00012ef0       _mtinitlocks               0000000180013ef0 f   LIBCMTD:mlock.obj
 0001:00012f90       _unlock                    0000000180013f90 f   LIBCMTD:mlock.obj
 0001:00012fc0       _FF_MSGBANNER              0000000180013fc0 f   LIBCMTD:crt0msg.obj
 0001:00013010       _GET_RTERRMSG              0000000180014010 f   LIBCMTD:crt0msg.obj
 0001:00013070       _NMSG_WRITE                0000000180014070 f   LIBCMTD:crt0msg.obj
 0001:000134a0       _FindPESection             00000001800144a0 f   LIBCMTD:pesect.obj
 0001:00013550       _IsNonwritableInCurrentImage 0000000180014550 f   LIBCMTD:pesect.obj
 0001:000135e0       _ValidateImageBase         00000001800145e0 f   LIBCMTD:pesect.obj
 0001:00013660       __onexitinit               0000000180014660 f   LIBCMTD:onexit.obj
 0001:000136d0       _onexit                    00000001800146d0 f   LIBCMTD:onexit.obj
 0001:000138e0       atexit                     00000001800148e0 f   LIBCMTD:onexit.obj
 0001:00013920       ?_inconsistency@@YAXXZ     0000000180014920 f   LIBCMTD:hooks.obj
 0001:00013950       ?terminate@@YAXXZ          0000000180014950 f   LIBCMTD:hooks.obj
 0001:00013980       _initp_eh_hooks            0000000180014980 f   LIBCMTD:hooks.obj
 0001:000139b0       _callnewh                  00000001800149b0 f   LIBCMTD:handler.obj
 0001:000139f0       _initp_heap_handler        00000001800149f0 f   LIBCMTD:handler.obj
 0001:00013a10       _initp_misc_purevirt       0000000180014a10 f   LIBCMTD:inithelp.obj
 0001:00013a30       __get_sigabrt              0000000180014a30 f   LIBCMTD:winsig.obj
 0001:00013a50       _initp_misc_winsig         0000000180014a50 f   LIBCMTD:winsig.obj
 0001:00013a90       raise                      0000000180014a90 f   LIBCMTD:winsig.obj
 0001:00013f00       _initp_misc_rand_s         0000000180014f00 f   LIBCMTD:rand_s.obj
 0001:00013f30       _local_unwind              0000000180014f30 f   LIBCMTD:jmpuwind.obj
 0001:00013f60       _NLG_Notify                0000000180014f60 f   LIBCMTD:jmpuwind.obj
 0001:00013f80       __NLG_Dispatch2            0000000180014f80 f   LIBCMTD:jmpuwind.obj
 0001:00013f90       __NLG_Return2              0000000180014f90 f   LIBCMTD:jmpuwind.obj
 0001:00013fa0       __initstdio                0000000180014fa0 f   LIBCMTD:_file.obj
 0001:000140a0       __endstdio                 00000001800150a0 f   LIBCMTD:_file.obj
 0001:000140e0       __iob_func                 00000001800150e0 f   LIBCMTD:_file.obj
 0001:000140f0       _lock_file                 00000001800150f0 f   LIBCMTD:_file.obj
 0001:00014180       _lock_file2                0000000180015180 f   LIBCMTD:_file.obj
 0001:000141d0       _unlock_file               00000001800151d0 f   LIBCMTD:_file.obj
 0001:00014260       _unlock_file2              0000000180015260 f   LIBCMTD:_file.obj
 0001:00014380       _ismbblead                 0000000180015380 f   LIBCMTD:ismbbyte.obj
 0001:000143b0       _chvalidator               00000001800153b0 f   LIBCMTD:isctype.obj
 0001:00014420       _chvalidator_l             0000000180015420 f   LIBCMTD:isctype.obj
 0001:00014530       _isctype_l                 0000000180015530 f   LIBCMTD:isctype.obj
 0001:00014710       _free_base                 0000000180015710 f   LIBCMTD:free.obj
 0001:00014770       _realloc_base              0000000180015770 f   LIBCMTD:realloc.obj
 0001:00014890       _expand_base               0000000180015890 f   LIBCMTD:expand.obj
 0001:00014a70       _CrtDbgReport              0000000180015a70 f   LIBCMTD:dbgrpt.obj
 0001:00014af0       _CrtDbgReportV             0000000180015af0 f i LIBCMTD:dbgrpt.obj
 0001:00014b50       __crtMessageWindowA        0000000180015b50 f   LIBCMTD:dbgrpt.obj
 0001:000151d0       _heapchk                   00000001800161d0 f   LIBCMTD:heapchk.obj
 0001:00015210       _snprintf_s                0000000180016210 f   LIBCMTD:sprintf.obj
 0001:00015270       sprintf_s                  0000000180016270 f   LIBCMTD:sprintf.obj
 0001:000152c0       _heap_alloc_base           00000001800162c0 f i LIBCMTD:malloc.obj
 0001:00015330       _malloc_base               0000000180016330 f   LIBCMTD:malloc.obj
 0001:000153d0       __free_lconv_mon           00000001800163d0 f   LIBCMTD:initmon.obj
 0001:000155e0       __free_lconv_num           00000001800165e0 f   LIBCMTD:initnum.obj
 0001:000156c0       __free_lc_time             00000001800166c0 f   LIBCMTD:inittime.obj
 0001:00016600       _MallocaIsSizeInRange      0000000180017600 f i LIBCMTD:a_map.obj
 0001:00016640       _MarkAllocaS               0000000180017640 f i LIBCMTD:a_map.obj
 0001:00016670       __crtLCMapStringA          0000000180017670 f   LIBCMTD:a_map.obj
 0001:00016720       _freea                     0000000180017720 f i LIBCMTD:a_map.obj
 0001:00016970       __crtGetStringTypeA        0000000180017970 f   LIBCMTD:a_str.obj
 0001:00016a90       ?_GetEstablisherFrame@@YAPEA_KPEA_KPEAU_xDISPATCHER_CONTEXT@@PEBU_s_FuncInfo@@0@Z 0000000180017a90 f   LIBCMTD:trnsctrl.obj
 0001:00016c00       ?_GetRangeOfTrysToCheck@@YAPEBU_s_TryBlockMapEntry@@PEA_KPEBU_s_FuncInfo@@HHPEAI2PEAU_xDISPATCHER_CONTEXT@@@Z 0000000180017c00 f   LIBCMTD:trnsctrl.obj
 0001:00016e20       ?__FrameUnwindToEmptyState@@YAXPEA_KPEAU_xDISPATCHER_CONTEXT@@PEBU_s_FuncInfo@@@Z 0000000180017e20 f   LIBCMTD:trnsctrl.obj
 0001:00016ec0       ?__SehTransFilter@@YAHPEAU_EXCEPTION_POINTERS@@PEAUEHExceptionRecord@@PEA_KPEAU_CONTEXT@@PEAU_xDISPATCHER_CONTEXT@@PEBU_s_FuncInfo@@PEAH@Z 0000000180017ec0 f   LIBCMTD:trnsctrl.obj
 0001:00016f80       _CallSETranslator          0000000180017f80 f   LIBCMTD:trnsctrl.obj
 0001:00017000       _CreateFrameInfo           0000000180018000 f   LIBCMTD:trnsctrl.obj
 0001:00017080       _FindAndUnlinkFrame        0000000180018080 f   LIBCMTD:trnsctrl.obj
 0001:00017110       _GetImageBase              0000000180018110 f   LIBCMTD:trnsctrl.obj
 0001:00017130       _GetThrowImageBase         0000000180018130 f   LIBCMTD:trnsctrl.obj
 0001:00017150       _IsExceptionObjectToBeDestroyed 0000000180018150 f   LIBCMTD:trnsctrl.obj
 0001:000171b0       _SetImageBase              00000001800181b0 f   LIBCMTD:trnsctrl.obj
 0001:000171d0       _SetThrowImageBase         00000001800181d0 f   LIBCMTD:trnsctrl.obj
 0001:000171f0       _UnwindNestedFrames        00000001800181f0 f   LIBCMTD:trnsctrl.obj
 0001:00017360       __CxxFrameHandler3         0000000180018360 f   LIBCMTD:trnsctrl.obj
 0001:00017420       _locterm                   0000000180018420 f   LIBCMTD:wsetloca.obj
 0001:00017470       _isleadbyte_l              0000000180018470 f i LIBCMTD:_wctype.obj
 0001:000174d0       isleadbyte                 00000001800184d0 f i LIBCMTD:_wctype.obj
 0001:000174f0       __isa_available_init       00000001800184f0 f   LIBCMTD:cpu_disp.obj
 0001:00017830       _CopyMan                   0000000180018830 f i LIBCMTD:intrncvt.obj
 0001:000178a0       _FillZeroMan               00000001800188a0 f i LIBCMTD:intrncvt.obj
 0001:000178e0       _IncMan                    00000001800188e0 f i LIBCMTD:intrncvt.obj
 0001:000179c0       _IsZeroMan                 00000001800189c0 f i LIBCMTD:intrncvt.obj
 0001:00017a00       _RoundMan                  0000000180018a00 f i LIBCMTD:intrncvt.obj
 0001:00017b10       _ShrMan                    0000000180018b10 f i LIBCMTD:intrncvt.obj
 0001:00017c50       _ZeroTail                  0000000180018c50 f i LIBCMTD:intrncvt.obj
 0001:00017d00       __addl                     0000000180018d00 f i LIBCMTD:intrncvt.obj
 0001:00017d60       _ld12cvt                   0000000180018d60 f i LIBCMTD:intrncvt.obj
 0001:000180d0       _ld12tod                   00000001800190d0 f   LIBCMTD:intrncvt.obj
 0001:00018100       _ld12tof                   0000000180019100 f   LIBCMTD:intrncvt.obj
 0001:00018130       __ld12mul                  0000000180019130 f i LIBCMTD:strgtold.obj
 0001:000186a0       __multtenpow12             00000001800196a0 f i LIBCMTD:strgtold.obj
 0001:000187d0       __shl_12                   00000001800197d0 f i LIBCMTD:strgtold.obj
 0001:00018870       __shr_12                   0000000180019870 f i LIBCMTD:strgtold.obj
 0001:00018910       __strgtold12_l             0000000180019910 f   LIBCMTD:strgtold.obj
 0001:000196f0       $I10_OUTPUT                000000018001a6f0 f   LIBCMTD:x10fout.obj
 0001:00019fb0       __add_12                   000000018001afb0 f i LIBCMTD:x10fout.obj
 0001:0001a090       memcpy_s                   000000018001b090 f   LIBCMTD:memcpy_s.obj
 0001:0001a300       wcscpy_s                   000000018001b300 f   LIBCMTD:wcscpy_s.obj
 0001:0001a7b0       wcslen                     000000018001b7b0 f   LIBCMTD:wcslen.obj
 0001:0001a800       _snwprintf_s               000000018001b800 f   LIBCMTD:swprintf.obj
 0001:0001a860       __crtMessageBoxW           000000018001b860 f   LIBCMTD:crtmboxw.obj
 0001:0001acd0       __crtMessageBoxWaitThreadW 000000018001bcd0 f   LIBCMTD:crtmboxw.obj
 0001:0001ad20       _CrtDbgBreak               000000018001bd20 f   LIBCMTD:dbgrptt.obj
 0001:0001ad30       _VCrtDbgReportA            000000018001bd30 f   LIBCMTD:dbgrptt.obj
 0001:0001b700       _VCrtDbgReportW            000000018001c700 f   LIBCMTD:dbgrptt.obj
 0001:0001c250       _alloca_probe              000000018001d250 f   LIBCMTD:chkstk.obj
 0001:0001c250       __chkstk                   000000018001d250 f   LIBCMTD:chkstk.obj
 0001:0001c2a0       wcscat_s                   000000018001d2a0 f   LIBCMTD:wcscat_s.obj
 0001:0001c8d0       wcsncpy_s                  000000018001d8d0 f   LIBCMTD:wcsncpy_s.obj
 0001:0001cf70       _set_error_mode            000000018001df70 f   LIBCMTD:errmode.obj
 0001:0001d080       abort                      000000018001e080 f   LIBCMTD:abort.obj
 0001:0001d110       GetTableIndexFromLocaleName 000000018001e110 f   LIBCMTD:winapinls.obj
 0001:0001d1c0       __crtDownlevelLocaleNameToLCID 000000018001e1c0 f   LIBCMTD:winapinls.obj
 0001:0001d220       __crtLCMapStringEx         000000018001e220 f   LIBCMTD:winapinls.obj
 0001:0001d300       __wcsnicmp_ascii           000000018001e300 f   LIBCMTD:winapinls.obj
 0001:0001d410       _fileno                    000000018001e410 f   LIBCMTD:fileno.obj
 0001:0001d4d0       _isatty                    000000018001e4d0 f   LIBCMTD:isatty.obj
 0001:0001d5e0       _fflush_nolock             000000018001e5e0 f   LIBCMTD:fflush.obj
 0001:0001d660       _flush                     000000018001e660 f   LIBCMTD:fflush.obj
 0001:0001d750       _flushall                  000000018001e750 f   LIBCMTD:fflush.obj
 0001:0001d8e0       _fcloseall                 000000018001e8e0 f   LIBCMTD:closeall.obj
 0001:0001d9e0       _flsbuf                    000000018001e9e0 f   LIBCMTD:_flsbuf.obj
 0001:0001dd80       _vsnprintf_helper          000000018001ed80 f   LIBCMTD:vsnprnc.obj
 0001:0001e060       _vsnprintf_s               000000018001f060 f   LIBCMTD:vsnprnc.obj
 0001:0001e0b0       _vsnprintf_s_l             000000018001f0b0 f   LIBCMTD:vsnprnc.obj
 0001:0001e650       _vsprintf_s_l              000000018001f650 f   LIBCMTD:vsnprnc.obj
 0001:0001e9e0       get_int64_arg              000000018001f9e0 f i LIBCMTD:output.obj
 0001:0001ea50       get_int_arg                000000018001fa50 f i LIBCMTD:output.obj
 0001:0001eab0       get_short_arg              000000018001fab0 f i LIBCMTD:output.obj
 0001:0001eb20       free                       000000018001fb20 f   LIBCMTD:dbgfree.obj
 0001:0001eb40       malloc                     000000018001fb40 f   LIBCMTD:dbgmalloc.obj
 0001:0001eb80       __DestructExceptionObject  000000018001fb80 f   LIBCMTD:frame.obj
 0001:0001ec70       ??0bad_exception@std@@QEAA@AEBV01@@Z 000000018001fc70 f i LIBCMTD:frame.obj
 0001:0001ecb0       ??0bad_exception@std@@QEAA@PEBD@Z 000000018001fcb0 f i LIBCMTD:frame.obj
 0001:0001ecf0       ??1bad_exception@std@@UEAA@XZ 000000018001fcf0 f i LIBCMTD:frame.obj
 0001:0001ed20       ??_Gbad_exception@std@@UEAAPEAXI@Z 000000018001fd20 f i LIBCMTD:frame.obj
 0001:0001ed20       ??_Ebad_exception@std@@UEAAPEAXI@Z 000000018001fd20 f i LIBCMTD:frame.obj
 0001:0001fcf0       __AdjustPointer            0000000180020cf0 f   LIBCMTD:frame.obj
 0001:0001fd70       __BuildCatchObject         0000000180020d70 f   LIBCMTD:frame.obj
 0001:0001feb0       __BuildCatchObjectHelper   0000000180020eb0 f   LIBCMTD:frame.obj
 0001:000202e0       __CxxCallCatchBlock        00000001800212e0 f   LIBCMTD:frame.obj
 0001:00020550       __FrameUnwindFilter        0000000180021550 f   LIBCMTD:frame.obj
 0001:000205e0       __FrameUnwindToState       00000001800215e0 f   LIBCMTD:frame.obj
 0001:00020840       __InternalCxxFrameHandler  0000000180021840 f   LIBCMTD:frame.obj
 0001:00020c60       __TypeMatch                0000000180021c60 f   LIBCMTD:frame.obj
 0001:00020e50       ?__GetCurrentState@@YAHPEA_KPEAU_xDISPATCHER_CONTEXT@@PEBU_s_FuncInfo@@@Z 0000000180021e50 f   LIBCMTD:ehstate.obj
 0001:00020eb0       ?__GetUnwindTryBlock@@YAHPEA_KPEAU_xDISPATCHER_CONTEXT@@PEBU_s_FuncInfo@@@Z 0000000180021eb0 f   LIBCMTD:ehstate.obj
 0001:00020f00       ?__SetState@@YAXPEA_KPEAU_xDISPATCHER_CONTEXT@@PEBU_s_FuncInfo@@H@Z 0000000180021f00 f   LIBCMTD:ehstate.obj
 0001:00020f30       ?__SetUnwindTryBlock@@YAXPEA_KPEAU_xDISPATCHER_CONTEXT@@PEBU_s_FuncInfo@@H@Z 0000000180021f30 f   LIBCMTD:ehstate.obj
 0001:00020fa0       ?__StateFromControlPc@@YAHPEBU_s_FuncInfo@@PEAU_xDISPATCHER_CONTEXT@@@Z 0000000180021fa0 f   LIBCMTD:ehstate.obj
 0001:00020fd0       ?__StateFromIp@@YAHPEBU_s_FuncInfo@@PEAU_xDISPATCHER_CONTEXT@@_J@Z 0000000180021fd0 f   LIBCMTD:ehstate.obj
 0001:000210c0       memcmp                     00000001800220c0 f   LIBCMTD:memcmp.obj
 0001:00021190       __mtold12                  0000000180022190 f   LIBCMTD:mantold.obj
 0001:00021320       _vsnwprintf_s              0000000180022320 f   LIBCMTD:vswprnc.obj
 0001:00021370       _vsnwprintf_s_l            0000000180022370 f   LIBCMTD:vswprnc.obj
 0001:00021920       _vswprintf_helper          0000000180022920 f   LIBCMTD:vswprnc.obj
 0001:00021c70       strcat_s                   0000000180022c70 f   LIBCMTD:strcat_s.obj
 0001:00022280       _itoa_s                    0000000180023280 f   LIBCMTD:xtoas.obj
 0001:000228b0       _mbstowcs_l_helper         00000001800238b0 f   LIBCMTD:mbstowcs.obj
 0001:00022e20       _mbstowcs_s_l              0000000180023e20 f   LIBCMTD:mbstowcs.obj
 0001:000233b0       mbstowcs_s                 00000001800243b0 f   LIBCMTD:mbstowcs.obj
 0001:00023490       _wcstombs_l_helper         0000000180024490 f   LIBCMTD:wcstombs.obj
 0001:00023ca0       _wcstombs_s_l              0000000180024ca0 f   LIBCMTD:wcstombs.obj
 0001:000241a0       wcstombs_s                 00000001800251a0 f   LIBCMTD:wcstombs.obj
 0001:000241f0       _itow_s                    00000001800251f0 f   LIBCMTD:xtows.obj
 0001:00024840       __GSHandlerCheck_SEH       0000000180025840 f   LIBCMTD:gshandlerseh.obj
 0001:00024900       _commit                    0000000180025900 f   LIBCMTD:commit.obj
 0001:00024b90       _write                     0000000180025b90 f   LIBCMTD:write.obj
 0001:00024e30       _write_nolock              0000000180025e30 f   LIBCMTD:write.obj
 0001:00025f70       _fclose_nolock             0000000180026f70 f   LIBCMTD:fclose.obj
 0001:000260c0       fclose                     00000001800270c0 f   LIBCMTD:fclose.obj
 0001:000261c0       _lseeki64                  00000001800271c0 f   LIBCMTD:lseeki64.obj
 0001:00026470       _lseeki64_nolock           0000000180027470 f   LIBCMTD:lseeki64.obj
 0001:00026590       _getbuf                    0000000180027590 f   LIBCMTD:_getbuf.obj
 0001:000266a0       _output_s_l                00000001800276a0 f   LIBCMTD:outputs.obj
 0001:00028280       _get_printf_count_output   0000000180029280 f   LIBCMTD:printf.obj
 0001:000282b0       _wctomb_s_l                00000001800292b0 f   LIBCMTD:wctomb.obj
 0001:00028750       wctomb_s                   0000000180029750 f   LIBCMTD:wctomb.obj
 0001:000287a0       ??3@YAXPEAX@Z              00000001800297a0 f   LIBCMTD:dbgdel.obj
 0001:00028880       strcmp                     0000000180029880 f   LIBCMTD:strcmp.obj
 0001:000288f0       ?_ValidateExecute@@YAHP6A_JXZ@Z 00000001800298f0 f   LIBCMTD:validate.obj
 0001:00028920       ?_ValidateRead@@YAHPEBXI@Z 0000000180029920 f   LIBCMTD:validate.obj
 0001:00028950       ?_ValidateWrite@@YAHPEAXI@Z 0000000180029950 f   LIBCMTD:validate.obj
 0001:00028990       _CallSettingFrame          0000000180029990 f   LIBCMTD:handlers.obj
 0001:000289d0       _GetNextInstrOffset        00000001800299d0 f   LIBCMTD:handlers.obj
 0001:000289e0       ??1type_info@@UEAA@XZ      00000001800299e0 f   LIBCMTD:typinfo.obj
 0001:00028a10       ??8type_info@@QEBA_NAEBV0@@Z 0000000180029a10 f   LIBCMTD:typinfo.obj
 0001:00028a60       ??_Gtype_info@@UEAAPEAXI@Z 0000000180029a60 f i LIBCMTD:typinfo.obj
 0001:00028a60       ??_Etype_info@@UEAAPEAXI@Z 0000000180029a60 f i LIBCMTD:typinfo.obj
 0001:00028aa0       ??0exception@std@@QEAA@AEBQEBD@Z 0000000180029aa0 f   LIBCMTD:stdexcpt.obj
 0001:00028af0       ??0exception@std@@QEAA@AEBV01@@Z 0000000180029af0 f   LIBCMTD:stdexcpt.obj
 0001:00028b40       ??1exception@std@@UEAA@XZ  0000000180029b40 f   LIBCMTD:stdexcpt.obj
 0001:00028b70       ??4exception@std@@QEAAAEAV01@AEBV01@@Z 0000000180029b70 f   LIBCMTD:stdexcpt.obj
 0001:00028be0       ??_Eexception@std@@UEAAPEAXI@Z 0000000180029be0 f i LIBCMTD:stdexcpt.obj
 0001:00028be0       ??_Gexception@std@@UEAAPEAXI@Z 0000000180029be0 f i LIBCMTD:stdexcpt.obj
 0001:00028c20       ?_Copy_str@exception@std@@AEAAXPEBD@Z 0000000180029c20 f   LIBCMTD:stdexcpt.obj
 0001:00028c90       ?_Tidy@exception@std@@AEAAXXZ 0000000180029c90 f   LIBCMTD:stdexcpt.obj
 0001:00028cd0       ?what@exception@std@@UEBAPEBDXZ 0000000180029cd0 f   LIBCMTD:stdexcpt.obj
 0001:00028d10       _CxxThrowException         0000000180029d10 f   LIBCMTD:throw.obj
 0001:00028e30       _woutput_s_l               0000000180029e30 f   LIBCMTD:woutputs.obj
 0001:0002a720       _fputwc_nolock             000000018002b720 f   LIBCMTD:fputwc.obj
 0001:0002ab80       _mbtowc_l                  000000018002bb80 f   LIBCMTD:mbtowc.obj
 0001:0002aec0       mbtowc                     000000018002bec0 f   LIBCMTD:mbtowc.obj
 0001:0002aef0       __lock_fhandle             000000018002bef0 f   LIBCMTD:osfinfo.obj
 0001:0002afc0       _free_osfhnd               000000018002bfc0 f   LIBCMTD:osfinfo.obj
 0001:0002b0f0       _get_osfhandle             000000018002c0f0 f   LIBCMTD:osfinfo.obj
 0001:0002b2f0       _unlock_fhandle            000000018002c2f0 f   LIBCMTD:osfinfo.obj
 0001:0002b330       _putwch_nolock             000000018002c330 f   LIBCMTD:putwch.obj
 0001:0002b3a0       _close                     000000018002c3a0 f   LIBCMTD:close.obj
 0001:0002b620       _close_nolock              000000018002c620 f   LIBCMTD:close.obj
 0001:0002b730       _freebuf                   000000018002c730 f   LIBCMTD:_freebuf.obj
 0001:0002b7f0       ?_Type_info_dtor@type_info@@CAXPEAV1@@Z 000000018002c7f0 f   LIBCMTD:typname.obj
 0001:0002b900       _flswbuf                   000000018002c900 f   LIBCMTD:_flswbuf.obj
 0001:0002bcb0       __termconout               000000018002ccb0 f   LIBCMTD:initcon.obj
 0001:0002bce0       __initconout               000000018002cce0 f   LIBCMTD:initcon.obj
 0001:0002bd30       IsProcessorFeaturePresent  000000018002cd30 f   kernel32:KERNEL32.dll
 0001:0002bd36       RtlUnwindEx                000000018002cd36 f   kernel32:KERNEL32.dll
 0002:00000000       __imp_GetCommandLineA      000000018002e000     kernel32:KERNEL32.dll
 0002:00000008       __imp_GetCurrentThreadId   000000018002e008     kernel32:KERNEL32.dll
 0002:00000010       __imp_IsDebuggerPresent    000000018002e010     kernel32:KERNEL32.dll
 0002:00000018       __imp_IsProcessorFeaturePresent 000000018002e018     kernel32:KERNEL32.dll
 0002:00000020       __imp_EncodePointer        000000018002e020     kernel32:KERNEL32.dll
 0002:00000028       __imp_GetLastError         000000018002e028     kernel32:KERNEL32.dll
 0002:00000030       __imp_SetLastError         000000018002e030     kernel32:KERNEL32.dll
 0002:00000038       __imp_DecodePointer        000000018002e038     kernel32:KERNEL32.dll
 0002:00000040       __imp_ExitProcess          000000018002e040     kernel32:KERNEL32.dll
 0002:00000048       __imp_GetModuleHandleExW   000000018002e048     kernel32:KERNEL32.dll
 0002:00000050       __imp_GetProcAddress       000000018002e050     kernel32:KERNEL32.dll
 0002:00000058       __imp_MultiByteToWideChar  000000018002e058     kernel32:KERNEL32.dll
 0002:00000060       __imp_WideCharToMultiByte  000000018002e060     kernel32:KERNEL32.dll
 0002:00000068       __imp_GetProcessHeap       000000018002e068     kernel32:KERNEL32.dll
 0002:00000070       __imp_GetStdHandle         000000018002e070     kernel32:KERNEL32.dll
 0002:00000078       __imp_GetFileType          000000018002e078     kernel32:KERNEL32.dll
 0002:00000080       __imp_DeleteCriticalSection 000000018002e080     kernel32:KERNEL32.dll
 0002:00000088       __imp_GetStartupInfoW      000000018002e088     kernel32:KERNEL32.dll
 0002:00000090       __imp_GetModuleFileNameA   000000018002e090     kernel32:KERNEL32.dll
 0002:00000098       __imp_HeapSize             000000018002e098     kernel32:KERNEL32.dll
 0002:000000a0       __imp_HeapValidate         000000018002e0a0     kernel32:KERNEL32.dll
 0002:000000a8       __imp_GetSystemInfo        000000018002e0a8     kernel32:KERNEL32.dll
 0002:000000b0       __imp_QueryPerformanceCounter 000000018002e0b0     kernel32:KERNEL32.dll
 0002:000000b8       __imp_GetCurrentProcessId  000000018002e0b8     kernel32:KERNEL32.dll
 0002:000000c0       __imp_GetSystemTimeAsFileTime 000000018002e0c0     kernel32:KERNEL32.dll
 0002:000000c8       __imp_GetEnvironmentStringsW 000000018002e0c8     kernel32:KERNEL32.dll
 0002:000000d0       __imp_FreeEnvironmentStringsW 000000018002e0d0     kernel32:KERNEL32.dll
 0002:000000d8       __imp_RtlCaptureContext    000000018002e0d8     kernel32:KERNEL32.dll
 0002:000000e0       __imp_RtlLookupFunctionEntry 000000018002e0e0     kernel32:KERNEL32.dll
 0002:000000e8       __imp_RtlVirtualUnwind     000000018002e0e8     kernel32:KERNEL32.dll
 0002:000000f0       __imp_UnhandledExceptionFilter 000000018002e0f0     kernel32:KERNEL32.dll
 0002:000000f8       __imp_SetUnhandledExceptionFilter 000000018002e0f8     kernel32:KERNEL32.dll
 0002:00000100       __imp_InitializeCriticalSectionAndSpinCount 000000018002e100     kernel32:KERNEL32.dll
 0002:00000108       __imp_GetCurrentProcess    000000018002e108     kernel32:KERNEL32.dll
 0002:00000110       __imp_TerminateProcess     000000018002e110     kernel32:KERNEL32.dll
 0002:00000118       __imp_TlsAlloc             000000018002e118     kernel32:KERNEL32.dll
 0002:00000120       __imp_TlsGetValue          000000018002e120     kernel32:KERNEL32.dll
 0002:00000128       __imp_TlsSetValue          000000018002e128     kernel32:KERNEL32.dll
 0002:00000130       __imp_TlsFree              000000018002e130     kernel32:KERNEL32.dll
 0002:00000138       __imp_GetModuleHandleW     000000018002e138     kernel32:KERNEL32.dll
 0002:00000140       __imp_RtlUnwindEx          000000018002e140     kernel32:KERNEL32.dll
 0002:00000148       __imp_RaiseException       000000018002e148     kernel32:KERNEL32.dll
 0002:00000150       __imp_IsValidCodePage      000000018002e150     kernel32:KERNEL32.dll
 0002:00000158       __imp_GetACP               000000018002e158     kernel32:KERNEL32.dll
 0002:00000160       __imp_GetOEMCP             000000018002e160     kernel32:KERNEL32.dll
 0002:00000168       __imp_GetCPInfo            000000018002e168     kernel32:KERNEL32.dll
 0002:00000170       __imp_GetModuleFileNameW   000000018002e170     kernel32:KERNEL32.dll
 0002:00000178       __imp_EnterCriticalSection 000000018002e178     kernel32:KERNEL32.dll
 0002:00000180       __imp_LeaveCriticalSection 000000018002e180     kernel32:KERNEL32.dll
 0002:00000188       __imp_WriteFile            000000018002e188     kernel32:KERNEL32.dll
 0002:00000190       __imp_LoadLibraryExW       000000018002e190     kernel32:KERNEL32.dll
 0002:00000198       __imp_HeapFree             000000018002e198     kernel32:KERNEL32.dll
 0002:000001a0       __imp_HeapReAlloc          000000018002e1a0     kernel32:KERNEL32.dll
 0002:000001a8       __imp_HeapQueryInformation 000000018002e1a8     kernel32:KERNEL32.dll
 0002:000001b0       __imp_HeapAlloc            000000018002e1b0     kernel32:KERNEL32.dll
 0002:000001b8       __imp_GetStringTypeW       000000018002e1b8     kernel32:KERNEL32.dll
 0002:000001c0       __imp_OutputDebugStringW   000000018002e1c0     kernel32:KERNEL32.dll
 0002:000001c8       __imp_WaitForSingleObjectEx 000000018002e1c8     kernel32:KERNEL32.dll
 0002:000001d0       __imp_CreateThread         000000018002e1d0     kernel32:KERNEL32.dll
 0002:000001d8       __imp_OutputDebugStringA   000000018002e1d8     kernel32:KERNEL32.dll
 0002:000001e0       __imp_WriteConsoleW        000000018002e1e0     kernel32:KERNEL32.dll
 0002:000001e8       __imp_LCMapStringW         000000018002e1e8     kernel32:KERNEL32.dll
 0002:000001f0       __imp_RtlPcToFileHeader    000000018002e1f0     kernel32:KERNEL32.dll
 0002:000001f8       __imp_FlushFileBuffers     000000018002e1f8     kernel32:KERNEL32.dll
 0002:00000200       __imp_GetConsoleCP         000000018002e200     kernel32:KERNEL32.dll
 0002:00000208       __imp_GetConsoleMode       000000018002e208     kernel32:KERNEL32.dll
 0002:00000210       __imp_SetFilePointerEx     000000018002e210     kernel32:KERNEL32.dll
 0002:00000218       __imp_SetStdHandle         000000018002e218     kernel32:KERNEL32.dll
 0002:00000220       __imp_CloseHandle          000000018002e220     kernel32:KERNEL32.dll
 0002:00000228       __imp_CreateFileW          000000018002e228     kernel32:KERNEL32.dll
 0002:00000230       \177KERNEL32_NULL_THUNK_DATA 000000018002e230     kernel32:KERNEL32.dll
 0002:00000238       __xc_a                     000000018002e238     LIBCMTD:crt0init.obj
 0002:00000240       __xc_z                     000000018002e240     LIBCMTD:crt0init.obj
 0002:00000248       __xi_a                     000000018002e248     LIBCMTD:crt0init.obj
 0002:00000278       __xi_z                     000000018002e278     LIBCMTD:crt0init.obj
 0002:00000280       __xp_a                     000000018002e280     LIBCMTD:crt0init.obj
 0002:000002a0       __xp_z                     000000018002e2a0     LIBCMTD:crt0init.obj
 0002:000002a8       __xt_a                     000000018002e2a8     LIBCMTD:crt0init.obj
 0002:000002b0       __xt_z                     000000018002e2b0     LIBCMTD:crt0init.obj
 0002:000002f8       __real@38d1b717            000000018002e2f8     fluffy.obj
 0002:000002fc       __real@3c23d70a            000000018002e2fc     fluffy.obj
 0002:00000300       __real@3ecccccd            000000018002e300     fluffy.obj
 0002:00000304       __real@3f000000            000000018002e304     fluffy.obj
 0002:00000308       __real@3f800000            000000018002e308     fluffy.obj
 0002:0000030c       __real@41c80000            000000018002e30c     fluffy.obj
 0002:00000310       __real@437f0000            000000018002e310     fluffy.obj
 0002:00000314       __real@4f800000            000000018002e314     fluffy.obj
 0002:00000318       __real@bf000000            000000018002e318     fluffy.obj
 0002:00000320       __xmm@7fffffff7fffffff7fffffff7fffffff 000000018002e320     fluffy.obj
 0002:00000340       __ymm@0000000100000001000000010000000100000001000000010000000100000001 000000018002e340     fluffy.obj
 0002:00000360       __ymm@0000000200000002000000020000000200000002000000020000000200000002 000000018002e360     fluffy.obj
 0002:00000380       __ymm@000001ff000001ff000001ff000001ff000001ff000001ff000001ff000001ff 000000018002e380     fluffy.obj
 0002:000003a0       __ymm@0000020000000200000002000000020000000200000002000000020000000200 000000018002e3a0     fluffy.obj
 0002:000003c0       __ymm@0002000200020002000200020002000200020002000200020002000200020002 000000018002e3c0     fluffy.obj
 0002:000003e0       __ymm@0007000700070007000700070007000700070007000700070007000700070007 000000018002e3e0     fluffy.obj
 0002:00000400       __ymm@3f8000003f8000003f8000003f8000003f8000003f8000003f8000003f800000 000000018002e400     fluffy.obj
 0002:00000420       __ymm@4380000043800000438000004380000043800000438000004380000043800000 000000018002e420     fluffy.obj
 0002:00000440       ??_C@_06MEIMCGCF@_hypot?$AA@ 000000018002e440     LIBCMTD:hypot.obj
 0002:00000570       _FPinit                    000000018002e570     LIBCMTD:fpinit.obj
 0002:00000578       _pDefaultRawDllMain        000000018002e578     LIBCMTD:dllcrt0.obj
 0002:00000578       _pRawDllMain               000000018002e578     LIBCMTD:dllcrt0.obj
 0002:00000580       ??_C@_0CL@OOIKPIHN@f?3?2dd?2vctools?2crt?2crtw32?2startup@ 000000018002e580     LIBCMTD:dllcrt0.obj
 0002:000005c0       __Lcosfarray               000000018002e5c0     LIBCMTD:Lsincosf_array.obj
 0002:000005f0       __Lsinfarray               000000018002e5f0     LIBCMTD:Lsincosf_array.obj
 0002:00000610       __L_2_by_pi_bits           000000018002e610     LIBCMTD:L2_by_pi_bits.obj
 0002:00000760       ??_C@_04LAGPAAHP@sinf?$AA@ 000000018002e760     LIBCMTD:sincos_special.obj
 0002:00000768       ??_C@_03BLEJJJBH@sin?$AA@  000000018002e768     LIBCMTD:sincos_special.obj
 0002:0000076c       ??_C@_03LALBNOCG@cos?$AA@  000000018002e76c     LIBCMTD:sincos_special.obj
 0002:00000770       ??_C@_03IIINPABG@tan?$AA@  000000018002e770     LIBCMTD:sincos_special.obj
 0002:00000778       ??_C@_1BI@ICGGMGLK@?$AAb?$AAu?$AAf?$AA?5?$AA?$CB?$AA?$DN?$AA?5?$AAN?$AAU?$AAL?$AAL?$AA?$AA@ 000000018002e778     LIBCMTD:cvt.obj
 0002:00000790       ??_C@_15GANGMFKL@?$AA?$CF?$AAs?$AA?$AA@ 000000018002e790     LIBCMTD:cvt.obj
 0002:000007a0       ??_C@_1EG@OHONNKNN@?$AAf?$AA?3?$AA?2?$AAd?$AAd?$AA?2?$AAv?$AAc?$AAt?$AAo?$AAo?$AAl?$AAs?$AA?2?$AAc?$AAr?$AAt?$AA?2?$AAf?$AAp?$AAw?$AA3?$AA2?$AA?2?$AAc?$AAo?$AAn?$AAv?$AA?2?$AAc?$AAv?$AAt@ 000000018002e7a0     LIBCMTD:cvt.obj
 0002:000007e8       ??_C@_1BE@OLBNEILL@?$AA_?$AAc?$AAf?$AAt?$AAo?$AAe?$AA2?$AA_?$AAl?$AA?$AA@ 000000018002e7e8     LIBCMTD:cvt.obj
 0002:00000800       ??_C@_1CA@CBMNPEO@?$AAs?$AAi?$AAz?$AAe?$AAI?$AAn?$AAB?$AAy?$AAt?$AAe?$AAs?$AA?5?$AA?$DO?$AA?5?$AA0?$AA?$AA@ 000000018002e800     LIBCMTD:cvt.obj
 0002:00000820       ??_C@_1HE@NACBNDPP@?$AAs?$AAi?$AAz?$AAe?$AAI?$AAn?$AAB?$AAy?$AAt?$AAe?$AAs?$AA?5?$AA?$DO?$AA?5?$AA?$CI?$AAs?$AAi?$AAz?$AAe?$AA_?$AAt?$AA?$CJ?$AA?$CI?$AA3?$AA?5?$AA?$CL?$AA?5?$AA?$CI?$AAn?$AAd?$AAe?$AAc@ 000000018002e820     LIBCMTD:cvt.obj
 0002:000008a0       ??_C@_1LE@EOIFGNCJ@?$AAs?$AAt?$AAr?$AAc?$AAp?$AAy?$AA_?$AAs?$AA?$CI?$AAp?$AA?0?$AA?5?$AA?$CI?$AAs?$AAi?$AAz?$AAe?$AAI?$AAn?$AAB?$AAy?$AAt?$AAe?$AAs?$AA?5?$AA?$DN?$AA?$DN?$AA?5?$AA?$CI?$AAs?$AAi?$AAz@ 000000018002e8a0     LIBCMTD:cvt.obj
 0002:00000954       ??_C@_05KLBDPFGC@e?$CL000?$AA@ 000000018002e954     LIBCMTD:cvt.obj
 0002:00000960       ??_C@_1BC@INKAPMHI@?$AA_?$AAc?$AAf?$AAt?$AAo?$AAe?$AA_?$AAl?$AA?$AA@ 000000018002e960     LIBCMTD:cvt.obj
 0002:00000978       ??_C@_1BC@JOKPCIC@?$AA_?$AAc?$AAf?$AAt?$AAo?$AAa?$AA_?$AAl?$AA?$AA@ 000000018002e978     LIBCMTD:cvt.obj
 0002:00000990       ??_C@_1FC@IKIMAMJB@?$AAs?$AAi?$AAz?$AAe?$AAI?$AAn?$AAB?$AAy?$AAt?$AAe?$AAs?$AA?5?$AA?$DO?$AA?5?$AA?$CI?$AAs?$AAi?$AAz?$AAe?$AA_?$AAt?$AA?$CJ?$AA?$CI?$AA1?$AA?5?$AA?$CL?$AA?5?$AA4?$AA?5?$AA?$CL?$AA?5?$AAn@ 000000018002e990     LIBCMTD:cvt.obj
 0002:000009e8       ??_C@_1BE@CKPDLI@?$AA_?$AAc?$AAf?$AAt?$AAo?$AAf?$AA2?$AA_?$AAl?$AA?$AA@ 000000018002e9e8     LIBCMTD:cvt.obj
 0002:00000a00       ??_C@_1BC@DCPPLJL@?$AA_?$AAc?$AAf?$AAt?$AAo?$AAf?$AA_?$AAl?$AA?$AA@ 000000018002ea00     LIBCMTD:cvt.obj
 0002:00000a18       ??_C@_1BC@MPIFPLAF@?$AA_?$AAc?$AAf?$AAt?$AAo?$AAg?$AA_?$AAl?$AA?$AA@ 000000018002ea18     LIBCMTD:cvt.obj
 0002:00000a30       __real@0000000000000000    000000018002ea30     LIBCMTD:cvt.obj
 0002:00000a40       _XcptActTab                000000018002ea40     LIBCMTD:winxfltr.obj
 0002:00000b00       _XcptActTabCount           000000018002eb00     LIBCMTD:winxfltr.obj
 0002:00000b04       _XcptActTabSize            000000018002eb04     LIBCMTD:winxfltr.obj
 0002:00000b08       _First_FPE_Indx            000000018002eb08     LIBCMTD:winxfltr.obj
 0002:00000b0c       _Num_FPE                   000000018002eb0c     LIBCMTD:winxfltr.obj
 0002:00000b10       ??_C@_0CM@KPPOKOAI@f?3?2dd?2vctools?2crt?2crtw32?2startup@ 000000018002eb10     LIBCMTD:tidtable.obj
 0002:00000b40       ??_C@_1BI@BGOHAHKC@?$AAm?$AAs?$AAc?$AAo?$AAr?$AAe?$AAe?$AA?4?$AAd?$AAl?$AAl?$AA?$AA@ 000000018002eb40     LIBCMTD:crt0dat.obj
 0002:00000b58       ??_C@_0P@MIGLKIOC@CorExitProcess?$AA@ 000000018002eb58     LIBCMTD:crt0dat.obj
 0002:00000b68       ??_C@_0CI@BIOGDJKL@f?3?2dd?2vctools?2crt?2crtw32?2lowio?2i@ 000000018002eb68     LIBCMTD:ioinit.obj
 0002:00000b90       ??_C@_0CL@OBKFGCKK@f?3?2dd?2vctools?2crt?2crtw32?2startup@ 000000018002eb90     LIBCMTD:stdargv.obj
 0002:00000bc0       ??_C@_0CL@BJBFGFLH@f?3?2dd?2vctools?2crt?2crtw32?2startup@ 000000018002ebc0     LIBCMTD:stdenvp.obj
 0002:00000bf0       ??_C@_1FG@MHBLOJIO@?$AAf?$AA?3?$AA?2?$AAd?$AAd?$AA?2?$AAv?$AAc?$AAt?$AAo?$AAo?$AAl?$AAs?$AA?2?$AAc?$AAr?$AAt?$AA?2?$AAc?$AAr?$AAt?$AAw?$AA3?$AA2?$AA?2?$AAs?$AAt?$AAa?$AAr?$AAt?$AAu?$AAp@ 000000018002ebf0     LIBCMTD:stdenvp.obj
 0002:00000c48       ??_C@_1BC@GHMCNHHL@?$AA_?$AAs?$AAe?$AAt?$AAe?$AAn?$AAv?$AAp?$AA?$AA@ 000000018002ec48     LIBCMTD:stdenvp.obj
 0002:00000c60       ??_C@_1DE@MMOGFGHF@?$AAs?$AAt?$AAr?$AAc?$AAp?$AAy?$AA_?$AAs?$AA?$CI?$AA?$CK?$AAe?$AAn?$AAv?$AA?0?$AA?5?$AAc?$AAc?$AAh?$AAa?$AAr?$AAs?$AA?0?$AA?5?$AAp?$AA?$CJ?$AA?$AA@ 000000018002ec60     LIBCMTD:stdenvp.obj
 0002:00000cc0       ??_C@_04HJMOFLDF@Free?$AA@ 000000018002ecc0     LIBCMTD:dbgheap.obj
 0002:00000cc8       ??_C@_06EFAGIKOH@Normal?$AA@ 000000018002ecc8     LIBCMTD:dbgheap.obj
 0002:00000cd0       ??_C@_03OGPFLFLO@CRT?$AA@  000000018002ecd0     LIBCMTD:dbgheap.obj
 0002:00000cd4       ??_C@_06KMEJCCGM@Ignore?$AA@ 000000018002ecd4     LIBCMTD:dbgheap.obj
 0002:00000cdc       ??_C@_06PJIGMIJB@Client?$AA@ 000000018002ecdc     LIBCMTD:dbgheap.obj
 0002:00000ce8       ??_C@_1CE@LJFEPPMP@?$AA_?$AAC?$AAr?$AAt?$AAC?$AAh?$AAe?$AAc?$AAk?$AAM?$AAe?$AAm?$AAo?$AAr?$AAy?$AA?$CI?$AA?$CJ?$AA?$AA@ 000000018002ece8     LIBCMTD:dbgheap.obj
 0002:00000d10       ??_C@_1FA@JKEKCOIC@?$AAf?$AA?3?$AA?2?$AAd?$AAd?$AA?2?$AAv?$AAc?$AAt?$AAo?$AAo?$AAl?$AAs?$AA?2?$AAc?$AAr?$AAt?$AA?2?$AAc?$AAr?$AAt?$AAw?$AA3?$AA2?$AA?2?$AAm?$AAi?$AAs?$AAc?$AA?2?$AAd?$AAb@ 000000018002ed10     LIBCMTD:dbgheap.obj
 0002:00000d60       ??_C@_0DF@BBEGIFEK@Client?5hook?5allocation?5failure?5a@ 000000018002ed60     LIBCMTD:dbgheap.obj
 0002:00000d98       ??_C@_0CB@CCLOLAHO@Client?5hook?5allocation?5failure?4?6@ 000000018002ed98     LIBCMTD:dbgheap.obj
 0002:00000dbc       ??_C@_02DKCKIIND@?$CFs?$AA@ 000000018002edbc     LIBCMTD:dbgheap.obj
 0002:00000dc0       ??_C@_0CF@BICKFLAF@Invalid?5allocation?5size?3?5?$CFIu?5byt@ 000000018002edc0     LIBCMTD:dbgheap.obj
 0002:00000de8       ??_C@_0DC@JEMAGEKG@Error?3?5memory?5allocation?3?5bad?5me@ 000000018002ede8     LIBCMTD:dbgheap.obj
 0002:00000e20       ??_C@_0DI@KKJPDPGM@Client?5hook?5re?9allocation?5failur@ 000000018002ee20     LIBCMTD:dbgheap.obj
 0002:00000e58       ??_C@_0CE@DOFMDOL@Client?5hook?5re?9allocation?5failur@ 000000018002ee58     LIBCMTD:dbgheap.obj
 0002:00000e80       ??_C@_0ED@GPCPBAGP@Invalid?5allocation?5size?3?5?$CFIu?5byt@ 000000018002ee80     LIBCMTD:dbgheap.obj
 0002:00000ed0       ??_C@_0FA@EFEIGJKG@Error?3?5memory?5allocation?3?5bad?5me@ 000000018002eed0     LIBCMTD:dbgheap.obj
 0002:00000f20       ??_C@_0EM@LGFLMAGJ@The?5Block?5at?50x?$CFp?5was?5allocated?5@ 000000018002ef20     LIBCMTD:dbgheap.obj
 0002:00000f70       ??_C@_1EE@GFOPCECE@?$AA_?$AAC?$AAr?$AAt?$AAI?$AAs?$AAV?$AAa?$AAl?$AAi?$AAd?$AAH?$AAe?$AAa?$AAp?$AAP?$AAo?$AAi?$AAn?$AAt?$AAe?$AAr?$AA?$CI?$AAp?$AAU?$AAs?$AAe?$AAr?$AAD?$AAa?$AAt?$AAa@ 000000018002ef70     LIBCMTD:dbgheap.obj
 0002:00000fc0       ??_C@_1IK@DCPKDGNH@?$AAp?$AAO?$AAl?$AAd?$AAB?$AAl?$AAo?$AAc?$AAk?$AA?9?$AA?$DO?$AAn?$AAL?$AAi?$AAn?$AAe?$AA?5?$AA?$DN?$AA?$DN?$AA?5?$AAI?$AAG?$AAN?$AAO?$AAR?$AAE?$AA_?$AAL?$AAI?$AAN?$AAE?$AA?5@ 000000018002efc0     LIBCMTD:dbgheap.obj
 0002:00001050       ??_C@_0DA@HFBKENN@Error?3?5possible?5heap?5corruption?5@ 000000018002f050     LIBCMTD:dbgheap.obj
 0002:00001080       ??_C@_1GE@PCKLOLAO@?$AAf?$AAR?$AAe?$AAa?$AAl?$AAl?$AAo?$AAc?$AA?5?$AA?$HM?$AA?$HM?$AA?5?$AA?$CI?$AA?$CB?$AAf?$AAR?$AAe?$AAa?$AAl?$AAl?$AAo?$AAc?$AA?5?$AA?$CG?$AA?$CG?$AA?5?$AAp?$AAN?$AAe?$AAw?$AAB?$AAl@ 000000018002f080     LIBCMTD:dbgheap.obj
 0002:000010e8       ??_C@_1DC@GEFKNOOL@?$AA_?$AAp?$AAL?$AAa?$AAs?$AAt?$AAB?$AAl?$AAo?$AAc?$AAk?$AA?5?$AA?$DN?$AA?$DN?$AA?5?$AAp?$AAO?$AAl?$AAd?$AAB?$AAl?$AAo?$AAc?$AAk?$AA?$AA@ 000000018002f0e8     LIBCMTD:dbgheap.obj
 0002:00001120       ??_C@_1DE@KOOKLFBB@?$AA_?$AAp?$AAF?$AAi?$AAr?$AAs?$AAt?$AAB?$AAl?$AAo?$AAc?$AAk?$AA?5?$AA?$DN?$AA?$DN?$AA?5?$AAp?$AAO?$AAl?$AAd?$AAB?$AAl?$AAo?$AAc?$AAk?$AA?$AA@ 000000018002f120     LIBCMTD:dbgheap.obj
 0002:00001158       ??_C@_1CE@CJACEFBA@?$AAp?$AAU?$AAs?$AAe?$AAr?$AAD?$AAa?$AAt?$AAa?$AA?5?$AA?$CB?$AA?$DN?$AA?5?$AAN?$AAU?$AAL?$AAL?$AA?$AA@ 000000018002f158     LIBCMTD:dbgheap.obj
 0002:00001180       ??_C@_0EJ@HEIBCIMJ@The?5Block?5at?50x?$CFp?5was?5allocated?5@ 000000018002f180     LIBCMTD:dbgheap.obj
 0002:000011d0       ??_C@_0BL@KEIPLFAC@Client?5hook?5free?5failure?4?6?$AA@ 000000018002f1d0     LIBCMTD:dbgheap.obj
 0002:000011f0       ??_C@_1EO@LHDAJOCM@?$AA_?$AAB?$AAL?$AAO?$AAC?$AAK?$AA_?$AAT?$AAY?$AAP?$AAE?$AA_?$AAI?$AAS?$AA_?$AAV?$AAA?$AAL?$AAI?$AAD?$AA?$CI?$AAp?$AAH?$AAe?$AAa?$AAd?$AA?9?$AA?$DO?$AAn?$AAB?$AAl?$AAo@ 000000018002f1f0     LIBCMTD:dbgheap.obj
 0002:00001240       ??_C@_0KI@JGFOHMEB@HEAP?5CORRUPTION?5DETECTED?3?5before@ 000000018002f240     LIBCMTD:dbgheap.obj
 0002:000012f0       ??_C@_0IK@PJCGLBOB@HEAP?5CORRUPTION?5DETECTED?3?5before@ 000000018002f2f0     LIBCMTD:dbgheap.obj
 0002:00001380       ??_C@_0KE@MBMNHHHN@HEAP?5CORRUPTION?5DETECTED?3?5after?5@ 000000018002f380     LIBCMTD:dbgheap.obj
 0002:00001430       ??_C@_0IG@LEMBDCJK@HEAP?5CORRUPTION?5DETECTED?3?5after?5@ 000000018002f430     LIBCMTD:dbgheap.obj
 0002:000014c0       ??_C@_1HK@HPCBMDFG@?$AAp?$AAH?$AAe?$AAa?$AAd?$AA?9?$AA?$DO?$AAn?$AAL?$AAi?$AAn?$AAe?$AA?5?$AA?$DN?$AA?$DN?$AA?5?$AAI?$AAG?$AAN?$AAO?$AAR?$AAE?$AA_?$AAL?$AAI?$AAN?$AAE?$AA?5?$AA?$CG?$AA?$CG?$AA?5?$AAp@ 000000018002f4c0     LIBCMTD:dbgheap.obj
 0002:00001540       ??_C@_1DM@ODCJIDCP@?$AAp?$AAH?$AAe?$AAa?$AAd?$AA?9?$AA?$DO?$AAn?$AAB?$AAl?$AAo?$AAc?$AAk?$AAU?$AAs?$AAe?$AA?5?$AA?$DN?$AA?$DN?$AA?5?$AAn?$AAB?$AAl?$AAo?$AAc?$AAk?$AAU?$AAs?$AAe?$AA?$AA@ 000000018002f540     LIBCMTD:dbgheap.obj
 0002:00001580       ??_C@_1CK@DMAGEMBG@?$AA_?$AAp?$AAL?$AAa?$AAs?$AAt?$AAB?$AAl?$AAo?$AAc?$AAk?$AA?5?$AA?$DN?$AA?$DN?$AA?5?$AAp?$AAH?$AAe?$AAa?$AAd?$AA?$AA@ 000000018002f580     LIBCMTD:dbgheap.obj
 0002:000015b0       ??_C@_1CM@MMAADDMD@?$AA_?$AAp?$AAF?$AAi?$AAr?$AAs?$AAt?$AAB?$AAl?$AAo?$AAc?$AAk?$AA?5?$AA?$DN?$AA?$DN?$AA?5?$AAp?$AAH?$AAe?$AAa?$AAd?$AA?$AA@ 000000018002f5b0     LIBCMTD:dbgheap.obj
 0002:000015e0       ??_C@_1BG@MBKOGDLD@?$AA_?$AAm?$AAs?$AAi?$AAz?$AAe?$AA_?$AAd?$AAb?$AAg?$AA?$AA@ 000000018002f5e0     LIBCMTD:dbgheap.obj
 0002:000015f8       ??_C@_0CE@MKKHMBMK@_heapchk?5fails?5with?5_HEAPBADBEGI@ 000000018002f5f8     LIBCMTD:dbgheap.obj
 0002:00001620       ??_C@_0CD@CPKEAPBD@_heapchk?5fails?5with?5_HEAPBADNODE@ 000000018002f620     LIBCMTD:dbgheap.obj
 0002:00001648       ??_C@_0CC@MJGLGBDG@_heapchk?5fails?5with?5_HEAPBADEND?4@ 000000018002f648     LIBCMTD:dbgheap.obj
 0002:00001670       ??_C@_0CC@MFFCHFHO@_heapchk?5fails?5with?5_HEAPBADPTR?4@ 000000018002f670     LIBCMTD:dbgheap.obj
 0002:00001698       ??_C@_0CL@HNNNMKMJ@_heapchk?5fails?5with?5unknown?5retu@ 000000018002f698     LIBCMTD:dbgheap.obj
 0002:000016c8       ??_C@_07OHKEFPKJ@DAMAGED?$AA@ 000000018002f6c8     LIBCMTD:dbgheap.obj
 0002:000016d0       ??_C@_0KA@IHNJJKPL@HEAP?5CORRUPTION?5DETECTED?3?5on?5top@ 000000018002f6d0     LIBCMTD:dbgheap.obj
 0002:00001770       ??_C@_0IC@BBJIOOJH@HEAP?5CORRUPTION?5DETECTED?3?5on?5top@ 000000018002f770     LIBCMTD:dbgheap.obj
 0002:00001800       ??_C@_0EG@DGJMPDBH@?$CFhs?5located?5at?50x?$CFp?5is?5?$CFIu?5bytes@ 000000018002f800     LIBCMTD:dbgheap.obj
 0002:00001848       ??_C@_0CI@JMLBEDHJ@?$CFhs?5located?5at?50x?$CFp?5is?5?$CFIu?5bytes@ 000000018002f848     LIBCMTD:dbgheap.obj
 0002:00001870       ??_C@_1BHO@NNANJNF@?$AA?$CI?$AAf?$AAN?$AAe?$AAw?$AAB?$AAi?$AAt?$AAs?$AA?$DN?$AA?$DN?$AA_?$AAC?$AAR?$AAT?$AAD?$AAB?$AAG?$AA_?$AAR?$AAE?$AAP?$AAO?$AAR?$AAT?$AA_?$AAF?$AAL?$AAA?$AAG?$AA?$CJ?$AA?5@ 000000018002f870     LIBCMTD:dbgheap.obj
 0002:000019f0       ??_C@_1BO@GJFDNMNF@?$AA_?$AAC?$AAr?$AAt?$AAS?$AAe?$AAt?$AAD?$AAb?$AAg?$AAF?$AAl?$AAa?$AAg?$AA?$AA@ 000000018002f9f0     LIBCMTD:dbgheap.obj
 0002:00001a10       ??_C@_1BM@MIMANDHC@?$AAs?$AAt?$AAa?$AAt?$AAe?$AA?5?$AA?$CB?$AA?$DN?$AA?5?$AAN?$AAU?$AAL?$AAL?$AA?$AA@ 000000018002fa10     LIBCMTD:dbgheap.obj
 0002:00001a30       ??_C@_1CE@NJJKELF@?$AA_?$AAC?$AAr?$AAt?$AAM?$AAe?$AAm?$AAC?$AAh?$AAe?$AAc?$AAk?$AAp?$AAo?$AAi?$AAn?$AAt?$AA?$AA@ 000000018002fa30     LIBCMTD:dbgheap.obj
 0002:00001a58       ??_C@_0DP@LEFMFBOD@Bad?5memory?5block?5found?5at?50x?$CFp?4?6@ 000000018002fa58     LIBCMTD:dbgheap.obj
 0002:00001a98       ??_C@_0CB@EAAIGELO@Bad?5memory?5block?5found?5at?50x?$CFp?4?6@ 000000018002fa98     LIBCMTD:dbgheap.obj
 0002:00001abc       ??_C@_05MKKEDADM@?$CF?42X?5?$AA@ 000000018002fabc     LIBCMTD:dbgheap.obj
 0002:00001ac8       ??_C@_1CG@LPFIACGM@?$AA_?$AAp?$AAr?$AAi?$AAn?$AAt?$AAM?$AAe?$AAm?$AAB?$AAl?$AAo?$AAc?$AAk?$AAD?$AAa?$AAt?$AAa?$AA?$AA@ 000000018002fac8     LIBCMTD:dbgheap.obj
 0002:00001af0       ??_C@_1BI@KALLJECN@?$AA?$CI?$AA?$CK?$AA_?$AAe?$AAr?$AAr?$AAn?$AAo?$AA?$CI?$AA?$CJ?$AA?$CJ?$AA?$AA@ 000000018002faf0     LIBCMTD:dbgheap.obj
 0002:00001b08       ??_C@_0BA@HJBKCELP@?5Data?3?5?$DM?$CFs?$DO?5?$CFs?6?$AA@ 000000018002fb08     LIBCMTD:dbgheap.obj
 0002:00001b18       ??_C@_0BE@KCIPKCIA@Dumping?5objects?5?9?$DO?6?$AA@ 000000018002fb18     LIBCMTD:dbgheap.obj
 0002:00001b30       ??_C@_0BE@OIEFNFL@?$CDFile?5Error?$CD?$CI?$CFd?$CJ?5?3?5?$AA@ 000000018002fb30     LIBCMTD:dbgheap.obj
 0002:00001b48       ??_C@_0L@JMEFFCCJ@?$CFhs?$CI?$CFd?$CJ?5?3?5?$AA@ 000000018002fb48     LIBCMTD:dbgheap.obj
 0002:00001b54       ??_C@_06PKLGBFGM@?$HL?$CFld?$HN?5?$AA@ 000000018002fb54     LIBCMTD:dbgheap.obj
 0002:00001b60       ??_C@_0DD@GHNAAKBB@client?5block?5at?50x?$CFp?0?5subtype?5?$CFx@ 000000018002fb60     LIBCMTD:dbgheap.obj
 0002:00001b98       ??_C@_0CH@FAGDDGPN@normal?5block?5at?50x?$CFp?0?5?$CFIu?5bytes?5@ 000000018002fb98     LIBCMTD:dbgheap.obj
 0002:00001bc0       ??_C@_0DA@MDLBNIBM@crt?5block?5at?50x?$CFp?0?5subtype?5?$CFx?0?5?$CF@ 000000018002fbc0     LIBCMTD:dbgheap.obj
 0002:00001bf0       ??_C@_0BH@GFGKJDCO@Object?5dump?5complete?4?6?$AA@ 000000018002fbf0     LIBCMTD:dbgheap.obj
 0002:00001c08       ??_C@_0BI@JBFPOEJA@Detected?5memory?5leaks?$CB?6?$AA@ 000000018002fc08     LIBCMTD:dbgheap.obj
 0002:00001c20       ??_C@_0CG@NNNNMKLF@f?3?2dd?2vctools?2crt?2crtw32?2misc?2a_@ 000000018002fc20     LIBCMTD:a_env.obj
 0002:00001c48       ??_C@_1BK@MGMFAEKH@?$AAk?$AAe?$AAr?$AAn?$AAe?$AAl?$AA3?$AA2?$AA?4?$AAd?$AAl?$AAl?$AA?$AA@ 000000018002fc48     LIBCMTD:winapisupp.obj
 0002:00001c68       ??_C@_08KNHFBNJ@FlsAlloc?$AA@ 000000018002fc68     LIBCMTD:winapisupp.obj
 0002:00001c78       ??_C@_07PEJMOBNF@FlsFree?$AA@ 000000018002fc78     LIBCMTD:winapisupp.obj
 0002:00001c80       ??_C@_0M@GDNOONDI@FlsGetValue?$AA@ 000000018002fc80     LIBCMTD:winapisupp.obj
 0002:00001c90       ??_C@_0M@JCPCPOEF@FlsSetValue?$AA@ 000000018002fc90     LIBCMTD:winapisupp.obj
 0002:00001ca0       ??_C@_0BM@HCFOFFN@InitializeCriticalSectionEx?$AA@ 000000018002fca0     LIBCMTD:winapisupp.obj
 0002:00001cc0       ??_C@_0P@DLHPPCNH@CreateEventExW?$AA@ 000000018002fcc0     LIBCMTD:winapisupp.obj
 0002:00001cd0       ??_C@_0BD@KIEEOEEH@CreateSemaphoreExW?$AA@ 000000018002fcd0     LIBCMTD:winapisupp.obj
 0002:00001ce8       ??_C@_0BI@BKLFFAPO@SetThreadStackGuarantee?$AA@ 000000018002fce8     LIBCMTD:winapisupp.obj
 0002:00001d00       ??_C@_0BG@OGFAJCKC@CreateThreadpoolTimer?$AA@ 000000018002fd00     LIBCMTD:winapisupp.obj
 0002:00001d18       ??_C@_0BD@LPLEMMDI@SetThreadpoolTimer?$AA@ 000000018002fd18     LIBCMTD:winapisupp.obj
 0002:00001d30       ??_C@_0CA@FMNJENH@WaitForThreadpoolTimerCallbacks?$AA@ 000000018002fd30     LIBCMTD:winapisupp.obj
 0002:00001d50       ??_C@_0BF@DCFCCNOC@CloseThreadpoolTimer?$AA@ 000000018002fd50     LIBCMTD:winapisupp.obj
 0002:00001d68       ??_C@_0BF@FLABGKKM@CreateThreadpoolWait?$AA@ 000000018002fd68     LIBCMTD:winapisupp.obj
 0002:00001d80       ??_C@_0BC@MGCOHNA@SetThreadpoolWait?$AA@ 000000018002fd80     LIBCMTD:winapisupp.obj
 0002:00001d98       ??_C@_0BE@OCIOMIMP@CloseThreadpoolWait?$AA@ 000000018002fd98     LIBCMTD:winapisupp.obj
 0002:00001db0       ??_C@_0BJ@LKGHFHBO@FlushProcessWriteBuffers?$AA@ 000000018002fdb0     LIBCMTD:winapisupp.obj
 0002:00001dd0       ??_C@_0BP@KALKKPMO@FreeLibraryWhenCallbackReturns?$AA@ 000000018002fdd0     LIBCMTD:winapisupp.obj
 0002:00001df0       ??_C@_0BK@DFNBACLA@GetCurrentProcessorNumber?$AA@ 000000018002fdf0     LIBCMTD:winapisupp.obj
 0002:00001e10       ??_C@_0BP@KHGALBC@GetLogicalProcessorInformation?$AA@ 000000018002fe10     LIBCMTD:winapisupp.obj
 0002:00001e30       ??_C@_0BE@FKKLLFLM@CreateSymbolicLinkW?$AA@ 000000018002fe30     LIBCMTD:winapisupp.obj
 0002:00001e48       ??_C@_0BJ@OHNKDLIJ@SetDefaultDllDirectories?$AA@ 000000018002fe48     LIBCMTD:winapisupp.obj
 0002:00001e68       ??_C@_0BE@LJANKFHF@EnumSystemLocalesEx?$AA@ 000000018002fe68     LIBCMTD:winapisupp.obj
 0002:00001e80       ??_C@_0BA@IHGNDAEB@CompareStringEx?$AA@ 000000018002fe80     LIBCMTD:winapisupp.obj
 0002:00001e90       ??_C@_0BA@EPCJIIPD@GetDateFormatEx?$AA@ 000000018002fe90     LIBCMTD:winapisupp.obj
 0002:00001ea0       ??_C@_0BA@ONOKGCMP@GetLocaleInfoEx?$AA@ 000000018002fea0     LIBCMTD:winapisupp.obj
 0002:00001eb0       ??_C@_0BA@CIJJKCJJ@GetTimeFormatEx?$AA@ 000000018002feb0     LIBCMTD:winapisupp.obj
 0002:00001ec0       ??_C@_0BJ@PBCCBIPI@GetUserDefaultLocaleName?$AA@ 000000018002fec0     LIBCMTD:winapisupp.obj
 0002:00001ee0       ??_C@_0BC@CELBKLLA@IsValidLocaleName?$AA@ 000000018002fee0     LIBCMTD:winapisupp.obj
 0002:00001ef8       ??_C@_0O@KKBNKAPF@LCMapStringEx?$AA@ 000000018002fef8     LIBCMTD:winapisupp.obj
 0002:00001f08       ??_C@_0BE@JOGNEJCI@GetCurrentPackageId?$AA@ 000000018002ff08     LIBCMTD:winapisupp.obj
 0002:00001f20       ??_C@_0P@CDHHOHKP@GetTickCount64?$AA@ 000000018002ff20     LIBCMTD:winapisupp.obj
 0002:00001f30       ??_C@_0BO@KPCLFDJJ@GetFileInformationByHandleExW?$AA@ 000000018002ff30     LIBCMTD:winapisupp.obj
 0002:00001f50       ??_C@_0BM@MHIDLABK@SetFileInformationByHandleW?$AA@ 000000018002ff50     LIBCMTD:winapisupp.obj
 0002:00001f80       ??_C@_03KHJOGHMM@exp?$AA@  000000018002ff80     LIBCMTD:fpexcept.obj
 0002:00001f84       ??_C@_03JGHBODFD@pow?$AA@  000000018002ff84     LIBCMTD:fpexcept.obj
 0002:00001f88       ??_C@_03MGHMBJCF@log?$AA@  000000018002ff88     LIBCMTD:fpexcept.obj
 0002:00001f8c       ??_C@_05HGHHAHAP@log10?$AA@ 000000018002ff8c     LIBCMTD:fpexcept.obj
 0002:00001f94       ??_C@_04COOMCNPB@sinh?$AA@ 000000018002ff94     LIBCMTD:fpexcept.obj
 0002:00001f9c       ??_C@_04HPJJNFIM@cosh?$AA@ 000000018002ff9c     LIBCMTD:fpexcept.obj
 0002:00001fa4       ??_C@_04FJHINJAO@tanh?$AA@ 000000018002ffa4     LIBCMTD:fpexcept.obj
 0002:00001fac       ??_C@_04FIHNOPOL@asin?$AA@ 000000018002ffac     LIBCMTD:fpexcept.obj
 0002:00001fb4       ??_C@_04PDIFKINK@acos?$AA@ 000000018002ffb4     LIBCMTD:fpexcept.obj
 0002:00001fbc       ??_C@_04MLLJIGOK@atan?$AA@ 000000018002ffbc     LIBCMTD:fpexcept.obj
 0002:00001fc4       ??_C@_05KNGEOGJB@atan2?$AA@ 000000018002ffc4     LIBCMTD:fpexcept.obj
 0002:00001fcc       ??_C@_04EIAKFFMI@sqrt?$AA@ 000000018002ffcc     LIBCMTD:fpexcept.obj
 0002:00001fd4       ??_C@_04GFPJNGEK@ceil?$AA@ 000000018002ffd4     LIBCMTD:fpexcept.obj
 0002:00001fdc       ??_C@_05PBJFFIGL@floor?$AA@ 000000018002ffdc     LIBCMTD:fpexcept.obj
 0002:00001fe4       ??_C@_04ODHECPBC@fabs?$AA@ 000000018002ffe4     LIBCMTD:fpexcept.obj
 0002:00001fec       ??_C@_04EHEDPDJG@modf?$AA@ 000000018002ffec     LIBCMTD:fpexcept.obj
 0002:00001ff4       ??_C@_05CEJMAHNP@ldexp?$AA@ 000000018002fff4     LIBCMTD:fpexcept.obj
 0002:00001ffc       ??_C@_05KBKMEMPO@_cabs?$AA@ 000000018002fffc     LIBCMTD:fpexcept.obj
 0002:00002004       ??_C@_04KEPJIHGP@fmod?$AA@ 0000000180030004     LIBCMTD:fpexcept.obj
 0002:0000200c       ??_C@_05GKKHEGJL@frexp?$AA@ 000000018003000c     LIBCMTD:fpexcept.obj
 0002:00002014       ??_C@_03MJLDFKDL@_y0?$AA@  0000000180030014     LIBCMTD:fpexcept.obj
 0002:00002018       ??_C@_03NAKIGLHK@_y1?$AA@  0000000180030018     LIBCMTD:fpexcept.obj
 0002:0000201c       ??_C@_03ONILCKOB@_yn?$AA@  000000018003001c     LIBCMTD:fpexcept.obj
 0002:00002020       ??_C@_05JGDBENOH@_logb?$AA@ 0000000180030020     LIBCMTD:fpexcept.obj
 0002:00002028       ??_C@_0L@KDOEJCKC@_nextafter?$AA@ 0000000180030028     LIBCMTD:fpexcept.obj
 0002:00002040       ??_C@_1BJK@FEBNHLFF@?$AA?$CI?$AA?$CI?$AAp?$AAt?$AAl?$AAo?$AAc?$AAi?$AA?9?$AA?$DO?$AAl?$AAc?$AA_?$AAc?$AAa?$AAt?$AAe?$AAg?$AAo?$AAr?$AAy?$AA?$FL?$AAc?$AAa?$AAt?$AAe?$AAg?$AAo?$AAr?$AAy?$AA?$FN?$AA?4@ 0000000180030040     LIBCMTD:localref.obj
 0002:000021e0       ??_C@_1FC@HINIIGNO@?$AAf?$AA?3?$AA?2?$AAd?$AAd?$AA?2?$AAv?$AAc?$AAt?$AAo?$AAo?$AAl?$AAs?$AA?2?$AAc?$AAr?$AAt?$AA?2?$AAc?$AAr?$AAt?$AAw?$AA3?$AA2?$AA?2?$AAm?$AAi?$AAs?$AAc?$AA?2?$AAl?$AAo@ 00000001800301e0     LIBCMTD:localref.obj
 0002:00002258       ??_C@_1M@HPNHIDJI@?$AAj?$AAa?$AA?9?$AAJ?$AAP?$AA?$AA@ 0000000180030258     LIBCMTD:mbctype.obj
 0002:00002268       ??_C@_1M@BIBDDEMK@?$AAz?$AAh?$AA?9?$AAC?$AAN?$AA?$AA@ 0000000180030268     LIBCMTD:mbctype.obj
 0002:00002278       ??_C@_1M@JLOOOEGK@?$AAk?$AAo?$AA?9?$AAK?$AAR?$AA?$AA@ 0000000180030278     LIBCMTD:mbctype.obj
 0002:00002288       ??_C@_1M@CLNBBOPM@?$AAz?$AAh?$AA?9?$AAT?$AAW?$AA?$AA@ 0000000180030288     LIBCMTD:mbctype.obj
 0002:000022c0       ??_C@_0CM@BEDCPGGG@f?3?2dd?2vctools?2crt?2crtw32?2mbstrin@ 00000001800302c0     LIBCMTD:mbctype.obj
 0002:000022f0       ??_C@_1FC@NCPEPIBI@?$AA?$CI?$AA?$CI?$AA_?$AAD?$AAs?$AAt?$AA?$CJ?$AA?$CJ?$AA?5?$AA?$CB?$AA?$DN?$AA?5?$AAN?$AAU?$AAL?$AAL?$AA?5?$AA?$CG?$AA?$CG?$AA?5?$AA?$CI?$AA?$CI?$AA_?$AAS?$AAi?$AAz?$AAe?$AAI?$AAn?$AAB?$AAy?$AAt@ 00000001800302f0     LIBCMTD:strcpy_s.obj
 0002:00002350       ??_C@_1FA@ILDLFIFE@?$AAf?$AA?3?$AA?2?$AAd?$AAd?$AA?2?$AAv?$AAc?$AAt?$AAo?$AAo?$AAl?$AAs?$AA?2?$AAc?$AAr?$AAt?$AA?2?$AAc?$AAr?$AAt?$AAw?$AA3?$AA2?$AA?2?$AAh?$AA?2?$AAt?$AAc?$AAs?$AAc?$AAp@ 0000000180030350     LIBCMTD:strcpy_s.obj
 0002:000023a0       ??_C@_1BC@CFJEPFGF@?$AAs?$AAt?$AAr?$AAc?$AAp?$AAy?$AA_?$AAs?$AA?$AA@ 00000001800303a0     LIBCMTD:strcpy_s.obj
 0002:000023b8       ??_C@_1CG@OFBJMIGJ@?$AA?$CI?$AA?$CI?$AA?$CI?$AA_?$AAS?$AAr?$AAc?$AA?$CJ?$AA?$CJ?$AA?$CJ?$AA?5?$AA?$CB?$AA?$DN?$AA?5?$AAN?$AAU?$AAL?$AAL?$AA?$AA@ 00000001800303b8     LIBCMTD:strcpy_s.obj
 0002:000023e0       ??_C@_1CI@HCPHDDLE@?$AAB?$AAu?$AAf?$AAf?$AAe?$AAr?$AA?5?$AAi?$AAs?$AA?5?$AAt?$AAo?$AAo?$AA?5?$AAs?$AAm?$AAa?$AAl?$AAl?$AA?$AA@ 00000001800303e0     LIBCMTD:strcpy_s.obj
 0002:00002408       ??_C@_1DM@MADKGDLO@?$AA?$CI?$AAL?$AA?$CC?$AAB?$AAu?$AAf?$AAf?$AAe?$AAr?$AA?5?$AAi?$AAs?$AA?5?$AAt?$AAo?$AAo?$AA?5?$AAs?$AAm?$AAa?$AAl?$AAl?$AA?$CC?$AA?5?$AA?$CG?$AA?$CG?$AA?5?$AA0?$AA?$CJ?$AA?$AA@ 0000000180030408     LIBCMTD:strcpy_s.obj
 0002:00002450       ??_C@_1FI@JBLIKEIM@?$AAf?$AA?3?$AA?2?$AAd?$AAd?$AA?2?$AAv?$AAc?$AAt?$AAo?$AAo?$AAl?$AAs?$AA?2?$AAc?$AAr?$AAt?$AA?2?$AAc?$AAr?$AAt?$AAw?$AA3?$AA2?$AA?2?$AAc?$AAo?$AAn?$AAv?$AAe?$AAr?$AAt@ 0000000180030450     LIBCMTD:_fptostr.obj
 0002:000024a8       ??_C@_1BC@OPALLEB@?$AA_?$AAf?$AAp?$AAt?$AAo?$AAs?$AAt?$AAr?$AA?$AA@ 00000001800304a8     LIBCMTD:_fptostr.obj
 0002:000024c0       ??_C@_1GM@CEDLGDDI@?$AAs?$AAi?$AAz?$AAe?$AAI?$AAn?$AAB?$AAy?$AAt?$AAe?$AAs?$AA?5?$AA?$DO?$AA?5?$AA?$CI?$AAs?$AAi?$AAz?$AAe?$AA_?$AAt?$AA?$CJ?$AA?$CI?$AA?$CI?$AAd?$AAi?$AAg?$AAi?$AAt?$AAs?$AA?5?$AA?$DO@ 00000001800304c0     LIBCMTD:_fptostr.obj
 0002:00002530       ??_C@_1BK@CLIEHFDF@?$AAp?$AAf?$AAl?$AAt?$AA?5?$AA?$CB?$AA?$DN?$AA?5?$AAN?$AAU?$AAL?$AAL?$AA?$AA@ 0000000180030530     LIBCMTD:_fptostr.obj
 0002:00002550       ??_C@_1EK@LJBJCHGA@?$AAf?$AA?3?$AA?2?$AAd?$AAd?$AA?2?$AAv?$AAc?$AAt?$AAo?$AAo?$AAl?$AAs?$AA?2?$AAc?$AAr?$AAt?$AA?2?$AAf?$AAp?$AAw?$AA3?$AA2?$AA?2?$AAc?$AAo?$AAn?$AAv?$AA?2?$AAc?$AAf?$AAo@ 0000000180030550     LIBCMTD:cfout.obj
 0002:000025a0       ??_C@_1BC@BPMMEHLK@?$AA_?$AAf?$AAl?$AAt?$AAo?$AAu?$AAt?$AA2?$AA?$AA@ 00000001800305a0     LIBCMTD:cfout.obj
 0002:000025c0       ??_C@_1FK@KODCOBKF@?$AAs?$AAt?$AAr?$AAc?$AAp?$AAy?$AA_?$AAs?$AA?$CI?$AAr?$AAe?$AAs?$AAu?$AAl?$AAt?$AAs?$AAt?$AAr?$AA?0?$AA?5?$AAr?$AAe?$AAs?$AAu?$AAl?$AAt?$AAs?$AAi?$AAz?$AAe?$AA?0?$AA?5@ 00000001800305c0     LIBCMTD:cfout.obj
 0002:00002638       ??_C@_1BA@GLMCNLEM@?$AAW?$AAa?$AAr?$AAn?$AAi?$AAn?$AAg?$AA?$AA@ 0000000180030638     LIBCMTD:dbgrptw.obj
 0002:00002648       ??_C@_1M@ILHOPKA@?$AAE?$AAr?$AAr?$AAo?$AAr?$AA?$AA@ 0000000180030648     LIBCMTD:dbgrptw.obj
 0002:00002658       ??_C@_1CC@CGHMNGDG@?$AAA?$AAs?$AAs?$AAe?$AAr?$AAt?$AAi?$AAo?$AAn?$AA?5?$AAF?$AAa?$AAi?$AAl?$AAe?$AAd?$AA?$AA@ 0000000180030658     LIBCMTD:dbgrptw.obj
 0002:00002680       ??_C@_17LGKOMLJ@?$AA?4?$AA?4?$AA?4?$AA?$AA@ 0000000180030680     LIBCMTD:dbgrptw.obj
 0002:00002690       ??_C@_1EO@JACJHHCK@?$AAf?$AA?3?$AA?2?$AAd?$AAd?$AA?2?$AAv?$AAc?$AAt?$AAo?$AAo?$AAl?$AAs?$AA?2?$AAc?$AAr?$AAt?$AA?2?$AAc?$AAr?$AAt?$AAw?$AA3?$AA2?$AA?2?$AAm?$AAi?$AAs?$AAc?$AA?2?$AAd?$AAb@ 0000000180030690     LIBCMTD:dbgrptw.obj
 0002:000026e0       ??_C@_1CI@PGJIFDEK@?$AA_?$AA_?$AAc?$AAr?$AAt?$AAM?$AAe?$AAs?$AAs?$AAa?$AAg?$AAe?$AAW?$AAi?$AAn?$AAd?$AAo?$AAw?$AAW?$AA?$AA@ 00000001800306e0     LIBCMTD:dbgrptw.obj
 0002:00002710       ??_C@_1GI@DEDNNLCI@?$AAw?$AAc?$AAs?$AAc?$AAp?$AAy?$AA_?$AAs?$AA?$CI?$AAs?$AAz?$AAE?$AAx?$AAe?$AAN?$AAa?$AAm?$AAe?$AA?0?$AA?5?$AA2?$AA6?$AA0?$AA?0?$AA?5?$AAL?$AA?$CC?$AA?$DM?$AAp?$AAr?$AAo?$AAg@ 0000000180030710     LIBCMTD:dbgrptw.obj
 0002:00002778       ??_C@_1CO@EAEJAADC@?$AA?$DM?$AAp?$AAr?$AAo?$AAg?$AAr?$AAa?$AAm?$AA?5?$AAn?$AAa?$AAm?$AAe?$AA?5?$AAu?$AAn?$AAk?$AAn?$AAo?$AAw?$AAn?$AA?$DO?$AA?$AA@ 0000000180030778     LIBCMTD:dbgrptw.obj
 0002:000027b0       ??_C@_1NO@LECLLHOL@?$AAm?$AAe?$AAm?$AAc?$AAp?$AAy?$AA_?$AAs?$AA?$CI?$AAs?$AAz?$AAS?$AAh?$AAo?$AAr?$AAt?$AAP?$AAr?$AAo?$AAg?$AAN?$AAa?$AAm?$AAe?$AA?0?$AA?5?$AAs?$AAi?$AAz?$AAe?$AAo?$AAf@ 00000001800307b0     LIBCMTD:dbgrptw.obj
 0002:00002890       ??_C@_1OG@PMPPFHAF@?$AA?6?$AA?6?$AAF?$AAo?$AAr?$AA?5?$AAi?$AAn?$AAf?$AAo?$AAr?$AAm?$AAa?$AAt?$AAi?$AAo?$AAn?$AA?5?$AAo?$AAn?$AA?5?$AAh?$AAo?$AAw?$AA?5?$AAy?$AAo?$AAu?$AAr?$AA?5?$AAp?$AAr@ 0000000180030890     LIBCMTD:dbgrptw.obj
 0002:00002978       ??_C@_11LOCGONAA@?$AA?$AA@ 0000000180030978     LIBCMTD:dbgrptw.obj
 0002:00002980       ??_C@_1BK@PEDCIPMA@?$AAE?$AAx?$AAp?$AAr?$AAe?$AAs?$AAs?$AAi?$AAo?$AAn?$AA?3?$AA?5?$AA?$AA@ 0000000180030980     LIBCMTD:dbgrptw.obj
 0002:0000299c       ??_C@_15IABLJNFO@?$AA?6?$AA?6?$AA?$AA@ 000000018003099c     LIBCMTD:dbgrptw.obj
 0002:000029a8       ??_C@_1BA@GLLGCPCK@?$AA?6?$AAL?$AAi?$AAn?$AAe?$AA?3?$AA?5?$AA?$AA@ 00000001800309a8     LIBCMTD:dbgrptw.obj
 0002:000029b8       ??_C@_1BA@LNHECFIM@?$AA?6?$AAF?$AAi?$AAl?$AAe?$AA?3?$AA?5?$AA?$AA@ 00000001800309b8     LIBCMTD:dbgrptw.obj
 0002:000029c8       ??_C@_1BE@CGCJKGHI@?$AA?6?$AAM?$AAo?$AAd?$AAu?$AAl?$AAe?$AA?3?$AA?5?$AA?$AA@ 00000001800309c8     LIBCMTD:dbgrptw.obj
 0002:000029e0       ??_C@_1KM@HNMIBKJH@?$AAD?$AAe?$AAb?$AAu?$AAg?$AA?5?$AA?$CF?$AAs?$AA?$CB?$AA?6?$AA?6?$AAP?$AAr?$AAo?$AAg?$AAr?$AAa?$AAm?$AA?3?$AA?5?$AA?$CF?$AAs?$AA?$CF?$AAs?$AA?$CF?$AAs?$AA?$CF?$AAs?$AA?$CF?$AAs?$AA?$CF?$AAs@ 00000001800309e0     LIBCMTD:dbgrptw.obj
 0002:00002a90       ??_C@_1JI@EACPGHID@?$AAw?$AAc?$AAs?$AAc?$AAp?$AAy?$AA_?$AAs?$AA?$CI?$AAs?$AAz?$AAO?$AAu?$AAt?$AAM?$AAe?$AAs?$AAs?$AAa?$AAg?$AAe?$AA?0?$AA?5?$AA4?$AA0?$AA9?$AA6?$AA?0?$AA?5?$AAL?$AA?$CC?$AA_@ 0000000180030a90     LIBCMTD:dbgrptw.obj
 0002:00002b30       ??_C@_1FG@BBOLDHGF@?$AA_?$AAC?$AAr?$AAt?$AAD?$AAb?$AAg?$AAR?$AAe?$AAp?$AAo?$AAr?$AAt?$AA?3?$AA?5?$AAS?$AAt?$AAr?$AAi?$AAn?$AAg?$AA?5?$AAt?$AAo?$AAo?$AA?5?$AAl?$AAo?$AAn?$AAg?$AA?5?$AAo@ 0000000180030b30     LIBCMTD:dbgrptw.obj
 0002:00002b90       ??_C@_1EK@MBDPDCGA@?$AAM?$AAi?$AAc?$AAr?$AAo?$AAs?$AAo?$AAf?$AAt?$AA?5?$AAV?$AAi?$AAs?$AAu?$AAa?$AAl?$AA?5?$AAC?$AA?$CL?$AA?$CL?$AA?5?$AAR?$AAu?$AAn?$AAt?$AAi?$AAm?$AAe?$AA?5?$AAL?$AAi?$AAb@ 0000000180030b90     LIBCMTD:dbgrptw.obj
 0002:00002bdc       ??_C@_03KOEHGMDN@Sun?$AA@  0000000180030bdc     LIBCMTD:nlsdata.obj
 0002:00002be0       ??_C@_03PDAGKDH@Mon?$AA@   0000000180030be0     LIBCMTD:nlsdata.obj
 0002:00002be4       ??_C@_03NAGEINEP@Tue?$AA@  0000000180030be4     LIBCMTD:nlsdata.obj
 0002:00002be8       ??_C@_03MHOMLAJA@Wed?$AA@  0000000180030be8     LIBCMTD:nlsdata.obj
 0002:00002bec       ??_C@_03IOFIKPDN@Thu?$AA@  0000000180030bec     LIBCMTD:nlsdata.obj
 0002:00002bf0       ??_C@_03IDIOELNC@Fri?$AA@  0000000180030bf0     LIBCMTD:nlsdata.obj
 0002:00002bf4       ??_C@_03FEFJNEK@Sat?$AA@   0000000180030bf4     LIBCMTD:nlsdata.obj
 0002:00002bf8       ??_C@_06OOPIFAJ@Sunday?$AA@ 0000000180030bf8     LIBCMTD:nlsdata.obj
 0002:00002c00       ??_C@_06JLEDEDGH@Monday?$AA@ 0000000180030c00     LIBCMTD:nlsdata.obj
 0002:00002c08       ??_C@_07BAAGCFCM@Tuesday?$AA@ 0000000180030c08     LIBCMTD:nlsdata.obj
 0002:00002c10       ??_C@_09DLIGFAKA@Wednesday?$AA@ 0000000180030c10     LIBCMTD:nlsdata.obj
 0002:00002c20       ??_C@_08HACCIKIA@Thursday?$AA@ 0000000180030c20     LIBCMTD:nlsdata.obj
 0002:00002c2c       ??_C@_06JECMNKMI@Friday?$AA@ 0000000180030c2c     LIBCMTD:nlsdata.obj
 0002:00002c38       ??_C@_08INBOOONO@Saturday?$AA@ 0000000180030c38     LIBCMTD:nlsdata.obj
 0002:00002c44       ??_C@_03JIHJHPIE@Jan?$AA@  0000000180030c44     LIBCMTD:nlsdata.obj
 0002:00002c48       ??_C@_03HJBDCHOM@Feb?$AA@  0000000180030c48     LIBCMTD:nlsdata.obj
 0002:00002c4c       ??_C@_03ODNJBKGA@Mar?$AA@  0000000180030c4c     LIBCMTD:nlsdata.obj
 0002:00002c50       ??_C@_03LEOLGMJP@Apr?$AA@  0000000180030c50     LIBCMTD:nlsdata.obj
 0002:00002c54       ??_C@_03CNMDKL@May?$AA@    0000000180030c54     LIBCMTD:nlsdata.obj
 0002:00002c58       ??_C@_03IDFGHECI@Jun?$AA@  0000000180030c58     LIBCMTD:nlsdata.obj
 0002:00002c5c       ??_C@_03LBGABGKK@Jul?$AA@  0000000180030c5c     LIBCMTD:nlsdata.obj
 0002:00002c60       ??_C@_03IFJFEIGA@Aug?$AA@  0000000180030c60     LIBCMTD:nlsdata.obj
 0002:00002c64       ??_C@_03GGCAPAJC@Sep?$AA@  0000000180030c64     LIBCMTD:nlsdata.obj
 0002:00002c68       ??_C@_03BMAOKBAD@Oct?$AA@  0000000180030c68     LIBCMTD:nlsdata.obj
 0002:00002c6c       ??_C@_03JPJOFNIA@Nov?$AA@  0000000180030c6c     LIBCMTD:nlsdata.obj
 0002:00002c70       ??_C@_03MKABNOCG@Dec?$AA@  0000000180030c70     LIBCMTD:nlsdata.obj
 0002:00002c78       ??_C@_07CGJPFGJA@January?$AA@ 0000000180030c78     LIBCMTD:nlsdata.obj
 0002:00002c80       ??_C@_08GNJGEPFN@February?$AA@ 0000000180030c80     LIBCMTD:nlsdata.obj
 0002:00002c8c       ??_C@_05HPCKOFNC@March?$AA@ 0000000180030c8c     LIBCMTD:nlsdata.obj
 0002:00002c94       ??_C@_05DMJDNLEJ@April?$AA@ 0000000180030c94     LIBCMTD:nlsdata.obj
 0002:00002c9c       ??_C@_04CNLMGBGM@June?$AA@ 0000000180030c9c     LIBCMTD:nlsdata.obj
 0002:00002ca4       ??_C@_04MIEPOIFP@July?$AA@ 0000000180030ca4     LIBCMTD:nlsdata.obj
 0002:00002cac       ??_C@_06LBBHFDDG@August?$AA@ 0000000180030cac     LIBCMTD:nlsdata.obj
 0002:00002cb8       ??_C@_09BHHEALKD@September?$AA@ 0000000180030cb8     LIBCMTD:nlsdata.obj
 0002:00002cc8       ??_C@_07JJNFCEND@October?$AA@ 0000000180030cc8     LIBCMTD:nlsdata.obj
 0002:00002cd0       ??_C@_08HCHEGEOA@November?$AA@ 0000000180030cd0     LIBCMTD:nlsdata.obj
 0002:00002ce0       ??_C@_08EDHMEBNP@December?$AA@ 0000000180030ce0     LIBCMTD:nlsdata.obj
 0002:00002cec       ??_C@_02DEDBPAFC@AM?$AA@   0000000180030cec     LIBCMTD:nlsdata.obj
 0002:00002cf0       ??_C@_02CJNFDJBF@PM?$AA@   0000000180030cf0     LIBCMTD:nlsdata.obj
 0002:00002cf8       ??_C@_08BPBNCDIB@MM?1dd?1yy?$AA@ 0000000180030cf8     LIBCMTD:nlsdata.obj
 0002:00002d08       ??_C@_0BE@CKGJFCPC@dddd?0?5MMMM?5dd?0?5yyyy?$AA@ 0000000180030d08     LIBCMTD:nlsdata.obj
 0002:00002d20       ??_C@_08JCCMCCIL@HH?3mm?3ss?$AA@ 0000000180030d20     LIBCMTD:nlsdata.obj
 0002:00002d30       ??_C@_17MBGCMIPB@?$AAS?$AAu?$AAn?$AA?$AA@ 0000000180030d30     LIBCMTD:nlsdata.obj
 0002:00002d38       ??_C@_17KBOMKBF@?$AAM?$AAo?$AAn?$AA?$AA@ 0000000180030d38     LIBCMTD:nlsdata.obj
 0002:00002d40       ??_C@_17BMKGEGOJ@?$AAT?$AAu?$AAe?$AA?$AA@ 0000000180030d40     LIBCMTD:nlsdata.obj
 0002:00002d48       ??_C@_17CJEDCEPE@?$AAW?$AAe?$AAd?$AA?$AA@ 0000000180030d48     LIBCMTD:nlsdata.obj
 0002:00002d50       ??_C@_17PDPHAADD@?$AAT?$AAh?$AAu?$AA?$AA@ 0000000180030d50     LIBCMTD:nlsdata.obj
 0002:00002d58       ??_C@_17HFOLPPLP@?$AAF?$AAr?$AAi?$AA?$AA@ 0000000180030d58     LIBCMTD:nlsdata.obj
 0002:00002d60       ??_C@_17GGIBDPIH@?$AAS?$AAa?$AAt?$AA?$AA@ 0000000180030d60     LIBCMTD:nlsdata.obj
 0002:00002d68       ??_C@_1O@IHNHDHPB@?$AAS?$AAu?$AAn?$AAd?$AAa?$AAy?$AA?$AA@ 0000000180030d68     LIBCMTD:nlsdata.obj
 0002:00002d78       ??_C@_1O@MMNBFLIA@?$AAM?$AAo?$AAn?$AAd?$AAa?$AAy?$AA?$AA@ 0000000180030d78     LIBCMTD:nlsdata.obj
 0002:00002d88       ??_C@_1BA@ENFBFFEK@?$AAT?$AAu?$AAe?$AAs?$AAd?$AAa?$AAy?$AA?$AA@ 0000000180030d88     LIBCMTD:nlsdata.obj
 0002:00002d98       ??_C@_1BE@EBOGMDOH@?$AAW?$AAe?$AAd?$AAn?$AAe?$AAs?$AAd?$AAa?$AAy?$AA?$AA@ 0000000180030d98     LIBCMTD:nlsdata.obj
 0002:00002db0       ??_C@_1BC@HHMNLIHE@?$AAT?$AAh?$AAu?$AAr?$AAs?$AAd?$AAa?$AAy?$AA?$AA@ 0000000180030db0     LIBCMTD:nlsdata.obj
 0002:00002dc8       ??_C@_1O@PDICJHAG@?$AAF?$AAr?$AAi?$AAd?$AAa?$AAy?$AA?$AA@ 0000000180030dc8     LIBCMTD:nlsdata.obj
 0002:00002dd8       ??_C@_1BC@ENMNNPAJ@?$AAS?$AAa?$AAt?$AAu?$AAr?$AAd?$AAa?$AAy?$AA?$AA@ 0000000180030dd8     LIBCMTD:nlsdata.obj
 0002:00002df0       ??_C@_17DKNBKCHM@?$AAJ?$AAa?$AAn?$AA?$AA@ 0000000180030df0     LIBCMTD:nlsdata.obj
[...]
 0004:00000b10       $pdata$_GetThrowImageBase  0000000180040b10     LIBCMTD:trnsctrl.obj
 0004:00000b1c       $pdata$_IsExceptionObjectToBeDestroyed 0000000180040b1c     LIBCMTD:trnsctrl.obj
 0004:00000b28       $pdata$_SetImageBase       0000000180040b28     LIBCMTD:trnsctrl.obj
 0004:00000b34       $pdata$_SetThrowImageBase  0000000180040b34     LIBCMTD:trnsctrl.obj
 0004:00000b40       $pdata$_UnwindNestedFrames 0000000180040b40     LIBCMTD:trnsctrl.obj
 0004:00000b4c       $pdata$__CxxFrameHandler3  0000000180040b4c     LIBCMTD:trnsctrl.obj
 0004:00000b58       $pdata$_locterm            0000000180040b58     LIBCMTD:wsetloca.obj
 0004:00000b64       $pdata$_isleadbyte_l       0000000180040b64     LIBCMTD:_wctype.obj
 0004:00000b70       $pdata$isleadbyte          0000000180040b70     LIBCMTD:_wctype.obj
 0004:00000b7c       $pdata$__isa_available_init 0000000180040b7c     LIBCMTD:cpu_disp.obj
 0004:00000b88       $pdata$_CopyMan            0000000180040b88     LIBCMTD:intrncvt.obj
 0004:00000b94       $pdata$_FillZeroMan        0000000180040b94     LIBCMTD:intrncvt.obj
 0004:00000ba0       $pdata$_IncMan             0000000180040ba0     LIBCMTD:intrncvt.obj
 0004:00000bac       $pdata$_IsZeroMan          0000000180040bac     LIBCMTD:intrncvt.obj
 0004:00000bb8       $pdata$_RoundMan           0000000180040bb8     LIBCMTD:intrncvt.obj
 0004:00000bc4       $pdata$_ShrMan             0000000180040bc4     LIBCMTD:intrncvt.obj
 0004:00000bd0       $pdata$_ZeroTail           0000000180040bd0     LIBCMTD:intrncvt.obj
 0004:00000bdc       $pdata$__addl              0000000180040bdc     LIBCMTD:intrncvt.obj
 0004:00000be8       $pdata$_ld12cvt            0000000180040be8     LIBCMTD:intrncvt.obj
 0004:00000bf4       $pdata$_ld12tod            0000000180040bf4     LIBCMTD:intrncvt.obj
 0004:00000c00       $pdata$_ld12tof            0000000180040c00     LIBCMTD:intrncvt.obj
 0004:00000c0c       $pdata$__ld12mul           0000000180040c0c     LIBCMTD:strgtold.obj
 0004:00000c18       $pdata$__multtenpow12      0000000180040c18     LIBCMTD:strgtold.obj
 0004:00000c24       $pdata$__shl_12            0000000180040c24     LIBCMTD:strgtold.obj
 0004:00000c30       $pdata$__shr_12            0000000180040c30     LIBCMTD:strgtold.obj
 0004:00000c3c       $pdata$__strgtold12_l      0000000180040c3c     LIBCMTD:strgtold.obj
 0004:00000c48       $pdata$$I10_OUTPUT         0000000180040c48     LIBCMTD:x10fout.obj
 0004:00000c54       $pdata$__add_12            0000000180040c54     LIBCMTD:x10fout.obj
 0004:00000c60       $pdata$memcpy_s            0000000180040c60     LIBCMTD:memcpy_s.obj
 0004:00000c6c       $pdata$wcscpy_s            0000000180040c6c     LIBCMTD:wcscpy_s.obj
 0004:00000c78       $pdata$wcslen              0000000180040c78     LIBCMTD:wcslen.obj
 0004:00000c84       $pdata$_snwprintf_s        0000000180040c84     LIBCMTD:swprintf.obj
 0004:00000c90       $pdata$__crtMessageBoxW    0000000180040c90     LIBCMTD:crtmboxw.obj
 0004:00000c9c       $pdata$__crtMessageBoxWaitThreadW 0000000180040c9c     LIBCMTD:crtmboxw.obj
 0004:00000ca8       $pdata$_VCrtDbgReportA     0000000180040ca8     LIBCMTD:dbgrptt.obj
 0004:00000cb4       $pdata$_VCrtDbgReportW     0000000180040cb4     LIBCMTD:dbgrptt.obj
 0004:00000ccc       $pdata$wcscat_s            0000000180040ccc     LIBCMTD:wcscat_s.obj
 0004:00000cd8       $pdata$wcsncpy_s           0000000180040cd8     LIBCMTD:wcsncpy_s.obj
 0004:00000ce4       $pdata$_set_error_mode     0000000180040ce4     LIBCMTD:errmode.obj
 0004:00000cf0       $pdata$abort               0000000180040cf0     LIBCMTD:abort.obj
 0004:00000cfc       $pdata$GetTableIndexFromLocaleName 0000000180040cfc     LIBCMTD:winapinls.obj
 0004:00000d08       $pdata$__crtDownlevelLocaleNameToLCID 0000000180040d08     LIBCMTD:winapinls.obj
 0004:00000d14       $pdata$__crtLCMapStringEx  0000000180040d14     LIBCMTD:winapinls.obj
 0004:00000d20       $pdata$__wcsnicmp_ascii    0000000180040d20     LIBCMTD:winapinls.obj
 0004:00000d2c       $pdata$_fileno             0000000180040d2c     LIBCMTD:fileno.obj
 0004:00000d38       $pdata$_isatty             0000000180040d38     LIBCMTD:isatty.obj
 0004:00000d44       $pdata$_fflush_nolock      0000000180040d44     LIBCMTD:fflush.obj
 0004:00000d50       $pdata$_flush              0000000180040d50     LIBCMTD:fflush.obj
 0004:00000d5c       $pdata$_flushall           0000000180040d5c     LIBCMTD:fflush.obj
 0004:00000d68       $pdata$flsall              0000000180040d68     LIBCMTD:fflush.obj
 0004:00000d74       $pdata$_fcloseall          0000000180040d74     LIBCMTD:closeall.obj
 0004:00000d80       $pdata$_flsbuf             0000000180040d80     LIBCMTD:_flsbuf.obj
 0004:00000d8c       $pdata$_vsnprintf_helper   0000000180040d8c     LIBCMTD:vsnprnc.obj
 0004:00000d98       $pdata$_vsnprintf_s        0000000180040d98     LIBCMTD:vsnprnc.obj
 0004:00000da4       $pdata$_vsnprintf_s_l      0000000180040da4     LIBCMTD:vsnprnc.obj
 0004:00000db0       $pdata$_vsprintf_s_l       0000000180040db0     LIBCMTD:vsnprnc.obj
 0004:00000dbc       $pdata$get_int64_arg       0000000180040dbc     LIBCMTD:output.obj
 0004:00000dc8       $pdata$get_int_arg         0000000180040dc8     LIBCMTD:output.obj
 0004:00000dd4       $pdata$get_short_arg       0000000180040dd4     LIBCMTD:output.obj
 0004:00000de0       $pdata$free                0000000180040de0     LIBCMTD:dbgfree.obj
 0004:00000dec       $pdata$malloc              0000000180040dec     LIBCMTD:dbgmalloc.obj
 0004:00000df8       $pdata$__DestructExceptionObject 0000000180040df8     LIBCMTD:frame.obj
 0004:00000e04       $pdata$??0bad_exception@std@@QEAA@AEBV01@@Z 0000000180040e04     LIBCMTD:frame.obj
 0004:00000e10       $pdata$??0bad_exception@std@@QEAA@PEBD@Z 0000000180040e10     LIBCMTD:frame.obj
 0004:00000e1c       $pdata$??1bad_exception@std@@UEAA@XZ 0000000180040e1c     LIBCMTD:frame.obj
 0004:00000e28       $pdata$??_Gbad_exception@std@@UEAAPEAXI@Z 0000000180040e28     LIBCMTD:frame.obj
 0004:00000e34       $pdata$?CatchIt@@YAXPEAUEHExceptionRecord@@PEA_KPEAU_CONTEXT@@PEAU_xDISPATCHER_CONTEXT@@PEBU_s_FuncInfo@@PEBU_s_HandlerType@@PEBU_s_CatchableType@@PEBU_s_TryBlockMapEntry@@H1EE@Z 0000000180040e34     LIBCMTD:frame.obj
 0004:00000e40       $pdata$?ExFilterRethrow@@YAHPEAU_EXCEPTION_POINTERS@@PEAUEHExceptionRecord@@PEAH@Z 0000000180040e40     LIBCMTD:frame.obj
 0004:00000e4c       $pdata$?FindHandler@@YAXPEAUEHExceptionRecord@@PEA_KPEAU_CONTEXT@@PEAU_xDISPATCHER_CONTEXT@@PEBU_s_FuncInfo@@EH1@Z 0000000180040e4c     LIBCMTD:frame.obj
 0004:00000e58       $pdata$?FindHandlerForForeignException@@YAXPEAUEHExceptionRecord@@PEA_KPEAU_CONTEXT@@PEAU_xDISPATCHER_CONTEXT@@PEBU_s_FuncInfo@@HH1@Z 0000000180040e58     LIBCMTD:frame.obj
 0004:00000e64       $pdata$?IsInExceptionSpec@@YAEPEAUEHExceptionRecord@@PEBU_s_ESTypeList@@@Z 0000000180040e64     LIBCMTD:frame.obj
 0004:00000e70       $pdata$?Is_bad_exception_allowed@@YAEPEBU_s_ESTypeList@@@Z 0000000180040e70     LIBCMTD:frame.obj
 0004:00000e7c       $pdata$?__RethrowException@@YAXPEAUEHExceptionRecord@@@Z 0000000180040e7c     LIBCMTD:frame.obj
 0004:00000e88       $pdata$__AdjustPointer     0000000180040e88     LIBCMTD:frame.obj
 0004:00000e94       $pdata$__BuildCatchObject  0000000180040e94     LIBCMTD:frame.obj
 0004:00000ea0       $pdata$__BuildCatchObjectHelper 0000000180040ea0     LIBCMTD:frame.obj
 0004:00000eac       $pdata$__CxxCallCatchBlock 0000000180040eac     LIBCMTD:frame.obj
 0004:00000eb8       $pdata$__FrameUnwindFilter 0000000180040eb8     LIBCMTD:frame.obj
 0004:00000ec4       $pdata$__FrameUnwindToState 0000000180040ec4     LIBCMTD:frame.obj
 0004:00000ed0       $pdata$__InternalCxxFrameHandler 0000000180040ed0     LIBCMTD:frame.obj
 0004:00000edc       $pdata$__TypeMatch         0000000180040edc     LIBCMTD:frame.obj
 0004:00000ee8       $pdata$?__GetCurrentState@@YAHPEA_KPEAU_xDISPATCHER_CONTEXT@@PEBU_s_FuncInfo@@@Z 0000000180040ee8     LIBCMTD:ehstate.obj
 0004:00000ef4       $pdata$?__GetUnwindTryBlock@@YAHPEA_KPEAU_xDISPATCHER_CONTEXT@@PEBU_s_FuncInfo@@@Z 0000000180040ef4     LIBCMTD:ehstate.obj
 0004:00000f00       $pdata$?__SetUnwindTryBlock@@YAXPEA_KPEAU_xDISPATCHER_CONTEXT@@PEBU_s_FuncInfo@@H@Z 0000000180040f00     LIBCMTD:ehstate.obj
 0004:00000f0c       $pdata$?__StateFromControlPc@@YAHPEBU_s_FuncInfo@@PEAU_xDISPATCHER_CONTEXT@@@Z 0000000180040f0c     LIBCMTD:ehstate.obj
 0004:00000f18       $pdata$?__StateFromIp@@YAHPEBU_s_FuncInfo@@PEAU_xDISPATCHER_CONTEXT@@_J@Z 0000000180040f18     LIBCMTD:ehstate.obj
 0004:00000f30       $pdata$__mtold12           0000000180040f30     LIBCMTD:mantold.obj
 0004:00000f3c       $pdata$_vsnwprintf_s       0000000180040f3c     LIBCMTD:vswprnc.obj
 0004:00000f48       $pdata$_vsnwprintf_s_l     0000000180040f48     LIBCMTD:vswprnc.obj
 0004:00000f54       $pdata$_vswprintf_helper   0000000180040f54     LIBCMTD:vswprnc.obj
 0004:00000f60       $pdata$strcat_s            0000000180040f60     LIBCMTD:strcat_s.obj
 0004:00000f6c       $pdata$_itoa_s             0000000180040f6c     LIBCMTD:xtoas.obj
 0004:00000f78       $pdata$xtoa_s              0000000180040f78     LIBCMTD:xtoas.obj
 0004:00000f84       $pdata$_mbstowcs_l_helper  0000000180040f84     LIBCMTD:mbstowcs.obj
 0004:00000f90       $pdata$_mbstowcs_s_l       0000000180040f90     LIBCMTD:mbstowcs.obj
 0004:00000f9c       $pdata$mbstowcs_s          0000000180040f9c     LIBCMTD:mbstowcs.obj
 0004:00000fa8       $pdata$?wcsncnt@@YA_KPEB_W_K@Z 0000000180040fa8     LIBCMTD:wcstombs.obj
 0004:00000fb4       $pdata$_wcstombs_l_helper  0000000180040fb4     LIBCMTD:wcstombs.obj
 0004:00000fc0       $pdata$_wcstombs_s_l       0000000180040fc0     LIBCMTD:wcstombs.obj
 0004:00000fcc       $pdata$wcstombs_s          0000000180040fcc     LIBCMTD:wcstombs.obj
 0004:00000fd8       $pdata$_itow_s             0000000180040fd8     LIBCMTD:xtows.obj
 0004:00000fe4       $pdata$xtow_s              0000000180040fe4     LIBCMTD:xtows.obj
 0004:00000ff0       $pdata$__GSHandlerCheck_SEH 0000000180040ff0     LIBCMTD:gshandlerseh.obj
 0004:00000ffc       $pdata$_commit             0000000180040ffc     LIBCMTD:commit.obj
 0004:00001008       $pdata$_write              0000000180041008     LIBCMTD:write.obj
 0004:00001014       $pdata$_write_nolock       0000000180041014     LIBCMTD:write.obj
 0004:00001020       $pdata$_fclose_nolock      0000000180041020     LIBCMTD:fclose.obj
 0004:0000102c       $pdata$fclose              000000018004102c     LIBCMTD:fclose.obj
 0004:00001038       $pdata$_lseeki64           0000000180041038     LIBCMTD:lseeki64.obj
 0004:00001044       $pdata$_lseeki64_nolock    0000000180041044     LIBCMTD:lseeki64.obj
 0004:00001050       $pdata$_getbuf             0000000180041050     LIBCMTD:_getbuf.obj
 0004:0000105c       $pdata$_output_s_l         000000018004105c     LIBCMTD:outputs.obj
 0004:00001068       $pdata$write_char          0000000180041068     LIBCMTD:outputs.obj
 0004:00001074       $pdata$write_multi_char    0000000180041074     LIBCMTD:outputs.obj
 0004:00001080       $pdata$write_string        0000000180041080     LIBCMTD:outputs.obj
 0004:0000108c       $pdata$_get_printf_count_output 000000018004108c     LIBCMTD:printf.obj
 0004:00001098       $pdata$_wctomb_s_l         0000000180041098     LIBCMTD:wctomb.obj
 0004:000010a4       $pdata$wctomb_s            00000001800410a4     LIBCMTD:wctomb.obj
 0004:000010b0       $pdata$??3@YAXPEAX@Z       00000001800410b0     LIBCMTD:dbgdel.obj
 0004:000010c8       $pdata$?_ValidateExecute@@YAHP6A_JXZ@Z 00000001800410c8     LIBCMTD:validate.obj
 0004:000010d4       $pdata$?_ValidateRead@@YAHPEBXI@Z 00000001800410d4     LIBCMTD:validate.obj
 0004:000010e0       $pdata$?_ValidateWrite@@YAHPEAXI@Z 00000001800410e0     LIBCMTD:validate.obj
 0004:000010f8       $pdata$??1type_info@@UEAA@XZ 00000001800410f8     LIBCMTD:typinfo.obj
 0004:00001104       $pdata$??8type_info@@QEBA_NAEBV0@@Z 0000000180041104     LIBCMTD:typinfo.obj
 0004:00001110       $pdata$??_Gtype_info@@UEAAPEAXI@Z 0000000180041110     LIBCMTD:typinfo.obj
 0004:0000111c       $pdata$??0exception@std@@QEAA@AEBQEBD@Z 000000018004111c     LIBCMTD:stdexcpt.obj
 0004:00001128       $pdata$??0exception@std@@QEAA@AEBV01@@Z 0000000180041128     LIBCMTD:stdexcpt.obj
 0004:00001134       $pdata$??1exception@std@@UEAA@XZ 0000000180041134     LIBCMTD:stdexcpt.obj
 0004:00001140       $pdata$??4exception@std@@QEAAAEAV01@AEBV01@@Z 0000000180041140     LIBCMTD:stdexcpt.obj
 0004:0000114c       $pdata$??_Gexception@std@@UEAAPEAXI@Z 000000018004114c     LIBCMTD:stdexcpt.obj
 0004:00001158       $pdata$?_Copy_str@exception@std@@AEAAXPEBD@Z 0000000180041158     LIBCMTD:stdexcpt.obj
 0004:00001164       $pdata$?_Tidy@exception@std@@AEAAXXZ 0000000180041164     LIBCMTD:stdexcpt.obj
 0004:00001170       $pdata$?what@exception@std@@UEBAPEBDXZ 0000000180041170     LIBCMTD:stdexcpt.obj
 0004:0000117c       $pdata$_CxxThrowException  000000018004117c     LIBCMTD:throw.obj
 0004:00001188       $pdata$_woutput_s_l        0000000180041188     LIBCMTD:woutputs.obj
 0004:00001194       $pdata$write_char          0000000180041194     LIBCMTD:woutputs.obj
 0004:000011a0       $pdata$write_multi_char    00000001800411a0     LIBCMTD:woutputs.obj
 0004:000011ac       $pdata$write_string        00000001800411ac     LIBCMTD:woutputs.obj
 0004:000011b8       $pdata$_fputwc_nolock      00000001800411b8     LIBCMTD:fputwc.obj
 0004:000011c4       $pdata$_mbtowc_l           00000001800411c4     LIBCMTD:mbtowc.obj
 0004:000011d0       $pdata$mbtowc              00000001800411d0     LIBCMTD:mbtowc.obj
 0004:000011dc       $pdata$__lock_fhandle      00000001800411dc     LIBCMTD:osfinfo.obj
 0004:000011e8       $pdata$_free_osfhnd        00000001800411e8     LIBCMTD:osfinfo.obj
 0004:000011f4       $pdata$_get_osfhandle      00000001800411f4     LIBCMTD:osfinfo.obj
 0004:00001200       $pdata$_unlock_fhandle     0000000180041200     LIBCMTD:osfinfo.obj
 0004:0000120c       $pdata$_putwch_nolock      000000018004120c     LIBCMTD:putwch.obj
 0004:00001218       $pdata$_close              0000000180041218     LIBCMTD:close.obj
 0004:00001224       $pdata$_close_nolock       0000000180041224     LIBCMTD:close.obj
 0004:00001230       $pdata$_freebuf            0000000180041230     LIBCMTD:_freebuf.obj
 0004:0000123c       $pdata$?_Type_info_dtor@type_info@@CAXPEAV1@@Z 000000018004123c     LIBCMTD:typname.obj
 0004:00001248       $pdata$_flswbuf            0000000180041248     LIBCMTD:_flswbuf.obj
 0004:00001254       $pdata$__termconout        0000000180041254     LIBCMTD:initcon.obj
 0004:00001260       $pdata$__initconout        0000000180041260     LIBCMTD:initcon.obj
 0004:0000126c       $pdata$_CRT_INIT$fin$0     000000018004126c     LIBCMTD:dllcrt0.obj
 0004:00001278       $pdata$__DllMainCRTStartup$filt$0 0000000180041278     LIBCMTD:dllcrt0.obj
 0004:00001284       $pdata$_ctrlfp$filt$0      0000000180041284     LIBCMTD:fpctrl.obj
 0004:00001290       $pdata$_freefls$fin$0      0000000180041290     LIBCMTD:tidtable.obj
 0004:0000129c       $pdata$_freefls$fin$1      000000018004129c     LIBCMTD:tidtable.obj
 0004:000012a8       $pdata$_initptd$fin$0      00000001800412a8     LIBCMTD:tidtable.obj
 0004:000012b4       $pdata$_initptd$fin$1      00000001800412b4     LIBCMTD:tidtable.obj
 0004:000012c0       $pdata$doexit$fin$0        00000001800412c0     LIBCMTD:crt0dat.obj
 0004:000012cc       $pdata$_ioinit$fin$0       00000001800412cc     LIBCMTD:ioinit.obj
 0004:000012d8       $pdata$?fin$0@?0??_CrtMemDumpAllObjectsSince_stat@@YAXPEBU_CrtMemState@@PEAUlocaleinfo_struct@@@Z@4HA 00000001800412d8     LIBCMTD:dbgheap.obj
 0004:000012e4       $pdata$?filt$0@?0??__crtIsBadReadPtr@@YAHPEBX_K@Z@4HA 00000001800412e4     LIBCMTD:dbgheap.obj
 0004:000012f0       $pdata$_CrtCheckMemory$fin$0 00000001800412f0     LIBCMTD:dbgheap.obj
 0004:000012fc       $pdata$_CrtMemCheckpoint$fin$0 00000001800412fc     LIBCMTD:dbgheap.obj
 0004:00001308       $pdata$_CrtSetDbgFlag$fin$0 0000000180041308     LIBCMTD:dbgheap.obj
 0004:00001314       $pdata$_free_dbg$fin$0     0000000180041314     LIBCMTD:dbgheap.obj
 0004:00001320       $pdata$_heap_alloc_dbg_impl$fin$0 0000000180041320     LIBCMTD:dbgheap.obj
 0004:0000132c       $pdata$_msize_dbg$fin$0    000000018004132c     LIBCMTD:dbgheap.obj
 0004:00001338       $pdata$_realloc_dbg$fin$0  0000000180041338     LIBCMTD:dbgheap.obj
 0004:00001344       $pdata$__updatetlocinfo$fin$0 0000000180041344     LIBCMTD:localref.obj
 0004:00001350       $pdata$?dtor$0@?0??getSystemCP@@YAHH@Z@4HA 0000000180041350     LIBCMTD:mbctype.obj
 0004:0000135c       $pdata$__updatetmbcinfo$fin$0 000000018004135c     LIBCMTD:mbctype.obj
 0004:00001368       $pdata$_setmbcp$fin$0      0000000180041368     LIBCMTD:mbctype.obj
 0004:00001374       $pdata$_mtinitlocknum$fin$0 0000000180041374     LIBCMTD:mlock.obj
 0004:00001380       $pdata$_IsNonwritableInCurrentImage$filt$0 0000000180041380     LIBCMTD:pesect.obj
 0004:0000138c       $pdata$_onexit$fin$0       000000018004138c     LIBCMTD:onexit.obj
 0004:00001398       $pdata$?filt$0@?0??_inconsistency@@YAXXZ@4HA 0000000180041398     LIBCMTD:hooks.obj
 0004:000013a4       $pdata$?filt$0@?0??terminate@@YAXXZ@4HA 00000001800413a4     LIBCMTD:hooks.obj
 0004:000013b0       $pdata$raise$fin$0         00000001800413b0     LIBCMTD:winsig.obj
 0004:000013bc       $pdata$?dtor$0@?0??x_ismbbtype_l@@YAHPEAUlocaleinfo_struct@@IHH@Z@4HA 00000001800413bc     LIBCMTD:ismbbyte.obj
 0004:000013c8       $pdata$_CallSETranslator$filt$0 00000001800413c8     LIBCMTD:trnsctrl.obj
 0004:000013d4       $pdata$_locterm$fin$0      00000001800413d4     LIBCMTD:wsetloca.obj
 0004:000013e0       $pdata$_VCrtDbgReportA$fin$0 00000001800413e0     LIBCMTD:dbgrptt.obj
 0004:000013ec       $pdata$_VCrtDbgReportA$fin$1 00000001800413ec     LIBCMTD:dbgrptt.obj
 0004:000013f8       $pdata$_VCrtDbgReportW$fin$0 00000001800413f8     LIBCMTD:dbgrptt.obj
 0004:00001404       $pdata$_VCrtDbgReportW$fin$1 0000000180041404     LIBCMTD:dbgrptt.obj
 0004:00001410       $pdata$flsall$fin$0        0000000180041410     LIBCMTD:fflush.obj
 0004:0000141c       $pdata$flsall$fin$1        000000018004141c     LIBCMTD:fflush.obj
 0004:00001428       $pdata$_fcloseall$fin$0    0000000180041428     LIBCMTD:closeall.obj
 0004:00001434       $pdata$__BuildCatchObject$filt$0 0000000180041434     LIBCMTD:frame.obj
 0004:00001440       $pdata$__BuildCatchObjectHelper$filt$0 0000000180041440     LIBCMTD:frame.obj
 0004:0000144c       $pdata$__CxxCallCatchBlock$filt$0 000000018004144c     LIBCMTD:frame.obj
 0004:00001458       $pdata$__CxxCallCatchBlock$fin$1 0000000180041458     LIBCMTD:frame.obj
 0004:00001464       $pdata$__DestructExceptionObject$filt$0 0000000180041464     LIBCMTD:frame.obj
 0004:00001470       $pdata$__FrameUnwindToState$filt$0 0000000180041470     LIBCMTD:frame.obj
 0004:0000147c       $pdata$__FrameUnwindToState$fin$1 000000018004147c     LIBCMTD:frame.obj
 0004:00001488       $pdata$_commit$fin$0       0000000180041488     LIBCMTD:commit.obj
 0004:00001494       $pdata$_write$fin$0        0000000180041494     LIBCMTD:write.obj
 0004:000014a0       $pdata$fclose$fin$0        00000001800414a0     LIBCMTD:fclose.obj
 0004:000014ac       $pdata$_lseeki64$fin$0     00000001800414ac     LIBCMTD:lseeki64.obj
 0004:000014b8       $pdata$?fin$0@?0???3@YAXPEAX@Z@4HA 00000001800414b8     LIBCMTD:dbgdel.obj
 0004:000014c4       $pdata$__lock_fhandle$fin$0 00000001800414c4     LIBCMTD:osfinfo.obj
 0004:000014d0       $pdata$_close$fin$0        00000001800414d0     LIBCMTD:close.obj
 0004:000014dc       $pdata$?fin$0@?0??_Type_info_dtor@type_info@@CAXPEAV1@@Z@4HA 00000001800414dc     LIBCMTD:typname.obj
