 win32_fluffy

 Timestamp is 5b2154d0 (Wed Jun 13 13:30:56 2018)

 Preferred load address is 0000000140000000

 Start         Length     Name                   Class
 0001:00000000 0002812cH .text$mn                CODE
 0001:00028130 0000079bH .text$x                 CODE
 0002:00000000 00000378H .idata$5                DATA
 0002:00000378 00000008H .CRT$XCA                DATA
 0002:00000380 00000008H .CRT$XCZ                DATA
 0002:00000388 00000008H .CRT$XIA                DATA
 0002:00000390 00000020H .CRT$XIC                DATA
 0002:000003b0 00000008H .CRT$XIY                DATA
 0002:000003b8 00000008H .CRT$XIZ                DATA
 0002:000003c0 00000008H .CRT$XPA                DATA
 0002:000003c8 00000010H .CRT$XPX                DATA
 0002:000003d8 00000008H .CRT$XPXA               DATA
 0002:000003e0 00000008H .CRT$XPZ                DATA
 0002:000003e8 00000008H .CRT$XTA                DATA
 0002:000003f0 00000008H .CRT$XTZ                DATA
 0002:00000400 0000b300H .rdata                  DATA
 0002:0000b700 00000054H .rdata$debug            DATA
 0002:0000b758 0000016cH .rdata$r                DATA
 0002:0000b8c8 00000008H .rtc$IAA                DATA
 0002:0000b8d0 00000008H .rtc$IZZ                DATA
 0002:0000b8d8 00000008H .rtc$TAA                DATA
 0002:0000b8e0 00000008H .rtc$TZZ                DATA
 0002:0000b8e8 00001404H .xdata                  DATA
 0002:0000ccf0 00000084H .xdata$x                DATA
 0002:0000cd74 00000000H .edata                  DATA
 0002:0000cd74 00000050H .idata$2                DATA
 0002:0000cdc4 00000014H .idata$3                DATA
 0002:0000cdd8 00000378H .idata$4                DATA
 0002:0000d150 000007caH .idata$6                DATA
 0003:00000000 00001648H .data                   DATA
 0003:00001648 00000070H .data$r                 DATA
 0003:000016c0 00002678H .bss                    DATA
 0004:00000000 000014acH .pdata                  DATA

  Address         Publics by Value              Rva+Base               Lib:Object

 0000:00000000       __guard_fids_count         0000000000000000     <absolute>
 0000:00000000       ___safe_se_handler_count   0000000000000000     <absolute>
 0000:00000000       __guard_flags              0000000000000000     <absolute>
 0000:00000000       __guard_fids_table         0000000000000000     <absolute>
 0000:00000000       ___safe_se_handler_table   0000000000000000     <absolute>
 0000:00000000       __ImageBase                0000000140000000     <linker-defined>
 0001:00000000       WinMain                    0000000140001000 f   win32_fluffy.obj
 0001:000015e0       ?GLLoadTextureToGpu@@YAIIIPEAX@Z 00000001400025e0 f   win32_fluffy.obj
 0001:00001ee0       ??$_snprintf_s@$0BAA@@@YAHAEAY0BAA@D_KPEBDZZ 0000000140002ee0 f i win32_fluffy.obj
 0001:00001f30       ?GLCheckError@@YAXXZ       0000000140002f30 f i win32_fluffy.obj
 0001:00001f40       ?InitArena@@YA?AUmem_arena@@PEAX_K@Z 0000000140002f40 f i win32_fluffy.obj
 0001:00001fa0       ?PushSize@@YAPEAXPEAUmem_arena@@_KI@Z 0000000140002fa0 f i win32_fluffy.obj
 0001:00002090       ?Win32GetClock@@YA?AT_LARGE_INTEGER@@XZ 0000000140003090 f i win32_fluffy.obj
 0001:000020b0       ?Win32GetLastFileTime@@YA?AU_FILETIME@@PEAD@Z 00000001400030b0 f i win32_fluffy.obj
 0001:00002120       ?Win32GetSecondsBetween@@YAMT_LARGE_INTEGER@@0@Z 0000000140003120 f i win32_fluffy.obj
 0001:00002160       ?Win32SetPixelFormat@@YAXPEAUHDC__@@H@Z 0000000140003160 f i win32_fluffy.obj
 0001:000021c0       ?Win32UpdatePlatformApi@@YAXPEAUgame_memory@@@Z 00000001400031c0 f i win32_fluffy.obj
 0001:000021f0       _vsnprintf_helper          00000001400031f0 f   LIBCMTD:vsnprnc.obj
 0001:000024d0       _vsnprintf_s               00000001400034d0 f   LIBCMTD:vsnprnc.obj
 0001:00002520       _vsnprintf_s_l             0000000140003520 f   LIBCMTD:vsnprnc.obj
 0001:00002ac0       _vsprintf_s_l              0000000140003ac0 f   LIBCMTD:vsnprnc.obj
 0001:00002e50       __GSHandlerCheck           0000000140003e50 f   LIBCMTD:gshandler.obj
 0001:00002e90       __GSHandlerCheckCommon     0000000140003e90 f   LIBCMTD:gshandler.obj
 0001:00002fa0       __security_check_cookie    0000000140003fa0 f   LIBCMTD:amdsecgs.obj
 0001:00002fc0       _fpmath                    0000000140003fc0 f   LIBCMTD:fpinit.obj
 0001:00002fe0       _cfltcvt_init              0000000140003fe0 f   LIBCMTD:fpinit.obj
 0001:000030f0       WinMainCRTStartup          00000001400040f0 f   LIBCMTD:wincrt0.obj
 0001:00003340       _call_reportfault          0000000140004340 f   LIBCMTD:invarg.obj
 0001:00003470       _initp_misc_invarg         0000000140004470 f   LIBCMTD:invarg.obj
 0001:00003490       _invalid_parameter         0000000140004490 f   LIBCMTD:invarg.obj
 0001:00003520       _invoke_watson             0000000140004520 f   LIBCMTD:invarg.obj
 0001:00003580       _flsbuf                    0000000140004580 f   LIBCMTD:_flsbuf.obj
 0001:00003920       _CrtDbgReportW             0000000140004920 f   LIBCMTD:dbgrptw.obj
 0001:000039a0       _CrtDbgReportWV            00000001400049a0 f i LIBCMTD:dbgrptw.obj
 0001:00003a00       __crtMessageWindowW        0000000140004a00 f   LIBCMTD:dbgrptw.obj
 0001:00004080       _invoke_watson_if_error    0000000140005080 f i LIBCMTD:dbgrptw.obj
 0001:000040d0       _invoke_watson_if_oneof    00000001400050d0 f i LIBCMTD:dbgrptw.obj
 0001:00004150       memset                     0000000140005150 f   LIBCMTD:memset.obj
 0001:00004380       ??0_LocaleUpdate@@QEAA@PEAUlocaleinfo_struct@@@Z 0000000140005380 f i LIBCMTD:output.obj
 0001:000044c0       ??1_LocaleUpdate@@QEAA@XZ  00000001400054c0 f i LIBCMTD:output.obj
 0001:00004500       ?GetLocaleT@_LocaleUpdate@@QEAAPEAUlocaleinfo_struct@@XZ 0000000140005500 f i LIBCMTD:output.obj
 0001:00004510       get_int64_arg              0000000140005510 f i LIBCMTD:output.obj
 0001:00004580       get_int_arg                0000000140005580 f i LIBCMTD:output.obj
 0001:000045e0       get_short_arg              00000001400055e0 f i LIBCMTD:output.obj
 0001:00004650       _output_s_l                0000000140005650 f   LIBCMTD:outputs.obj
 0001:00006230       __doserrno                 0000000140007230 f   LIBCMTD:dosmap.obj
 0001:00006260       _dosmaperr                 0000000140007260 f   LIBCMTD:dosmap.obj
 0001:00006290       _errno                     0000000140007290 f   LIBCMTD:dosmap.obj
 0001:000062c0       _get_errno_from_oserr      00000001400072c0 f   LIBCMTD:dosmap.obj
 0001:00006880       _CrtCheckMemory            0000000140007880 f   LIBCMTD:dbgheap.obj
 0001:00006e20       _CrtDumpMemoryLeaks        0000000140007e20 f   LIBCMTD:dbgheap.obj
 0001:00006ee0       _CrtGetCheckCount          0000000140007ee0 f   LIBCMTD:dbgheap.obj
 0001:00006ef0       _CrtIsValidHeapPointer     0000000140007ef0 f   LIBCMTD:dbgheap.obj
 0001:00006f50       _CrtIsValidPointer         0000000140007f50 f   LIBCMTD:dbgheap.obj
 0001:00006f90       _CrtMemCheckpoint          0000000140007f90 f   LIBCMTD:dbgheap.obj
 0001:00007220       _CrtMemDumpAllObjectsSince 0000000140008220 f   LIBCMTD:dbgheap.obj
 0001:00007270       _CrtSetCheckCount          0000000140008270 f   LIBCMTD:dbgheap.obj
 0001:00007290       _CrtSetDbgFlag             0000000140008290 f   LIBCMTD:dbgheap.obj
 0001:000073d0       _calloc_dbg                00000001400083d0 f   LIBCMTD:dbgheap.obj
 0001:00007450       _calloc_dbg_impl           0000000140008450 f   LIBCMTD:dbgheap.obj
 0001:00007500       _free_dbg                  0000000140008500 f   LIBCMTD:dbgheap.obj
 0001:00007540       _free_dbg_nolock           0000000140008540 f   LIBCMTD:dbgheap.obj
 0001:000080d0       _malloc_dbg                00000001400090d0 f   LIBCMTD:dbgheap.obj
 0001:00008120       _msize_dbg                 0000000140009120 f   LIBCMTD:dbgheap.obj
 0001:00008370       _nh_malloc_dbg             0000000140009370 f   LIBCMTD:dbgheap.obj
 0001:00008700       _realloc_dbg               0000000140009700 f   LIBCMTD:dbgheap.obj
 0001:00009070       __raise_securityfailure    000000014000a070 f   LIBCMTD:gs_report.obj
 0001:000090c0       __report_gsfailure         000000014000a0c0 f   LIBCMTD:gs_report.obj
 0001:000091a0       __report_rangecheckfailure 000000014000a1a0 f   LIBCMTD:gs_report.obj
 0001:000091c0       __report_securityfailure   000000014000a1c0 f   LIBCMTD:gs_report.obj
 0001:00009260       ?strrchr@@YAPEADPEADH@Z    000000014000a260 f i LIBCMTD:cvt.obj
 0001:00009280       _cfltcvt                   000000014000a280 f   LIBCMTD:cvt.obj
 0001:000092d0       _cfltcvt_l                 000000014000a2d0 f   LIBCMTD:cvt.obj
 0001:000093f0       _cftoa_l                   000000014000a3f0 f   LIBCMTD:cvt.obj
 0001:00009ef0       _cftoe                     000000014000aef0 f   LIBCMTD:cvt.obj
 0001:0000a510       _cftoe_l                   000000014000b510 f   LIBCMTD:cvt.obj
 0001:0000ac10       _cftof_l                   000000014000bc10 f   LIBCMTD:cvt.obj
 0001:0000aef0       _cftog_l                   000000014000bef0 f   LIBCMTD:cvt.obj
 0001:0000b2b0       _cropzeros                 000000014000c2b0 f   LIBCMTD:cvt.obj
 0001:0000b2d0       _cropzeros_l               000000014000c2d0 f   LIBCMTD:cvt.obj
 0001:0000b450       _fassign                   000000014000c450 f   LIBCMTD:cvt.obj
 0001:0000b480       _fassign_l                 000000014000c480 f   LIBCMTD:cvt.obj
 0001:0000b4f0       _forcdecpt                 000000014000c4f0 f   LIBCMTD:cvt.obj
 0001:0000b510       _forcdecpt_l               000000014000c510 f   LIBCMTD:cvt.obj
 0001:0000b610       _positive                  000000014000c610 f   LIBCMTD:cvt.obj
 0001:0000b6a0       _initp_misc_cfltcvt_tab    000000014000c6a0 f   LIBCMTD:cmiscdat.obj
 0001:0000b6f0       ?__CxxUnhandledExceptionFilter@@YAJPEAU_EXCEPTION_POINTERS@@@Z 000000014000c6f0 f   LIBCMTD:unhandld.obj
 0001:0000b770       __CxxSetUnhandledExceptionFilter 000000014000c770 f   LIBCMTD:unhandld.obj
 0001:0000b790       _XcptFilter                000000014000c790 f   LIBCMTD:winxfltr.obj
 0001:0000bac0       _freefls                   000000014000cac0 f   LIBCMTD:tidtable.obj
 0001:0000bcd0       _getptd                    000000014000ccd0 f   LIBCMTD:tidtable.obj
 0001:0000bd00       _getptd_noexit             000000014000cd00 f   LIBCMTD:tidtable.obj
 0001:0000bdd0       _initptd                   000000014000cdd0 f   LIBCMTD:tidtable.obj
 0001:0000bf00       _mtinit                    000000014000cf00 f   LIBCMTD:tidtable.obj
 0001:0000bfc0       _mtterm                    000000014000cfc0 f   LIBCMTD:tidtable.obj
 0001:0000bff0       __crtCorExitProcess        000000014000cff0 f   LIBCMTD:crt0dat.obj
 0001:0000c040       __crtExitProcess           000000014000d040 f   LIBCMTD:crt0dat.obj
 0001:0000c060       __freeCrtMemory            000000014000d060 f   LIBCMTD:crt0dat.obj
 0001:0000c290       _amsg_exit                 000000014000d290 f   LIBCMTD:crt0dat.obj
 0001:0000c2c0       _c_exit                    000000014000d2c0 f   LIBCMTD:crt0dat.obj
 0001:0000c2e0       _cexit                     000000014000d2e0 f   LIBCMTD:crt0dat.obj
 0001:0000c300       _cinit                     000000014000d300 f   LIBCMTD:crt0dat.obj
 0001:0000c3b0       _exit                      000000014000d3b0 f   LIBCMTD:crt0dat.obj
 0001:0000c3d0       _init_pointers             000000014000d3d0 f   LIBCMTD:crt0dat.obj
 0001:0000c480       _initterm_e                000000014000d480 f   LIBCMTD:crt0dat.obj
 0001:0000c4e0       _lockexit                  000000014000d4e0 f   LIBCMTD:crt0dat.obj
 0001:0000c500       _unlockexit                000000014000d500 f   LIBCMTD:crt0dat.obj
 0001:0000c730       exit                       000000014000d730 f   LIBCMTD:crt0dat.obj
 0001:0000c750       _heap_init                 000000014000d750 f   LIBCMTD:heapinit.obj
 0001:0000c780       _ioinit                    000000014000d780 f   LIBCMTD:ioinit.obj
 0001:0000cd60       _set_pgmptr                000000014000dd60 f i LIBCMTD:stdargv.obj
 0001:0000cd80       _setargv                   000000014000dd80 f   LIBCMTD:stdargv.obj
 0001:0000d3e0       _setenvp                   000000014000e3e0 f   LIBCMTD:stdenvp.obj
 0001:0000d5f0       _FF_MSGBANNER              000000014000e5f0 f   LIBCMTD:crt0msg.obj
 0001:0000d640       _GET_RTERRMSG              000000014000e640 f   LIBCMTD:crt0msg.obj
 0001:0000d6a0       _NMSG_WRITE                000000014000e6a0 f   LIBCMTD:crt0msg.obj
 0001:0000dad0       __set_app_type             000000014000ead0 f   LIBCMTD:errmode.obj
 0001:0000dae0       _set_error_mode            000000014000eae0 f   LIBCMTD:errmode.obj
 0001:0000dbf0       __security_init_cookie     000000014000ebf0 f   LIBCMTD:gs_support.obj
 0001:0000dd10       _RTC_Initialize            000000014000ed10 f   LIBCMTD:initsect.obj
 0001:0000dd50       _RTC_Terminate             000000014000ed50 f   LIBCMTD:initsect.obj
 0001:0000dd90       __crtGetEnvironmentStringsA 000000014000ed90 f   LIBCMTD:a_env.obj
 0001:0000df70       __crtCaptureCurrentContext 000000014000ef70 f   LIBCMTD:winapisupp.obj
 0001:0000e010       __crtCapturePreviousContext 000000014000f010 f   LIBCMTD:winapisupp.obj
 0001:0000e0d0       __crtFlsAlloc              000000014000f0d0 f   LIBCMTD:winapisupp.obj
 0001:0000e120       __crtFlsFree               000000014000f120 f   LIBCMTD:winapisupp.obj
 0001:0000e170       __crtFlsGetValue           000000014000f170 f   LIBCMTD:winapisupp.obj
 0001:0000e1c0       __crtFlsSetValue           000000014000f1c0 f   LIBCMTD:winapisupp.obj
 0001:0000e220       __crtGetShowWindowMode     000000014000f220 f   LIBCMTD:winapisupp.obj
 0001:0000e260       __crtInitializeCriticalSectionEx 000000014000f260 f   LIBCMTD:winapisupp.obj
 0001:0000e2d0       __crtIsPackagedApp         000000014000f2d0 f   LIBCMTD:winapisupp.obj
 0001:0000e310       __crtLoadWinApiPointers    000000014000f310 f   LIBCMTD:winapisupp.obj
 0001:0000e900       __crtSetUnhandledExceptionFilter 000000014000f900 f   LIBCMTD:winapisupp.obj
 0001:0000e920       __crtTerminateProcess      000000014000f920 f   LIBCMTD:winapisupp.obj
 0001:0000e940       __crtUnhandledException    000000014000f940 f   LIBCMTD:winapisupp.obj
 0001:0000e970       _wincmdln                  000000014000f970 f   LIBCMTD:wincmdln.obj
 0001:0000ea80       __C_specific_handler       000000014000fa80 f   LIBCMTD:chandler.obj
 0001:0000eea0       _CrtDefaultAllocHook       000000014000fea0 f   LIBCMTD:dbghook.obj
 0001:0000eec0       __crt_debugger_hook        000000014000fec0 f   LIBCMTD:dbghook.obj
 0001:0000eed0       __initstdio                000000014000fed0 f   LIBCMTD:_file.obj
 0001:0000efd0       __endstdio                 000000014000ffd0 f   LIBCMTD:_file.obj
 0001:0000f010       __iob_func                 0000000140010010 f   LIBCMTD:_file.obj
 0001:0000f020       _lock_file                 0000000140010020 f   LIBCMTD:_file.obj
 0001:0000f0b0       _lock_file2                00000001400100b0 f   LIBCMTD:_file.obj
 0001:0000f100       _unlock_file               0000000140010100 f   LIBCMTD:_file.obj
 0001:0000f190       _unlock_file2              0000000140010190 f   LIBCMTD:_file.obj
 0001:0000f1e0       _fileno                    00000001400101e0 f   LIBCMTD:fileno.obj
 0001:0000f2a0       _isatty                    00000001400102a0 f   LIBCMTD:isatty.obj
 0001:0000f3b0       _write                     00000001400103b0 f   LIBCMTD:write.obj
 0001:0000f650       _write_nolock              0000000140010650 f   LIBCMTD:write.obj
 0001:00010790       _lseeki64                  0000000140011790 f   LIBCMTD:lseeki64.obj
 0001:00010a40       _lseeki64_nolock           0000000140011a40 f   LIBCMTD:lseeki64.obj
 0001:00010b60       _getbuf                    0000000140011b60 f   LIBCMTD:_getbuf.obj
 0001:00010c70       memcpy_s                   0000000140011c70 f   LIBCMTD:memcpy_s.obj
 0001:00010ee0       wcscpy_s                   0000000140011ee0 f   LIBCMTD:wcscpy_s.obj
 0001:00011390       wcslen                     0000000140012390 f   LIBCMTD:wcslen.obj
 0001:000113e0       _lock                      00000001400123e0 f   LIBCMTD:mlock.obj
 0001:00011440       _mtdeletelocks             0000000140012440 f   LIBCMTD:mlock.obj
 0001:00011560       _mtinitlocknum             0000000140012560 f   LIBCMTD:mlock.obj
 0001:00011660       _mtinitlocks               0000000140012660 f   LIBCMTD:mlock.obj
 0001:00011700       _unlock                    0000000140012700 f   LIBCMTD:mlock.obj
 0001:00011730       _snwprintf_s               0000000140012730 f   LIBCMTD:swprintf.obj
 0001:00011790       __get_sigabrt              0000000140012790 f   LIBCMTD:winsig.obj
 0001:000117b0       _initp_misc_winsig         00000001400127b0 f   LIBCMTD:winsig.obj
 0001:000117f0       raise                      00000001400127f0 f   LIBCMTD:winsig.obj
 0001:00011c60       __crtMessageBoxW           0000000140012c60 f   LIBCMTD:crtmboxw.obj
 0001:000120d0       __crtMessageBoxWaitThreadW 00000001400130d0 f   LIBCMTD:crtmboxw.obj
 0001:00012120       _CrtDbgBreak               0000000140013120 f   LIBCMTD:dbgrptt.obj
 0001:00012130       _VCrtDbgReportA            0000000140013130 f   LIBCMTD:dbgrptt.obj
 0001:00012b00       _VCrtDbgReportW            0000000140013b00 f   LIBCMTD:dbgrptt.obj
 0001:00013650       _alloca_probe              0000000140014650 f   LIBCMTD:chkstk.obj
 0001:00013650       __chkstk                   0000000140014650 f   LIBCMTD:chkstk.obj
 0001:000136a0       __isa_available_init       00000001400146a0 f   LIBCMTD:cpu_disp.obj
 0001:000139e0       __addlocaleref             00000001400149e0 f   LIBCMTD:localref.obj
 0001:00013b30       __freetlocinfo             0000000140014b30 f   LIBCMTD:localref.obj
 0001:00013ee0       __removelocaleref          0000000140014ee0 f   LIBCMTD:localref.obj
 0001:00014040       __updatetlocinfo           0000000140015040 f   LIBCMTD:localref.obj
 0001:000140e0       _updatetlocinfoEx_nolock   00000001400150e0 f   LIBCMTD:localref.obj
 0001:00014180       __initmbctable             0000000140015180 f   LIBCMTD:mbctype.obj
 0001:00014810       __updatetmbcinfo           0000000140015810 f   LIBCMTD:mbctype.obj
 0001:00014920       _setmbcp                   0000000140015920 f   LIBCMTD:mbctype.obj
 0001:00014c10       _setmbcp_nolock            0000000140015c10 f   LIBCMTD:mbctype.obj
 0001:00015060       _isleadbyte_l              0000000140016060 f i LIBCMTD:_wctype.obj
 0001:000150c0       isleadbyte                 00000001400160c0 f i LIBCMTD:_wctype.obj
 0001:000150f0       strlen                     00000001400160f0 f   LIBCMTD:strlen.obj
 0001:000151a0       _get_printf_count_output   00000001400161a0 f   LIBCMTD:printf.obj
 0001:000151d0       _wctomb_s_l                00000001400161d0 f   LIBCMTD:wctomb.obj
 0001:00015670       wctomb_s                   0000000140016670 f   LIBCMTD:wctomb.obj
 0001:000156c0       _chvalidator               00000001400166c0 f   LIBCMTD:isctype.obj
 0001:00015730       _chvalidator_l             0000000140016730 f   LIBCMTD:isctype.obj
 0001:00015840       _isctype_l                 0000000140016840 f   LIBCMTD:isctype.obj
 0001:00015a30       memmove                    0000000140016a30 f   LIBCMTD:memcpy.obj
 0001:00015a30       memcpy                     0000000140016a30 f   LIBCMTD:memcpy.obj
 0001:00015fa0       _free_base                 0000000140016fa0 f   LIBCMTD:free.obj
 0001:00016000       _realloc_base              0000000140017000 f   LIBCMTD:realloc.obj
 0001:00016120       _expand_base               0000000140017120 f   LIBCMTD:expand.obj
 0001:00016300       _CrtDbgReport              0000000140017300 f   LIBCMTD:dbgrpt.obj
 0001:00016380       _CrtDbgReportV             0000000140017380 f i LIBCMTD:dbgrpt.obj
 0001:000163e0       __crtMessageWindowA        00000001400173e0 f   LIBCMTD:dbgrpt.obj
 0001:00016a60       _callnewh                  0000000140017a60 f   LIBCMTD:handler.obj
 0001:00016aa0       _initp_heap_handler        0000000140017aa0 f   LIBCMTD:handler.obj
 0001:00016ac0       _heapchk                   0000000140017ac0 f   LIBCMTD:heapchk.obj
 0001:00016b00       _snprintf_s                0000000140017b00 f   LIBCMTD:sprintf.obj
 0001:00016b60       sprintf_s                  0000000140017b60 f   LIBCMTD:sprintf.obj
 0001:00016bb0       _heap_alloc_base           0000000140017bb0 f i LIBCMTD:malloc.obj
 0001:00016c20       _malloc_base               0000000140017c20 f   LIBCMTD:malloc.obj
 0001:00016cc0       _isdigit_l                 0000000140017cc0 f i LIBCMTD:_ctype.obj
 0001:00016d60       isdigit                    0000000140017d60 f i LIBCMTD:_ctype.obj
 0001:00016da0       _tolower_l                 0000000140017da0 f   LIBCMTD:tolower.obj
 0001:00017100       tolower                    0000000140018100 f   LIBCMTD:tolower.obj
 0001:00017150       strcpy_s                   0000000140018150 f   LIBCMTD:strcpy_s.obj
 0001:000175f0       strrchr                    00000001400185f0 f   LIBCMTD:strrchr.obj
 0001:00017a10       _fptostr                   0000000140018a10 f   LIBCMTD:_fptostr.obj
 0001:00017e70       __crt_atoflt_l             0000000140018e70 f   LIBCMTD:atodbl.obj
 0001:00018010       _atodbl_l                  0000000140019010 f   LIBCMTD:atodbl.obj
 0001:00018190       _atoflt_l                  0000000140019190 f   LIBCMTD:atodbl.obj
 0001:000181c0       __dtold                    00000001400191c0 f   LIBCMTD:cfout.obj
 0001:00018370       _fltout2                   0000000140019370 f   LIBCMTD:cfout.obj
 0001:00018480       _fptrap                    0000000140019480 f   LIBCMTD:crt0fp.obj
 0001:000184a0       ?_inconsistency@@YAXXZ     00000001400194a0 f   LIBCMTD:hooks.obj
 0001:000184d0       ?terminate@@YAXXZ          00000001400194d0 f   LIBCMTD:hooks.obj
 0001:00018500       _initp_eh_hooks            0000000140019500 f   LIBCMTD:hooks.obj
 0001:00018530       _FindPESection             0000000140019530 f   LIBCMTD:pesect.obj
 0001:000185e0       _IsNonwritableInCurrentImage 00000001400195e0 f   LIBCMTD:pesect.obj
 0001:00018670       _ValidateImageBase         0000000140019670 f   LIBCMTD:pesect.obj
 0001:000186f0       __onexitinit               00000001400196f0 f   LIBCMTD:onexit.obj
 0001:00018760       _onexit                    0000000140019760 f   LIBCMTD:onexit.obj
 0001:00018970       atexit                     0000000140019970 f   LIBCMTD:onexit.obj
 0001:000189b0       _initp_misc_purevirt       00000001400199b0 f   LIBCMTD:inithelp.obj
 0001:000189d0       _initp_misc_rand_s         00000001400199d0 f   LIBCMTD:rand_s.obj
 0001:00018a00       _local_unwind              0000000140019a00 f   LIBCMTD:jmpuwind.obj
 0001:00018a30       _NLG_Notify                0000000140019a30 f   LIBCMTD:jmpuwind.obj
 0001:00018a50       __NLG_Dispatch2            0000000140019a50 f   LIBCMTD:jmpuwind.obj
 0001:00018a60       __NLG_Return2              0000000140019a60 f   LIBCMTD:jmpuwind.obj
 0001:00018b40       _ismbblead                 0000000140019b40 f   LIBCMTD:ismbbyte.obj
 0001:00018b70       wcscat_s                   0000000140019b70 f   LIBCMTD:wcscat_s.obj
 0001:000191a0       wcsncpy_s                  000000014001a1a0 f   LIBCMTD:wcsncpy_s.obj
 0001:00019840       _fcloseall                 000000014001a840 f   LIBCMTD:closeall.obj
 0001:00019940       _fflush_nolock             000000014001a940 f   LIBCMTD:fflush.obj
 0001:000199c0       _flush                     000000014001a9c0 f   LIBCMTD:fflush.obj
 0001:00019ab0       _flushall                  000000014001aab0 f   LIBCMTD:fflush.obj
 0001:00019c40       __lock_fhandle             000000014001ac40 f   LIBCMTD:osfinfo.obj
 0001:00019d10       _free_osfhnd               000000014001ad10 f   LIBCMTD:osfinfo.obj
 0001:00019e40       _get_osfhandle             000000014001ae40 f   LIBCMTD:osfinfo.obj
 0001:0001a040       _unlock_fhandle            000000014001b040 f   LIBCMTD:osfinfo.obj
 0001:0001a080       _mbtowc_l                  000000014001b080 f   LIBCMTD:mbtowc.obj
 0001:0001a3c0       mbtowc                     000000014001b3c0 f   LIBCMTD:mbtowc.obj
 0001:0001a3f0       _putwch_nolock             000000014001b3f0 f   LIBCMTD:putwch.obj
 0001:0001a460       _vsnwprintf_s              000000014001b460 f   LIBCMTD:vswprnc.obj
 0001:0001a4b0       _vsnwprintf_s_l            000000014001b4b0 f   LIBCMTD:vswprnc.obj
 0001:0001aa60       _vswprintf_helper          000000014001ba60 f   LIBCMTD:vswprnc.obj
 0001:0001adb0       strcat_s                   000000014001bdb0 f   LIBCMTD:strcat_s.obj
 0001:0001b3c0       _itoa_s                    000000014001c3c0 f   LIBCMTD:xtoas.obj
 0001:0001b9f0       _mbstowcs_l_helper         000000014001c9f0 f   LIBCMTD:mbstowcs.obj
 0001:0001bf60       _mbstowcs_s_l              000000014001cf60 f   LIBCMTD:mbstowcs.obj
 0001:0001c4f0       mbstowcs_s                 000000014001d4f0 f   LIBCMTD:mbstowcs.obj
 0001:0001c5d0       _wcstombs_l_helper         000000014001d5d0 f   LIBCMTD:wcstombs.obj
 0001:0001cde0       _wcstombs_s_l              000000014001dde0 f   LIBCMTD:wcstombs.obj
 0001:0001d2e0       wcstombs_s                 000000014001e2e0 f   LIBCMTD:wcstombs.obj
 0001:0001d330       _itow_s                    000000014001e330 f   LIBCMTD:xtows.obj
 0001:0001d980       __GSHandlerCheck_SEH       000000014001e980 f   LIBCMTD:gshandlerseh.obj
 0001:0001da40       __free_lconv_mon           000000014001ea40 f   LIBCMTD:initmon.obj
 0001:0001dc50       __free_lconv_num           000000014001ec50 f   LIBCMTD:initnum.obj
 0001:0001dd30       __free_lc_time             000000014001ed30 f   LIBCMTD:inittime.obj
 0001:0001ec70       _MallocaIsSizeInRange      000000014001fc70 f i LIBCMTD:a_map.obj
 0001:0001ecb0       _MarkAllocaS               000000014001fcb0 f i LIBCMTD:a_map.obj
 0001:0001ece0       __crtLCMapStringA          000000014001fce0 f   LIBCMTD:a_map.obj
 0001:0001ed90       _freea                     000000014001fd90 f i LIBCMTD:a_map.obj
 0001:0001efe0       __crtGetStringTypeA        000000014001ffe0 f   LIBCMTD:a_str.obj
 0001:0001f100       ?_GetEstablisherFrame@@YAPEA_KPEA_KPEAU_xDISPATCHER_CONTEXT@@PEBU_s_FuncInfo@@0@Z 0000000140020100 f   LIBCMTD:trnsctrl.obj
 0001:0001f270       ?_GetRangeOfTrysToCheck@@YAPEBU_s_TryBlockMapEntry@@PEA_KPEBU_s_FuncInfo@@HHPEAI2PEAU_xDISPATCHER_CONTEXT@@@Z 0000000140020270 f   LIBCMTD:trnsctrl.obj
 0001:0001f490       ?__FrameUnwindToEmptyState@@YAXPEA_KPEAU_xDISPATCHER_CONTEXT@@PEBU_s_FuncInfo@@@Z 0000000140020490 f   LIBCMTD:trnsctrl.obj
 0001:0001f530       ?__SehTransFilter@@YAHPEAU_EXCEPTION_POINTERS@@PEAUEHExceptionRecord@@PEA_KPEAU_CONTEXT@@PEAU_xDISPATCHER_CONTEXT@@PEBU_s_FuncInfo@@PEAH@Z 0000000140020530 f   LIBCMTD:trnsctrl.obj
 0001:0001f5f0       _CallSETranslator          00000001400205f0 f   LIBCMTD:trnsctrl.obj
 0001:0001f670       _CreateFrameInfo           0000000140020670 f   LIBCMTD:trnsctrl.obj
 0001:0001f6f0       _FindAndUnlinkFrame        00000001400206f0 f   LIBCMTD:trnsctrl.obj
 0001:0001f780       _GetImageBase              0000000140020780 f   LIBCMTD:trnsctrl.obj
 0001:0001f7a0       _GetThrowImageBase         00000001400207a0 f   LIBCMTD:trnsctrl.obj
 0001:0001f7c0       _IsExceptionObjectToBeDestroyed 00000001400207c0 f   LIBCMTD:trnsctrl.obj
 0001:0001f820       _SetImageBase              0000000140020820 f   LIBCMTD:trnsctrl.obj
 0001:0001f840       _SetThrowImageBase         0000000140020840 f   LIBCMTD:trnsctrl.obj
 0001:0001f860       _UnwindNestedFrames        0000000140020860 f   LIBCMTD:trnsctrl.obj
 0001:0001f9d0       __CxxFrameHandler3         00000001400209d0 f   LIBCMTD:trnsctrl.obj
 0001:0001fa90       _locterm                   0000000140020a90 f   LIBCMTD:wsetloca.obj
 0001:0001fae0       _CopyMan                   0000000140020ae0 f i LIBCMTD:intrncvt.obj
 0001:0001fb50       _FillZeroMan               0000000140020b50 f i LIBCMTD:intrncvt.obj
 0001:0001fb90       _IncMan                    0000000140020b90 f i LIBCMTD:intrncvt.obj
 0001:0001fc70       _IsZeroMan                 0000000140020c70 f i LIBCMTD:intrncvt.obj
 0001:0001fcb0       _RoundMan                  0000000140020cb0 f i LIBCMTD:intrncvt.obj
 0001:0001fdc0       _ShrMan                    0000000140020dc0 f i LIBCMTD:intrncvt.obj
 0001:0001ff00       _ZeroTail                  0000000140020f00 f i LIBCMTD:intrncvt.obj
 0001:0001ffb0       __addl                     0000000140020fb0 f i LIBCMTD:intrncvt.obj
 0001:00020010       _ld12cvt                   0000000140021010 f i LIBCMTD:intrncvt.obj
 0001:00020380       _ld12tod                   0000000140021380 f   LIBCMTD:intrncvt.obj
 0001:000203b0       _ld12tof                   00000001400213b0 f   LIBCMTD:intrncvt.obj
 0001:000203e0       __ld12mul                  00000001400213e0 f i LIBCMTD:strgtold.obj
 0001:00020950       __multtenpow12             0000000140021950 f i LIBCMTD:strgtold.obj
 0001:00020a80       __shl_12                   0000000140021a80 f i LIBCMTD:strgtold.obj
 0001:00020b20       __shr_12                   0000000140021b20 f i LIBCMTD:strgtold.obj
 0001:00020bc0       __strgtold12_l             0000000140021bc0 f   LIBCMTD:strgtold.obj
 0001:000219a0       $I10_OUTPUT                00000001400229a0 f   LIBCMTD:x10fout.obj
 0001:00022260       __add_12                   0000000140023260 f i LIBCMTD:x10fout.obj
 0001:00022340       abort                      0000000140023340 f   LIBCMTD:abort.obj
 0001:000223d0       GetTableIndexFromLocaleName 00000001400233d0 f   LIBCMTD:winapinls.obj
 0001:00022480       __crtDownlevelLocaleNameToLCID 0000000140023480 f   LIBCMTD:winapinls.obj
 0001:000224e0       __crtLCMapStringEx         00000001400234e0 f   LIBCMTD:winapinls.obj
 0001:000225c0       __wcsnicmp_ascii           00000001400235c0 f   LIBCMTD:winapinls.obj
 0001:000226d0       _fclose_nolock             00000001400236d0 f   LIBCMTD:fclose.obj
 0001:00022820       fclose                     0000000140023820 f   LIBCMTD:fclose.obj
 0001:00022920       _commit                    0000000140023920 f   LIBCMTD:commit.obj
 0001:00022bb0       __termconout               0000000140023bb0 f   LIBCMTD:initcon.obj
 0001:00022be0       __initconout               0000000140023be0 f   LIBCMTD:initcon.obj
 0001:00022c30       _woutput_s_l               0000000140023c30 f   LIBCMTD:woutputs.obj
 0001:00024520       _fputwc_nolock             0000000140025520 f   LIBCMTD:fputwc.obj
 0001:00024980       free                       0000000140025980 f   LIBCMTD:dbgfree.obj
 0001:000249a0       malloc                     00000001400259a0 f   LIBCMTD:dbgmalloc.obj
 0001:000249e0       __DestructExceptionObject  00000001400259e0 f   LIBCMTD:frame.obj
 0001:00024ad0       ??0bad_exception@std@@QEAA@AEBV01@@Z 0000000140025ad0 f i LIBCMTD:frame.obj
 0001:00024b10       ??0bad_exception@std@@QEAA@PEBD@Z 0000000140025b10 f i LIBCMTD:frame.obj
 0001:00024b50       ??1bad_exception@std@@UEAA@XZ 0000000140025b50 f i LIBCMTD:frame.obj
 0001:00024b80       ??_Gbad_exception@std@@UEAAPEAXI@Z 0000000140025b80 f i LIBCMTD:frame.obj
 0001:00024b80       ??_Ebad_exception@std@@UEAAPEAXI@Z 0000000140025b80 f i LIBCMTD:frame.obj
 0001:00025b50       __AdjustPointer            0000000140026b50 f   LIBCMTD:frame.obj
 0001:00025bd0       __BuildCatchObject         0000000140026bd0 f   LIBCMTD:frame.obj
 0001:00025d10       __BuildCatchObjectHelper   0000000140026d10 f   LIBCMTD:frame.obj
 0001:00026140       __CxxCallCatchBlock        0000000140027140 f   LIBCMTD:frame.obj
 0001:000263b0       __FrameUnwindFilter        00000001400273b0 f   LIBCMTD:frame.obj
 0001:00026440       __FrameUnwindToState       0000000140027440 f   LIBCMTD:frame.obj
 0001:000266a0       __InternalCxxFrameHandler  00000001400276a0 f   LIBCMTD:frame.obj
 0001:00026ac0       __TypeMatch                0000000140027ac0 f   LIBCMTD:frame.obj
 0001:00026cb0       ?__GetCurrentState@@YAHPEA_KPEAU_xDISPATCHER_CONTEXT@@PEBU_s_FuncInfo@@@Z 0000000140027cb0 f   LIBCMTD:ehstate.obj
 0001:00026d10       ?__GetUnwindTryBlock@@YAHPEA_KPEAU_xDISPATCHER_CONTEXT@@PEBU_s_FuncInfo@@@Z 0000000140027d10 f   LIBCMTD:ehstate.obj
 0001:00026d60       ?__SetState@@YAXPEA_KPEAU_xDISPATCHER_CONTEXT@@PEBU_s_FuncInfo@@H@Z 0000000140027d60 f   LIBCMTD:ehstate.obj
 0001:00026d90       ?__SetUnwindTryBlock@@YAXPEA_KPEAU_xDISPATCHER_CONTEXT@@PEBU_s_FuncInfo@@H@Z 0000000140027d90 f   LIBCMTD:ehstate.obj
 0001:00026e00       ?__StateFromControlPc@@YAHPEBU_s_FuncInfo@@PEAU_xDISPATCHER_CONTEXT@@@Z 0000000140027e00 f   LIBCMTD:ehstate.obj
 0001:00026e30       ?__StateFromIp@@YAHPEBU_s_FuncInfo@@PEAU_xDISPATCHER_CONTEXT@@_J@Z 0000000140027e30 f   LIBCMTD:ehstate.obj
 0001:00026f20       memcmp                     0000000140027f20 f   LIBCMTD:memcmp.obj
 0001:00026ff0       __mtold12                  0000000140027ff0 f   LIBCMTD:mantold.obj
 0001:00027180       _close                     0000000140028180 f   LIBCMTD:close.obj
 0001:00027400       _close_nolock              0000000140028400 f   LIBCMTD:close.obj
 0001:00027510       _freebuf                   0000000140028510 f   LIBCMTD:_freebuf.obj
 0001:000275d0       _flswbuf                   00000001400285d0 f   LIBCMTD:_flswbuf.obj
 0001:00027980       ??3@YAXPEAX@Z              0000000140028980 f   LIBCMTD:dbgdel.obj
 0001:00027a60       strcmp                     0000000140028a60 f   LIBCMTD:strcmp.obj
 0001:00027ad0       ?_ValidateExecute@@YAHP6A_JXZ@Z 0000000140028ad0 f   LIBCMTD:validate.obj
 0001:00027b00       ?_ValidateRead@@YAHPEBXI@Z 0000000140028b00 f   LIBCMTD:validate.obj
 0001:00027b30       ?_ValidateWrite@@YAHPEAXI@Z 0000000140028b30 f   LIBCMTD:validate.obj
 0001:00027b70       _CallSettingFrame          0000000140028b70 f   LIBCMTD:handlers.obj
 0001:00027bb0       _GetNextInstrOffset        0000000140028bb0 f   LIBCMTD:handlers.obj
 0001:00027bc0       ??1type_info@@UEAA@XZ      0000000140028bc0 f   LIBCMTD:typinfo.obj
 0001:00027bf0       ??8type_info@@QEBA_NAEBV0@@Z 0000000140028bf0 f   LIBCMTD:typinfo.obj
 0001:00027c40       ??_Gtype_info@@UEAAPEAXI@Z 0000000140028c40 f i LIBCMTD:typinfo.obj
 0001:00027c40       ??_Etype_info@@UEAAPEAXI@Z 0000000140028c40 f i LIBCMTD:typinfo.obj
 0001:00027c80       ??0exception@std@@QEAA@AEBQEBD@Z 0000000140028c80 f   LIBCMTD:stdexcpt.obj
 0001:00027cd0       ??0exception@std@@QEAA@AEBV01@@Z 0000000140028cd0 f   LIBCMTD:stdexcpt.obj
 0001:00027d20       ??1exception@std@@UEAA@XZ  0000000140028d20 f   LIBCMTD:stdexcpt.obj
 0001:00027d50       ??4exception@std@@QEAAAEAV01@AEBV01@@Z 0000000140028d50 f   LIBCMTD:stdexcpt.obj
 0001:00027dc0       ??_Eexception@std@@UEAAPEAXI@Z 0000000140028dc0 f i LIBCMTD:stdexcpt.obj
 0001:00027dc0       ??_Gexception@std@@UEAAPEAXI@Z 0000000140028dc0 f i LIBCMTD:stdexcpt.obj
 0001:00027e00       ?_Copy_str@exception@std@@AEAAXPEBD@Z 0000000140028e00 f   LIBCMTD:stdexcpt.obj
 0001:00027e70       ?_Tidy@exception@std@@AEAAXXZ 0000000140028e70 f   LIBCMTD:stdexcpt.obj
 0001:00027eb0       ?what@exception@std@@UEBAPEBDXZ 0000000140028eb0 f   LIBCMTD:stdexcpt.obj
 0001:00027ef0       _CxxThrowException         0000000140028ef0 f   LIBCMTD:throw.obj
 0001:00028010       ?_Type_info_dtor@type_info@@CAXPEAV1@@Z 0000000140029010 f   LIBCMTD:typname.obj
 0001:00028120       IsProcessorFeaturePresent  0000000140029120 f   kernel32:KERNEL32.dll
 0001:00028126       RtlUnwindEx                0000000140029126 f   kernel32:KERNEL32.dll
 0002:00000000       __imp_SetPixelFormat       000000014002a000     gdi32:GDI32.dll
 0002:00000008       __imp_DescribePixelFormat  000000014002a008     gdi32:GDI32.dll
 0002:00000010       __imp_ChoosePixelFormat    000000014002a010     gdi32:GDI32.dll
 0002:00000018       __imp_SwapBuffers          000000014002a018     gdi32:GDI32.dll
 0002:00000020       \177GDI32_NULL_THUNK_DATA  000000014002a020     gdi32:GDI32.dll
 0002:00000028       __imp_FlushFileBuffers     000000014002a028     kernel32:KERNEL32.dll
 0002:00000030       __imp_CreateFileW          000000014002a030     kernel32:KERNEL32.dll
 0002:00000038       __imp_LCMapStringW         000000014002a038     kernel32:KERNEL32.dll
 0002:00000040       __imp_CloseHandle          000000014002a040     kernel32:KERNEL32.dll
 0002:00000048       __imp_RtlPcToFileHeader    000000014002a048     kernel32:KERNEL32.dll
 0002:00000050       __imp_RaiseException       000000014002a050     kernel32:KERNEL32.dll
 0002:00000058       __imp_GetStdHandle         000000014002a058     kernel32:KERNEL32.dll
 0002:00000060       __imp_GetStringTypeW       000000014002a060     kernel32:KERNEL32.dll
 0002:00000068       __imp_SetStdHandle         000000014002a068     kernel32:KERNEL32.dll
 0002:00000070       __imp_HeapAlloc            000000014002a070     kernel32:KERNEL32.dll
 0002:00000078       __imp_HeapQueryInformation 000000014002a078     kernel32:KERNEL32.dll
 0002:00000080       __imp_HeapReAlloc          000000014002a080     kernel32:KERNEL32.dll
 0002:00000088       __imp_HeapFree             000000014002a088     kernel32:KERNEL32.dll
 0002:00000090       __imp_GetCPInfo            000000014002a090     kernel32:KERNEL32.dll
 0002:00000098       __imp_GetOEMCP             000000014002a098     kernel32:KERNEL32.dll
 0002:000000a0       __imp_GetACP               000000014002a0a0     kernel32:KERNEL32.dll
 0002:000000a8       __imp_IsValidCodePage      000000014002a0a8     kernel32:KERNEL32.dll
 0002:000000b0       __imp_WriteConsoleW        000000014002a0b0     kernel32:KERNEL32.dll
 0002:000000b8       __imp_CompareFileTime      000000014002a0b8     kernel32:KERNEL32.dll
 0002:000000c0       __imp_GetFileAttributesExA 000000014002a0c0     kernel32:KERNEL32.dll
 0002:000000c8       __imp_OutputDebugStringA   000000014002a0c8     kernel32:KERNEL32.dll
 0002:000000d0       __imp_QueryPerformanceCounter 000000014002a0d0     kernel32:KERNEL32.dll
 0002:000000d8       __imp_QueryPerformanceFrequency 000000014002a0d8     kernel32:KERNEL32.dll
 0002:000000e0       __imp_Sleep                000000014002a0e0     kernel32:KERNEL32.dll
 0002:000000e8       __imp_VirtualAlloc         000000014002a0e8     kernel32:KERNEL32.dll
 0002:000000f0       __imp_VirtualFree          000000014002a0f0     kernel32:KERNEL32.dll
 0002:000000f8       __imp_FreeLibrary          000000014002a0f8     kernel32:KERNEL32.dll
 0002:00000100       __imp_GetModuleHandleA     000000014002a100     kernel32:KERNEL32.dll
 0002:00000108       __imp_GetProcAddress       000000014002a108     kernel32:KERNEL32.dll
 0002:00000110       __imp_LoadLibraryA         000000014002a110     kernel32:KERNEL32.dll
 0002:00000118       __imp_CopyFileA            000000014002a118     kernel32:KERNEL32.dll
 0002:00000120       __imp_GetCommandLineA      000000014002a120     kernel32:KERNEL32.dll
 0002:00000128       __imp_IsDebuggerPresent    000000014002a128     kernel32:KERNEL32.dll
 0002:00000130       __imp_EncodePointer        000000014002a130     kernel32:KERNEL32.dll
 0002:00000138       __imp_DecodePointer        000000014002a138     kernel32:KERNEL32.dll
 0002:00000140       __imp_IsProcessorFeaturePresent 000000014002a140     kernel32:KERNEL32.dll
 0002:00000148       __imp_GetModuleFileNameW   000000014002a148     kernel32:KERNEL32.dll
 0002:00000150       __imp_GetModuleHandleExW   000000014002a150     kernel32:KERNEL32.dll
 0002:00000158       __imp_HeapSize             000000014002a158     kernel32:KERNEL32.dll
 0002:00000160       __imp_HeapValidate         000000014002a160     kernel32:KERNEL32.dll
 0002:00000168       __imp_GetSystemInfo        000000014002a168     kernel32:KERNEL32.dll
 0002:00000170       __imp_GetLastError         000000014002a170     kernel32:KERNEL32.dll
 0002:00000178       __imp_SetLastError         000000014002a178     kernel32:KERNEL32.dll
 0002:00000180       __imp_GetCurrentThreadId   000000014002a180     kernel32:KERNEL32.dll
 0002:00000188       __imp_ExitProcess          000000014002a188     kernel32:KERNEL32.dll
 0002:00000190       __imp_MultiByteToWideChar  000000014002a190     kernel32:KERNEL32.dll
 0002:00000198       __imp_WideCharToMultiByte  000000014002a198     kernel32:KERNEL32.dll
 0002:000001a0       __imp_GetProcessHeap       000000014002a1a0     kernel32:KERNEL32.dll
 0002:000001a8       __imp_GetFileType          000000014002a1a8     kernel32:KERNEL32.dll
 0002:000001b0       __imp_DeleteCriticalSection 000000014002a1b0     kernel32:KERNEL32.dll
 0002:000001b8       __imp_GetStartupInfoW      000000014002a1b8     kernel32:KERNEL32.dll
 0002:000001c0       __imp_GetModuleFileNameA   000000014002a1c0     kernel32:KERNEL32.dll
 0002:000001c8       __imp_WriteFile            000000014002a1c8     kernel32:KERNEL32.dll
 0002:000001d0       __imp_GetCurrentProcessId  000000014002a1d0     kernel32:KERNEL32.dll
 0002:000001d8       __imp_GetSystemTimeAsFileTime 000000014002a1d8     kernel32:KERNEL32.dll
 0002:000001e0       __imp_GetEnvironmentStringsW 000000014002a1e0     kernel32:KERNEL32.dll
 0002:000001e8       __imp_FreeEnvironmentStringsW 000000014002a1e8     kernel32:KERNEL32.dll
 0002:000001f0       __imp_RtlCaptureContext    000000014002a1f0     kernel32:KERNEL32.dll
 0002:000001f8       __imp_RtlLookupFunctionEntry 000000014002a1f8     kernel32:KERNEL32.dll
 0002:00000200       __imp_RtlVirtualUnwind     000000014002a200     kernel32:KERNEL32.dll
 0002:00000208       __imp_UnhandledExceptionFilter 000000014002a208     kernel32:KERNEL32.dll
 0002:00000210       __imp_SetUnhandledExceptionFilter 000000014002a210     kernel32:KERNEL32.dll
 0002:00000218       __imp_InitializeCriticalSectionAndSpinCount 000000014002a218     kernel32:KERNEL32.dll
 0002:00000220       __imp_GetCurrentProcess    000000014002a220     kernel32:KERNEL32.dll
 0002:00000228       __imp_TerminateProcess     000000014002a228     kernel32:KERNEL32.dll
 0002:00000230       __imp_TlsAlloc             000000014002a230     kernel32:KERNEL32.dll
 0002:00000238       __imp_TlsGetValue          000000014002a238     kernel32:KERNEL32.dll
 0002:00000240       __imp_TlsSetValue          000000014002a240     kernel32:KERNEL32.dll
 0002:00000248       __imp_TlsFree              000000014002a248     kernel32:KERNEL32.dll
 0002:00000250       __imp_GetModuleHandleW     000000014002a250     kernel32:KERNEL32.dll
 0002:00000258       __imp_RtlUnwindEx          000000014002a258     kernel32:KERNEL32.dll
 0002:00000260       __imp_EnterCriticalSection 000000014002a260     kernel32:KERNEL32.dll
 0002:00000268       __imp_LeaveCriticalSection 000000014002a268     kernel32:KERNEL32.dll
 0002:00000270       __imp_GetConsoleCP         000000014002a270     kernel32:KERNEL32.dll
 0002:00000278       __imp_GetConsoleMode       000000014002a278     kernel32:KERNEL32.dll
 0002:00000280       __imp_SetFilePointerEx     000000014002a280     kernel32:KERNEL32.dll
 0002:00000288       __imp_OutputDebugStringW   000000014002a288     kernel32:KERNEL32.dll
 0002:00000290       __imp_WaitForSingleObjectEx 000000014002a290     kernel32:KERNEL32.dll
 0002:00000298       __imp_CreateThread         000000014002a298     kernel32:KERNEL32.dll
 0002:000002a0       __imp_LoadLibraryExW       000000014002a2a0     kernel32:KERNEL32.dll
 0002:000002a8       \177KERNEL32_NULL_THUNK_DATA 000000014002a2a8     kernel32:KERNEL32.dll
 0002:000002b0       __imp_glViewport           000000014002a2b0     opengl32:OPENGL32.dll
 0002:000002b8       __imp_glTexParameteri      000000014002a2b8     opengl32:OPENGL32.dll
 0002:000002c0       __imp_glTexImage2D         000000014002a2c0     opengl32:OPENGL32.dll
 0002:000002c8       __imp_glGenTextures        000000014002a2c8     opengl32:OPENGL32.dll
 0002:000002d0       __imp_glDrawArrays         000000014002a2d0     opengl32:OPENGL32.dll
 0002:000002d8       __imp_glClearColor         000000014002a2d8     opengl32:OPENGL32.dll
 0002:000002e0       __imp_glClear              000000014002a2e0     opengl32:OPENGL32.dll
 0002:000002e8       __imp_glBindTexture        000000014002a2e8     opengl32:OPENGL32.dll
 0002:000002f0       __imp_wglMakeCurrent       000000014002a2f0     opengl32:OPENGL32.dll
 0002:000002f8       __imp_wglGetProcAddress    000000014002a2f8     opengl32:OPENGL32.dll
 0002:00000300       __imp_wglDeleteContext     000000014002a300     opengl32:OPENGL32.dll
 0002:00000308       __imp_wglCreateContext     000000014002a308     opengl32:OPENGL32.dll
 0002:00000310       \177OPENGL32_NULL_THUNK_DATA 000000014002a310     opengl32:OPENGL32.dll
 0002:00000318       __imp_LoadCursorA          000000014002a318     user32:USER32.dll
 0002:00000320       __imp_GetClientRect        000000014002a320     user32:USER32.dll
 0002:00000328       __imp_ReleaseDC            000000014002a328     user32:USER32.dll
 0002:00000330       __imp_GetDC                000000014002a330     user32:USER32.dll
 0002:00000338       __imp_DestroyWindow        000000014002a338     user32:USER32.dll
 0002:00000340       __imp_CreateWindowExA      000000014002a340     user32:USER32.dll
 0002:00000348       __imp_RegisterClassA       000000014002a348     user32:USER32.dll
 0002:00000350       __imp_DefWindowProcA       000000014002a350     user32:USER32.dll
 0002:00000358       __imp_PeekMessageA         000000014002a358     user32:USER32.dll
 0002:00000360       __imp_DispatchMessageA     000000014002a360     user32:USER32.dll
 0002:00000368       __imp_TranslateMessage     000000014002a368     user32:USER32.dll
 0002:00000370       \177USER32_NULL_THUNK_DATA 000000014002a370     user32:USER32.dll
 0002:00000378       __xc_a                     000000014002a378     LIBCMTD:crt0init.obj
 0002:00000380       __xc_z                     000000014002a380     LIBCMTD:crt0init.obj
 0002:00000388       __xi_a                     000000014002a388     LIBCMTD:crt0init.obj
 0002:000003b8       __xi_z                     000000014002a3b8     LIBCMTD:crt0init.obj
 0002:000003c0       __xp_a                     000000014002a3c0     LIBCMTD:crt0init.obj
 0002:000003e0       __xp_z                     000000014002a3e0     LIBCMTD:crt0init.obj
 0002:000003e8       __xt_a                     000000014002a3e8     LIBCMTD:crt0init.obj
 0002:000003f0       __xt_z                     000000014002a3f0     LIBCMTD:crt0init.obj
 0002:00000cac       __real@3f000000            000000014002acac     win32_fluffy.obj
 0002:00000cb0       __real@3f19999a            000000014002acb0     win32_fluffy.obj
 0002:00000cb4       __real@3f800000            000000014002acb4     win32_fluffy.obj
 0002:00000cb8       __real@447a0000            000000014002acb8     win32_fluffy.obj
 0002:00000cbc       __real@bf000000            000000014002acbc     win32_fluffy.obj
 0002:00000cc0       ??_C@_1CC@MGIEJOME@?$AA?$CI?$AAf?$AAo?$AAr?$AAm?$AAa?$AAt?$AA?5?$AA?$CB?$AA?$DN?$AA?5?$AAN?$AAU?$AAL?$AAL?$AA?$CJ?$AA?$AA@ 000000014002acc0     LIBCMTD:vsnprnc.obj
 0002:00000ce4       ??_C@_15GANGMFKL@?$AA?$CF?$AAs?$AA?$AA@ 000000014002ace4     LIBCMTD:vsnprnc.obj
 0002:00000cf0       ??_C@_1FE@CKCGICM@?$AAf?$AA?3?$AA?2?$AAd?$AAd?$AA?2?$AAv?$AAc?$AAt?$AAo?$AAo?$AAl?$AAs?$AA?2?$AAc?$AAr?$AAt?$AA?2?$AAc?$AAr?$AAt?$AAw?$AA3?$AA2?$AA?2?$AAs?$AAt?$AAd?$AAi?$AAo?$AA?2?$AAv@ 000000014002acf0     LIBCMTD:vsnprnc.obj
 0002:00000d48       ??_C@_1CE@PCFPEIFI@?$AA_?$AAv?$AAs?$AAn?$AAp?$AAr?$AAi?$AAn?$AAt?$AAf?$AA_?$AAh?$AAe?$AAl?$AAp?$AAe?$AAr?$AA?$AA@ 000000014002ad48     LIBCMTD:vsnprnc.obj
 0002:00000d70       ??_C@_1EC@FABAOFFO@?$AA?$CI?$AAc?$AAo?$AAu?$AAn?$AAt?$AA?5?$AA?$DN?$AA?$DN?$AA?5?$AA0?$AA?$CJ?$AA?5?$AA?$HM?$AA?$HM?$AA?5?$AA?$CI?$AAs?$AAt?$AAr?$AAi?$AAn?$AAg?$AA?5?$AA?$CB?$AA?$DN?$AA?5?$AAN?$AAU?$AAL?$AAL?$AA?$CJ@ 000000014002ad70     LIBCMTD:vsnprnc.obj
 0002:00000db8       ??_C@_1BO@MLMCMBKN@?$AAf?$AAo?$AAr?$AAm?$AAa?$AAt?$AA?5?$AA?$CB?$AA?$DN?$AA?5?$AAN?$AAU?$AAL?$AAL?$AA?$AA@ 000000014002adb8     LIBCMTD:vsnprnc.obj
 0002:00000dd8       ??_C@_1BM@BLJALHEF@?$AA_?$AAv?$AAs?$AAp?$AAr?$AAi?$AAn?$AAt?$AAf?$AA_?$AAs?$AA_?$AAl?$AA?$AA@ 000000014002add8     LIBCMTD:vsnprnc.obj
 0002:00000e00       ??_C@_1EE@OKCKIGFK@?$AAs?$AAt?$AAr?$AAi?$AAn?$AAg?$AA?5?$AA?$CB?$AA?$DN?$AA?5?$AAN?$AAU?$AAL?$AAL?$AA?5?$AA?$CG?$AA?$CG?$AA?5?$AAs?$AAi?$AAz?$AAe?$AAI?$AAn?$AAB?$AAy?$AAt?$AAe?$AAs?$AA?5?$AA?$DO?$AA?5@ 000000014002ae00     LIBCMTD:vsnprnc.obj
 0002:00000e48       ??_C@_1DA@HPBFKMEB@?$AA?$CI?$AA?$CC?$AAB?$AAu?$AAf?$AAf?$AAe?$AAr?$AA?5?$AAt?$AAo?$AAo?$AA?5?$AAs?$AAm?$AAa?$AAl?$AAl?$AA?$CC?$AA?0?$AA?5?$AA0?$AA?$CJ?$AA?$AA@ 000000014002ae48     LIBCMTD:vsnprnc.obj
 0002:00000e78       ??_C@_1BO@MMPELNIM@?$AA_?$AAv?$AAs?$AAn?$AAp?$AAr?$AAi?$AAn?$AAt?$AAf?$AA_?$AAs?$AA_?$AAl?$AA?$AA@ 000000014002ae78     LIBCMTD:vsnprnc.obj
 0002:00000e98       _FPinit                    000000014002ae98     LIBCMTD:fpinit.obj
 0002:00000ea0       ??_C@_1BI@MFCLPIBM@?$AAs?$AAt?$AAr?$AA?5?$AA?$CB?$AA?$DN?$AA?5?$AAN?$AAU?$AAL?$AAL?$AA?$AA@ 000000014002aea0     LIBCMTD:_flsbuf.obj
 0002:00000ec0       ??_C@_1FC@OBEHAONE@?$AAf?$AA?3?$AA?2?$AAd?$AAd?$AA?2?$AAv?$AAc?$AAt?$AAo?$AAo?$AAl?$AAs?$AA?2?$AAc?$AAr?$AAt?$AA?2?$AAc?$AAr?$AAt?$AAw?$AA3?$AA2?$AA?2?$AAs?$AAt?$AAd?$AAi?$AAo?$AA?2?$AA_@ 000000014002aec0     LIBCMTD:_flsbuf.obj
 0002:00000f20       ??_C@_1HO@MLMGPAFH@?$AA?$CI?$AA?$CC?$AAi?$AAn?$AAc?$AAo?$AAn?$AAs?$AAi?$AAs?$AAt?$AAe?$AAn?$AAt?$AA?5?$AAI?$AAO?$AAB?$AA?5?$AAf?$AAi?$AAe?$AAl?$AAd?$AAs?$AA?$CC?$AA?0?$AA?5?$AAs?$AAt?$AAr?$AAe@ 000000014002af20     LIBCMTD:_flsbuf.obj
 0002:00000fb8       ??_C@_1BA@GLMCNLEM@?$AAW?$AAa?$AAr?$AAn?$AAi?$AAn?$AAg?$AA?$AA@ 000000014002afb8     LIBCMTD:dbgrptw.obj
 0002:00000fc8       ??_C@_1M@ILHOPKA@?$AAE?$AAr?$AAr?$AAo?$AAr?$AA?$AA@ 000000014002afc8     LIBCMTD:dbgrptw.obj
 0002:00000fd8       ??_C@_1CC@CGHMNGDG@?$AAA?$AAs?$AAs?$AAe?$AAr?$AAt?$AAi?$AAo?$AAn?$AA?5?$AAF?$AAa?$AAi?$AAl?$AAe?$AAd?$AA?$AA@ 000000014002afd8     LIBCMTD:dbgrptw.obj
 0002:00001000       ??_C@_17LGKOMLJ@?$AA?4?$AA?4?$AA?4?$AA?$AA@ 000000014002b000     LIBCMTD:dbgrptw.obj
 0002:00001010       ??_C@_1EO@JACJHHCK@?$AAf?$AA?3?$AA?2?$AAd?$AAd?$AA?2?$AAv?$AAc?$AAt?$AAo?$AAo?$AAl?$AAs?$AA?2?$AAc?$AAr?$AAt?$AA?2?$AAc?$AAr?$AAt?$AAw?$AA3?$AA2?$AA?2?$AAm?$AAi?$AAs?$AAc?$AA?2?$AAd?$AAb@ 000000014002b010     LIBCMTD:dbgrptw.obj
 0002:00001060       ??_C@_1CI@PGJIFDEK@?$AA_?$AA_?$AAc?$AAr?$AAt?$AAM?$AAe?$AAs?$AAs?$AAa?$AAg?$AAe?$AAW?$AAi?$AAn?$AAd?$AAo?$AAw?$AAW?$AA?$AA@ 000000014002b060     LIBCMTD:dbgrptw.obj
 0002:00001090       ??_C@_1GI@DEDNNLCI@?$AAw?$AAc?$AAs?$AAc?$AAp?$AAy?$AA_?$AAs?$AA?$CI?$AAs?$AAz?$AAE?$AAx?$AAe?$AAN?$AAa?$AAm?$AAe?$AA?0?$AA?5?$AA2?$AA6?$AA0?$AA?0?$AA?5?$AAL?$AA?$CC?$AA?$DM?$AAp?$AAr?$AAo?$AAg@ 000000014002b090     LIBCMTD:dbgrptw.obj
 0002:000010f8       ??_C@_1CO@EAEJAADC@?$AA?$DM?$AAp?$AAr?$AAo?$AAg?$AAr?$AAa?$AAm?$AA?5?$AAn?$AAa?$AAm?$AAe?$AA?5?$AAu?$AAn?$AAk?$AAn?$AAo?$AAw?$AAn?$AA?$DO?$AA?$AA@ 000000014002b0f8     LIBCMTD:dbgrptw.obj
 0002:00001130       ??_C@_1NO@LECLLHOL@?$AAm?$AAe?$AAm?$AAc?$AAp?$AAy?$AA_?$AAs?$AA?$CI?$AAs?$AAz?$AAS?$AAh?$AAo?$AAr?$AAt?$AAP?$AAr?$AAo?$AAg?$AAN?$AAa?$AAm?$AAe?$AA?0?$AA?5?$AAs?$AAi?$AAz?$AAe?$AAo?$AAf@ 000000014002b130     LIBCMTD:dbgrptw.obj
 0002:00001210       ??_C@_1OG@PMPPFHAF@?$AA?6?$AA?6?$AAF?$AAo?$AAr?$AA?5?$AAi?$AAn?$AAf?$AAo?$AAr?$AAm?$AAa?$AAt?$AAi?$AAo?$AAn?$AA?5?$AAo?$AAn?$AA?5?$AAh?$AAo?$AAw?$AA?5?$AAy?$AAo?$AAu?$AAr?$AA?5?$AAp?$AAr@ 000000014002b210     LIBCMTD:dbgrptw.obj
 0002:000012f8       ??_C@_11LOCGONAA@?$AA?$AA@ 000000014002b2f8     LIBCMTD:dbgrptw.obj
 0002:00001300       ??_C@_1BK@PEDCIPMA@?$AAE?$AAx?$AAp?$AAr?$AAe?$AAs?$AAs?$AAi?$AAo?$AAn?$AA?3?$AA?5?$AA?$AA@ 000000014002b300     LIBCMTD:dbgrptw.obj
 0002:0000131c       ??_C@_15IABLJNFO@?$AA?6?$AA?6?$AA?$AA@ 000000014002b31c     LIBCMTD:dbgrptw.obj
 0002:00001328       ??_C@_1BA@GLLGCPCK@?$AA?6?$AAL?$AAi?$AAn?$AAe?$AA?3?$AA?5?$AA?$AA@ 000000014002b328     LIBCMTD:dbgrptw.obj
 0002:00001338       ??_C@_1BA@LNHECFIM@?$AA?6?$AAF?$AAi?$AAl?$AAe?$AA?3?$AA?5?$AA?$AA@ 000000014002b338     LIBCMTD:dbgrptw.obj
 0002:00001348       ??_C@_1BE@CGCJKGHI@?$AA?6?$AAM?$AAo?$AAd?$AAu?$AAl?$AAe?$AA?3?$AA?5?$AA?$AA@ 000000014002b348     LIBCMTD:dbgrptw.obj
 0002:00001360       ??_C@_1KM@HNMIBKJH@?$AAD?$AAe?$AAb?$AAu?$AAg?$AA?5?$AA?$CF?$AAs?$AA?$CB?$AA?6?$AA?6?$AAP?$AAr?$AAo?$AAg?$AAr?$AAa?$AAm?$AA?3?$AA?5?$AA?$CF?$AAs?$AA?$CF?$AAs?$AA?$CF?$AAs?$AA?$CF?$AAs?$AA?$CF?$AAs?$AA?$CF?$AAs@ 000000014002b360     LIBCMTD:dbgrptw.obj
 0002:00001410       ??_C@_1BI@KALLJECN@?$AA?$CI?$AA?$CK?$AA_?$AAe?$AAr?$AAr?$AAn?$AAo?$AA?$CI?$AA?$CJ?$AA?$CJ?$AA?$AA@ 000000014002b410     LIBCMTD:dbgrptw.obj
 0002:00001430       ??_C@_1JI@EACPGHID@?$AAw?$AAc?$AAs?$AAc?$AAp?$AAy?$AA_?$AAs?$AA?$CI?$AAs?$AAz?$AAO?$AAu?$AAt?$AAM?$AAe?$AAs?$AAs?$AAa?$AAg?$AAe?$AA?0?$AA?5?$AA4?$AA0?$AA9?$AA6?$AA?0?$AA?5?$AAL?$AA?$CC?$AA_@ 000000014002b430     LIBCMTD:dbgrptw.obj
 0002:000014d0       ??_C@_1FG@BBOLDHGF@?$AA_?$AAC?$AAr?$AAt?$AAD?$AAb?$AAg?$AAR?$AAe?$AAp?$AAo?$AAr?$AAt?$AA?3?$AA?5?$AAS?$AAt?$AAr?$AAi?$AAn?$AAg?$AA?5?$AAt?$AAo?$AAo?$AA?5?$AAl?$AAo?$AAn?$AAg?$AA?5?$AAo@ 000000014002b4d0     LIBCMTD:dbgrptw.obj
 0002:00001530       ??_C@_1EK@MBDPDCGA@?$AAM?$AAi?$AAc?$AAr?$AAo?$AAs?$AAo?$AAf?$AAt?$AA?5?$AAV?$AAi?$AAs?$AAu?$AAa?$AAl?$AA?5?$AAC?$AA?$CL?$AA?$CL?$AA?5?$AAR?$AAu?$AAn?$AAt?$AAi?$AAm?$AAe?$AA?5?$AAL?$AAi?$AAb@ 000000014002b530     LIBCMTD:dbgrptw.obj
 0002:0000157c       ??_C@_06OJHGLDPL@?$CInull?$CJ?$AA@ 000000014002b57c     LIBCMTD:output.obj
 0002:00001588       ??_C@_1O@CEDCILHN@?$AA?$CI?$AAn?$AAu?$AAl?$AAl?$AA?$CJ?$AA?$AA@ 000000014002b588     LIBCMTD:output.obj
 0002:000015a0       __lookuptable              000000014002b5a0     LIBCMTD:output.obj
 0002:00001600       ??_C@_1CC@FADMNIL@?$AA?$CI?$AAs?$AAt?$AAr?$AAe?$AAa?$AAm?$AA?5?$AA?$CB?$AA?$DN?$AA?5?$AAN?$AAU?$AAL?$AAL?$AA?$CJ?$AA?$AA@ 000000014002b600     LIBCMTD:output.obj
 0002:00001630       ??_C@_1FA@KMIJDCIC@?$AAf?$AA?3?$AA?2?$AAd?$AAd?$AA?2?$AAv?$AAc?$AAt?$AAo?$AAo?$AAl?$AAs?$AA?2?$AAc?$AAr?$AAt?$AA?2?$AAc?$AAr?$AAt?$AAw?$AA3?$AA2?$AA?2?$AAs?$AAt?$AAd?$AAi?$AAo?$AA?2?$AAo@ 000000014002b630     LIBCMTD:output.obj
 0002:00001680       ??_C@_1BAA@ODEGEDCK@?$AA?$CI?$AA?5?$AA?$CI?$AA_?$AAS?$AAt?$AAr?$AAe?$AAa?$AAm?$AA?9?$AA?$DO?$AA_?$AAf?$AAl?$AAa?$AAg?$AA?5?$AA?$CG?$AA?5?$AA_?$AAI?$AAO?$AAS?$AAT?$AAR?$AAG?$AA?$CJ?$AA?5?$AA?$HM?$AA?$HM?$AA?5@ 000000014002b680     LIBCMTD:output.obj
 0002:00001780       ??_C@_1CC@IFFHEMNF@?$AA?$CI?$AAc?$AAh?$AA?5?$AA?$CB?$AA?$DN?$AA?5?$AA_?$AAT?$AA?$CI?$AA?8?$AA?2?$AA0?$AA?8?$AA?$CJ?$AA?$CJ?$AA?$AA@ 000000014002b780     LIBCMTD:output.obj
 0002:000017b0       ??_C@_1EK@PNGFDECN@?$AA?$CI?$AA?$CC?$AA?8?$AAn?$AA?8?$AA?5?$AAf?$AAo?$AAr?$AAm?$AAa?$AAt?$AA?5?$AAs?$AAp?$AAe?$AAc?$AAi?$AAf?$AAi?$AAe?$AAr?$AA?5?$AAd?$AAi?$AAs?$AAa?$AAb?$AAl?$AAe?$AAd?$AA?$CC@ 000000014002b7b0     LIBCMTD:output.obj
 0002:00001800       ??_C@_0CI@CMOPBIOD@f?3?2dd?2vctools?2crt?2crtw32?2stdio?2o@ 000000014002b800     LIBCMTD:output.obj
 0002:00001830       __lookuptable_s            000000014002b830     LIBCMTD:outputs.obj
 0002:00001890       ??_C@_1BI@COFBLHCG@?$AA_?$AAo?$AAu?$AAt?$AAp?$AAu?$AAt?$AA_?$AAs?$AA_?$AAl?$AA?$AA@ 000000014002b890     LIBCMTD:outputs.obj
 0002:000018b0       ??_C@_1EE@DMAIGNBG@?$AA?$CI?$AA?$CC?$AAI?$AAn?$AAc?$AAo?$AAr?$AAr?$AAe?$AAc?$AAt?$AA?5?$AAf?$AAo?$AAr?$AAm?$AAa?$AAt?$AA?5?$AAs?$AAp?$AAe?$AAc?$AAi?$AAf?$AAi?$AAe?$AAr?$AA?$CC?$AA?0?$AA?5?$AA0@ 000000014002b8b0     LIBCMTD:outputs.obj
 0002:00001900       ??_C@_1FK@LNCFKALM@?$AA?$CI?$AA?$CI?$AAs?$AAt?$AAa?$AAt?$AAe?$AA?5?$AA?$DN?$AA?$DN?$AA?5?$AAS?$AAT?$AA_?$AAN?$AAO?$AAR?$AAM?$AAA?$AAL?$AA?$CJ?$AA?5?$AA?$HM?$AA?$HM?$AA?5?$AA?$CI?$AAs?$AAt?$AAa?$AAt?$AAe?$AA?5@ 000000014002b900     LIBCMTD:outputs.obj
 0002:00001988       ??_C@_04HJMOFLDF@Free?$AA@ 000000014002b988     LIBCMTD:dbgheap.obj
 0002:00001990       ??_C@_06EFAGIKOH@Normal?$AA@ 000000014002b990     LIBCMTD:dbgheap.obj
 0002:00001998       ??_C@_03OGPFLFLO@CRT?$AA@  000000014002b998     LIBCMTD:dbgheap.obj
 0002:0000199c       ??_C@_06KMEJCCGM@Ignore?$AA@ 000000014002b99c     LIBCMTD:dbgheap.obj
 0002:000019a4       ??_C@_06PJIGMIJB@Client?$AA@ 000000014002b9a4     LIBCMTD:dbgheap.obj
 0002:000019b0       ??_C@_1CE@LJFEPPMP@?$AA_?$AAC?$AAr?$AAt?$AAC?$AAh?$AAe?$AAc?$AAk?$AAM?$AAe?$AAm?$AAo?$AAr?$AAy?$AA?$CI?$AA?$CJ?$AA?$AA@ 000000014002b9b0     LIBCMTD:dbgheap.obj
 0002:000019e0       ??_C@_1FA@JKEKCOIC@?$AAf?$AA?3?$AA?2?$AAd?$AAd?$AA?2?$AAv?$AAc?$AAt?$AAo?$AAo?$AAl?$AAs?$AA?2?$AAc?$AAr?$AAt?$AA?2?$AAc?$AAr?$AAt?$AAw?$AA3?$AA2?$AA?2?$AAm?$AAi?$AAs?$AAc?$AA?2?$AAd?$AAb@ 000000014002b9e0     LIBCMTD:dbgheap.obj
 0002:00001a30       ??_C@_0DF@BBEGIFEK@Client?5hook?5allocation?5failure?5a@ 000000014002ba30     LIBCMTD:dbgheap.obj
 0002:00001a68       ??_C@_0CB@CCLOLAHO@Client?5hook?5allocation?5failure?4?6@ 000000014002ba68     LIBCMTD:dbgheap.obj
 0002:00001a8c       ??_C@_02DKCKIIND@?$CFs?$AA@ 000000014002ba8c     LIBCMTD:dbgheap.obj
 0002:00001a90       ??_C@_0CF@BICKFLAF@Invalid?5allocation?5size?3?5?$CFIu?5byt@ 000000014002ba90     LIBCMTD:dbgheap.obj
 0002:00001ab8       ??_C@_0DC@JEMAGEKG@Error?3?5memory?5allocation?3?5bad?5me@ 000000014002bab8     LIBCMTD:dbgheap.obj
 0002:00001af0       ??_C@_0DI@KKJPDPGM@Client?5hook?5re?9allocation?5failur@ 000000014002baf0     LIBCMTD:dbgheap.obj
 0002:00001b28       ??_C@_0CE@DOFMDOL@Client?5hook?5re?9allocation?5failur@ 000000014002bb28     LIBCMTD:dbgheap.obj
 0002:00001b50       ??_C@_0ED@GPCPBAGP@Invalid?5allocation?5size?3?5?$CFIu?5byt@ 000000014002bb50     LIBCMTD:dbgheap.obj
 0002:00001ba0       ??_C@_0FA@EFEIGJKG@Error?3?5memory?5allocation?3?5bad?5me@ 000000014002bba0     LIBCMTD:dbgheap.obj
 0002:00001bf0       ??_C@_0EM@LGFLMAGJ@The?5Block?5at?50x?$CFp?5was?5allocated?5@ 000000014002bbf0     LIBCMTD:dbgheap.obj
 0002:00001c40       ??_C@_1EE@GFOPCECE@?$AA_?$AAC?$AAr?$AAt?$AAI?$AAs?$AAV?$AAa?$AAl?$AAi?$AAd?$AAH?$AAe?$AAa?$AAp?$AAP?$AAo?$AAi?$AAn?$AAt?$AAe?$AAr?$AA?$CI?$AAp?$AAU?$AAs?$AAe?$AAr?$AAD?$AAa?$AAt?$AAa@ 000000014002bc40     LIBCMTD:dbgheap.obj
 0002:00001c90       ??_C@_1IK@DCPKDGNH@?$AAp?$AAO?$AAl?$AAd?$AAB?$AAl?$AAo?$AAc?$AAk?$AA?9?$AA?$DO?$AAn?$AAL?$AAi?$AAn?$AAe?$AA?5?$AA?$DN?$AA?$DN?$AA?5?$AAI?$AAG?$AAN?$AAO?$AAR?$AAE?$AA_?$AAL?$AAI?$AAN?$AAE?$AA?5@ 000000014002bc90     LIBCMTD:dbgheap.obj
 0002:00001d20       ??_C@_0DA@HFBKENN@Error?3?5possible?5heap?5corruption?5@ 000000014002bd20     LIBCMTD:dbgheap.obj
 0002:00001d50       ??_C@_1GE@PCKLOLAO@?$AAf?$AAR?$AAe?$AAa?$AAl?$AAl?$AAo?$AAc?$AA?5?$AA?$HM?$AA?$HM?$AA?5?$AA?$CI?$AA?$CB?$AAf?$AAR?$AAe?$AAa?$AAl?$AAl?$AAo?$AAc?$AA?5?$AA?$CG?$AA?$CG?$AA?5?$AAp?$AAN?$AAe?$AAw?$AAB?$AAl@ 000000014002bd50     LIBCMTD:dbgheap.obj
 0002:00001db8       ??_C@_1DC@GEFKNOOL@?$AA_?$AAp?$AAL?$AAa?$AAs?$AAt?$AAB?$AAl?$AAo?$AAc?$AAk?$AA?5?$AA?$DN?$AA?$DN?$AA?5?$AAp?$AAO?$AAl?$AAd?$AAB?$AAl?$AAo?$AAc?$AAk?$AA?$AA@ 000000014002bdb8     LIBCMTD:dbgheap.obj
 0002:00001df0       ??_C@_1DE@KOOKLFBB@?$AA_?$AAp?$AAF?$AAi?$AAr?$AAs?$AAt?$AAB?$AAl?$AAo?$AAc?$AAk?$AA?5?$AA?$DN?$AA?$DN?$AA?5?$AAp?$AAO?$AAl?$AAd?$AAB?$AAl?$AAo?$AAc?$AAk?$AA?$AA@ 000000014002bdf0     LIBCMTD:dbgheap.obj
 0002:00001e28       ??_C@_1CE@CJACEFBA@?$AAp?$AAU?$AAs?$AAe?$AAr?$AAD?$AAa?$AAt?$AAa?$AA?5?$AA?$CB?$AA?$DN?$AA?5?$AAN?$AAU?$AAL?$AAL?$AA?$AA@ 000000014002be28     LIBCMTD:dbgheap.obj
 0002:00001e50       ??_C@_0EJ@HEIBCIMJ@The?5Block?5at?50x?$CFp?5was?5allocated?5@ 000000014002be50     LIBCMTD:dbgheap.obj
 0002:00001ea0       ??_C@_0BL@KEIPLFAC@Client?5hook?5free?5failure?4?6?$AA@ 000000014002bea0     LIBCMTD:dbgheap.obj
 0002:00001ec0       ??_C@_1EO@LHDAJOCM@?$AA_?$AAB?$AAL?$AAO?$AAC?$AAK?$AA_?$AAT?$AAY?$AAP?$AAE?$AA_?$AAI?$AAS?$AA_?$AAV?$AAA?$AAL?$AAI?$AAD?$AA?$CI?$AAp?$AAH?$AAe?$AAa?$AAd?$AA?9?$AA?$DO?$AAn?$AAB?$AAl?$AAo@ 000000014002bec0     LIBCMTD:dbgheap.obj
 0002:00001f10       ??_C@_0KI@JGFOHMEB@HEAP?5CORRUPTION?5DETECTED?3?5before@ 000000014002bf10     LIBCMTD:dbgheap.obj
 0002:00001fc0       ??_C@_0IK@PJCGLBOB@HEAP?5CORRUPTION?5DETECTED?3?5before@ 000000014002bfc0     LIBCMTD:dbgheap.obj
 0002:00002050       ??_C@_0KE@MBMNHHHN@HEAP?5CORRUPTION?5DETECTED?3?5after?5@ 000000014002c050     LIBCMTD:dbgheap.obj
 0002:00002100       ??_C@_0IG@LEMBDCJK@HEAP?5CORRUPTION?5DETECTED?3?5after?5@ 000000014002c100     LIBCMTD:dbgheap.obj
 0002:00002190       ??_C@_1HK@HPCBMDFG@?$AAp?$AAH?$AAe?$AAa?$AAd?$AA?9?$AA?$DO?$AAn?$AAL?$AAi?$AAn?$AAe?$AA?5?$AA?$DN?$AA?$DN?$AA?5?$AAI?$AAG?$AAN?$AAO?$AAR?$AAE?$AA_?$AAL?$AAI?$AAN?$AAE?$AA?5?$AA?$CG?$AA?$CG?$AA?5?$AAp@ 000000014002c190     LIBCMTD:dbgheap.obj
 0002:00002210       ??_C@_1DM@ODCJIDCP@?$AAp?$AAH?$AAe?$AAa?$AAd?$AA?9?$AA?$DO?$AAn?$AAB?$AAl?$AAo?$AAc?$AAk?$AAU?$AAs?$AAe?$AA?5?$AA?$DN?$AA?$DN?$AA?5?$AAn?$AAB?$AAl?$AAo?$AAc?$AAk?$AAU?$AAs?$AAe?$AA?$AA@ 000000014002c210     LIBCMTD:dbgheap.obj
 0002:00002250       ??_C@_1CK@DMAGEMBG@?$AA_?$AAp?$AAL?$AAa?$AAs?$AAt?$AAB?$AAl?$AAo?$AAc?$AAk?$AA?5?$AA?$DN?$AA?$DN?$AA?5?$AAp?$AAH?$AAe?$AAa?$AAd?$AA?$AA@ 000000014002c250     LIBCMTD:dbgheap.obj
 0002:00002280       ??_C@_1CM@MMAADDMD@?$AA_?$AAp?$AAF?$AAi?$AAr?$AAs?$AAt?$AAB?$AAl?$AAo?$AAc?$AAk?$AA?5?$AA?$DN?$AA?$DN?$AA?5?$AAp?$AAH?$AAe?$AAa?$AAd?$AA?$AA@ 000000014002c280     LIBCMTD:dbgheap.obj
 0002:000022b0       ??_C@_1BG@MBKOGDLD@?$AA_?$AAm?$AAs?$AAi?$AAz?$AAe?$AA_?$AAd?$AAb?$AAg?$AA?$AA@ 000000014002c2b0     LIBCMTD:dbgheap.obj
 0002:000022c8       ??_C@_0CE@MKKHMBMK@_heapchk?5fails?5with?5_HEAPBADBEGI@ 000000014002c2c8     LIBCMTD:dbgheap.obj
 0002:000022f0       ??_C@_0CD@CPKEAPBD@_heapchk?5fails?5with?5_HEAPBADNODE@ 000000014002c2f0     LIBCMTD:dbgheap.obj
 0002:00002318       ??_C@_0CC@MJGLGBDG@_heapchk?5fails?5with?5_HEAPBADEND?4@ 000000014002c318     LIBCMTD:dbgheap.obj
 0002:00002340       ??_C@_0CC@MFFCHFHO@_heapchk?5fails?5with?5_HEAPBADPTR?4@ 000000014002c340     LIBCMTD:dbgheap.obj
 0002:00002368       ??_C@_0CL@HNNNMKMJ@_heapchk?5fails?5with?5unknown?5retu@ 000000014002c368     LIBCMTD:dbgheap.obj
 0002:00002398       ??_C@_07OHKEFPKJ@DAMAGED?$AA@ 000000014002c398     LIBCMTD:dbgheap.obj
 0002:000023a0       ??_C@_0KA@IHNJJKPL@HEAP?5CORRUPTION?5DETECTED?3?5on?5top@ 000000014002c3a0     LIBCMTD:dbgheap.obj
 0002:00002440       ??_C@_0IC@BBJIOOJH@HEAP?5CORRUPTION?5DETECTED?3?5on?5top@ 000000014002c440     LIBCMTD:dbgheap.obj
 0002:000024d0       ??_C@_0EG@DGJMPDBH@?$CFhs?5located?5at?50x?$CFp?5is?5?$CFIu?5bytes@ 000000014002c4d0     LIBCMTD:dbgheap.obj
 0002:00002518       ??_C@_0CI@JMLBEDHJ@?$CFhs?5located?5at?50x?$CFp?5is?5?$CFIu?5bytes@ 000000014002c518     LIBCMTD:dbgheap.obj
 0002:00002540       ??_C@_1BHO@NNANJNF@?$AA?$CI?$AAf?$AAN?$AAe?$AAw?$AAB?$AAi?$AAt?$AAs?$AA?$DN?$AA?$DN?$AA_?$AAC?$AAR?$AAT?$AAD?$AAB?$AAG?$AA_?$AAR?$AAE?$AAP?$AAO?$AAR?$AAT?$AA_?$AAF?$AAL?$AAA?$AAG?$AA?$CJ?$AA?5@ 000000014002c540     LIBCMTD:dbgheap.obj
 0002:000026c0       ??_C@_1BO@GJFDNMNF@?$AA_?$AAC?$AAr?$AAt?$AAS?$AAe?$AAt?$AAD?$AAb?$AAg?$AAF?$AAl?$AAa?$AAg?$AA?$AA@ 000000014002c6c0     LIBCMTD:dbgheap.obj
 0002:000026e0       ??_C@_1BM@MIMANDHC@?$AAs?$AAt?$AAa?$AAt?$AAe?$AA?5?$AA?$CB?$AA?$DN?$AA?5?$AAN?$AAU?$AAL?$AAL?$AA?$AA@ 000000014002c6e0     LIBCMTD:dbgheap.obj
 0002:00002700       ??_C@_1CE@NJJKELF@?$AA_?$AAC?$AAr?$AAt?$AAM?$AAe?$AAm?$AAC?$AAh?$AAe?$AAc?$AAk?$AAp?$AAo?$AAi?$AAn?$AAt?$AA?$AA@ 000000014002c700     LIBCMTD:dbgheap.obj
 0002:00002728       ??_C@_0DP@LEFMFBOD@Bad?5memory?5block?5found?5at?50x?$CFp?4?6@ 000000014002c728     LIBCMTD:dbgheap.obj
 0002:00002768       ??_C@_0CB@EAAIGELO@Bad?5memory?5block?5found?5at?50x?$CFp?4?6@ 000000014002c768     LIBCMTD:dbgheap.obj
 0002:0000278c       ??_C@_05MKKEDADM@?$CF?42X?5?$AA@ 000000014002c78c     LIBCMTD:dbgheap.obj
 0002:00002798       ??_C@_1CG@LPFIACGM@?$AA_?$AAp?$AAr?$AAi?$AAn?$AAt?$AAM?$AAe?$AAm?$AAB?$AAl?$AAo?$AAc?$AAk?$AAD?$AAa?$AAt?$AAa?$AA?$AA@ 000000014002c798     LIBCMTD:dbgheap.obj
 0002:000027c0       ??_C@_0BA@HJBKCELP@?5Data?3?5?$DM?$CFs?$DO?5?$CFs?6?$AA@ 000000014002c7c0     LIBCMTD:dbgheap.obj
 0002:000027d0       ??_C@_0BE@KCIPKCIA@Dumping?5objects?5?9?$DO?6?$AA@ 000000014002c7d0     LIBCMTD:dbgheap.obj
 0002:000027e8       ??_C@_0BE@OIEFNFL@?$CDFile?5Error?$CD?$CI?$CFd?$CJ?5?3?5?$AA@ 000000014002c7e8     LIBCMTD:dbgheap.obj
 0002:00002800       ??_C@_0L@JMEFFCCJ@?$CFhs?$CI?$CFd?$CJ?5?3?5?$AA@ 000000014002c800     LIBCMTD:dbgheap.obj
 0002:0000280c       ??_C@_06PKLGBFGM@?$HL?$CFld?$HN?5?$AA@ 000000014002c80c     LIBCMTD:dbgheap.obj
 0002:00002818       ??_C@_0DD@GHNAAKBB@client?5block?5at?50x?$CFp?0?5subtype?5?$CFx@ 000000014002c818     LIBCMTD:dbgheap.obj
 0002:00002850       ??_C@_0CH@FAGDDGPN@normal?5block?5at?50x?$CFp?0?5?$CFIu?5bytes?5@ 000000014002c850     LIBCMTD:dbgheap.obj
 0002:00002878       ??_C@_0DA@MDLBNIBM@crt?5block?5at?50x?$CFp?0?5subtype?5?$CFx?0?5?$CF@ 000000014002c878     LIBCMTD:dbgheap.obj
 0002:000028a8       ??_C@_0BH@GFGKJDCO@Object?5dump?5complete?4?6?$AA@ 000000014002c8a8     LIBCMTD:dbgheap.obj
 0002:000028c0       ??_C@_0BI@JBFPOEJA@Detected?5memory?5leaks?$CB?6?$AA@ 000000014002c8c0     LIBCMTD:dbgheap.obj
 0002:000028e8       ??_C@_1BI@ICGGMGLK@?$AAb?$AAu?$AAf?$AA?5?$AA?$CB?$AA?$DN?$AA?5?$AAN?$AAU?$AAL?$AAL?$AA?$AA@ 000000014002c8e8     LIBCMTD:cvt.obj
 0002:00002900       ??_C@_1EG@OHONNKNN@?$AAf?$AA?3?$AA?2?$AAd?$AAd?$AA?2?$AAv?$AAc?$AAt?$AAo?$AAo?$AAl?$AAs?$AA?2?$AAc?$AAr?$AAt?$AA?2?$AAf?$AAp?$AAw?$AA3?$AA2?$AA?2?$AAc?$AAo?$AAn?$AAv?$AA?2?$AAc?$AAv?$AAt@ 000000014002c900     LIBCMTD:cvt.obj
 0002:00002948       ??_C@_1BE@OLBNEILL@?$AA_?$AAc?$AAf?$AAt?$AAo?$AAe?$AA2?$AA_?$AAl?$AA?$AA@ 000000014002c948     LIBCMTD:cvt.obj
 0002:00002960       ??_C@_1CA@CBMNPEO@?$AAs?$AAi?$AAz?$AAe?$AAI?$AAn?$AAB?$AAy?$AAt?$AAe?$AAs?$AA?5?$AA?$DO?$AA?5?$AA0?$AA?$AA@ 000000014002c960     LIBCMTD:cvt.obj
 0002:00002980       ??_C@_1HE@NACBNDPP@?$AAs?$AAi?$AAz?$AAe?$AAI?$AAn?$AAB?$AAy?$AAt?$AAe?$AAs?$AA?5?$AA?$DO?$AA?5?$AA?$CI?$AAs?$AAi?$AAz?$AAe?$AA_?$AAt?$AA?$CJ?$AA?$CI?$AA3?$AA?5?$AA?$CL?$AA?5?$AA?$CI?$AAn?$AAd?$AAe?$AAc@ 000000014002c980     LIBCMTD:cvt.obj
 0002:00002a00       ??_C@_1LE@EOIFGNCJ@?$AAs?$AAt?$AAr?$AAc?$AAp?$AAy?$AA_?$AAs?$AA?$CI?$AAp?$AA?0?$AA?5?$AA?$CI?$AAs?$AAi?$AAz?$AAe?$AAI?$AAn?$AAB?$AAy?$AAt?$AAe?$AAs?$AA?5?$AA?$DN?$AA?$DN?$AA?5?$AA?$CI?$AAs?$AAi?$AAz@ 000000014002ca00     LIBCMTD:cvt.obj
 0002:00002ab4       ??_C@_05KLBDPFGC@e?$CL000?$AA@ 000000014002cab4     LIBCMTD:cvt.obj
 0002:00002ac0       ??_C@_1BC@INKAPMHI@?$AA_?$AAc?$AAf?$AAt?$AAo?$AAe?$AA_?$AAl?$AA?$AA@ 000000014002cac0     LIBCMTD:cvt.obj
 0002:00002ad8       ??_C@_1BC@JOKPCIC@?$AA_?$AAc?$AAf?$AAt?$AAo?$AAa?$AA_?$AAl?$AA?$AA@ 000000014002cad8     LIBCMTD:cvt.obj
 0002:00002af0       ??_C@_1FC@IKIMAMJB@?$AAs?$AAi?$AAz?$AAe?$AAI?$AAn?$AAB?$AAy?$AAt?$AAe?$AAs?$AA?5?$AA?$DO?$AA?5?$AA?$CI?$AAs?$AAi?$AAz?$AAe?$AA_?$AAt?$AA?$CJ?$AA?$CI?$AA1?$AA?5?$AA?$CL?$AA?5?$AA4?$AA?5?$AA?$CL?$AA?5?$AAn@ 000000014002caf0     LIBCMTD:cvt.obj
 0002:00002b48       ??_C@_1BE@CKPDLI@?$AA_?$AAc?$AAf?$AAt?$AAo?$AAf?$AA2?$AA_?$AAl?$AA?$AA@ 000000014002cb48     LIBCMTD:cvt.obj
 0002:00002b60       ??_C@_1BC@DCPPLJL@?$AA_?$AAc?$AAf?$AAt?$AAo?$AAf?$AA_?$AAl?$AA?$AA@ 000000014002cb60     LIBCMTD:cvt.obj
 0002:00002b78       ??_C@_1BC@MPIFPLAF@?$AA_?$AAc?$AAf?$AAt?$AAo?$AAg?$AA_?$AAl?$AA?$AA@ 000000014002cb78     LIBCMTD:cvt.obj
 0002:00002b90       __real@0000000000000000    000000014002cb90     LIBCMTD:cvt.obj
 0002:00002ba0       _XcptActTab                000000014002cba0     LIBCMTD:winxfltr.obj
 0002:00002c60       _XcptActTabCount           000000014002cc60     LIBCMTD:winxfltr.obj
 0002:00002c64       _XcptActTabSize            000000014002cc64     LIBCMTD:winxfltr.obj
 0002:00002c68       _First_FPE_Indx            000000014002cc68     LIBCMTD:winxfltr.obj
 0002:00002c6c       _Num_FPE                   000000014002cc6c     LIBCMTD:winxfltr.obj
 0002:00002c70       ??_C@_0CM@KPPOKOAI@f?3?2dd?2vctools?2crt?2crtw32?2startup@ 000000014002cc70     LIBCMTD:tidtable.obj
 0002:00002ca0       ??_C@_1BI@BGOHAHKC@?$AAm?$AAs?$AAc?$AAo?$AAr?$AAe?$AAe?$AA?4?$AAd?$AAl?$AAl?$AA?$AA@ 000000014002cca0     LIBCMTD:crt0dat.obj
 0002:00002cb8       ??_C@_0P@MIGLKIOC@CorExitProcess?$AA@ 000000014002ccb8     LIBCMTD:crt0dat.obj
 0002:00002cc8       ??_C@_0CI@BIOGDJKL@f?3?2dd?2vctools?2crt?2crtw32?2lowio?2i@ 000000014002ccc8     LIBCMTD:ioinit.obj
 0002:00002cf0       ??_C@_0CL@OBKFGCKK@f?3?2dd?2vctools?2crt?2crtw32?2startup@ 000000014002ccf0     LIBCMTD:stdargv.obj
 0002:00002d20       ??_C@_0CL@BJBFGFLH@f?3?2dd?2vctools?2crt?2crtw32?2startup@ 000000014002cd20     LIBCMTD:stdenvp.obj
 0002:00002d50       ??_C@_1FG@MHBLOJIO@?$AAf?$AA?3?$AA?2?$AAd?$AAd?$AA?2?$AAv?$AAc?$AAt?$AAo?$AAo?$AAl?$AAs?$AA?2?$AAc?$AAr?$AAt?$AA?2?$AAc?$AAr?$AAt?$AAw?$AA3?$AA2?$AA?2?$AAs?$AAt?$AAa?$AAr?$AAt?$AAu?$AAp@ 000000014002cd50     LIBCMTD:stdenvp.obj
 0002:00002da8       ??_C@_1BC@GHMCNHHL@?$AA_?$AAs?$AAe?$AAt?$AAe?$AAn?$AAv?$AAp?$AA?$AA@ 000000014002cda8     LIBCMTD:stdenvp.obj
 0002:00002dc0       ??_C@_1DE@MMOGFGHF@?$AAs?$AAt?$AAr?$AAc?$AAp?$AAy?$AA_?$AAs?$AA?$CI?$AA?$CK?$AAe?$AAn?$AAv?$AA?0?$AA?5?$AAc?$AAc?$AAh?$AAa?$AAr?$AAs?$AA?0?$AA?5?$AAp?$AA?$CJ?$AA?$AA@ 000000014002cdc0     LIBCMTD:stdenvp.obj
 0002:00002f70       ??_C@_1FK@PGACCAFB@?$AAR?$AA6?$AA0?$AA0?$AA2?$AA?$AN?$AA?6?$AA?9?$AA?5?$AAf?$AAl?$AAo?$AAa?$AAt?$AAi?$AAn?$AAg?$AA?5?$AAp?$AAo?$AAi?$AAn?$AAt?$AA?5?$AAs?$AAu?$AAp?$AAp?$AAo?$AAr?$AAt?$AA?5@ 000000014002cf70     LIBCMTD:crt0msg.obj
 0002:00002fd0       ??_C@_1FE@LLNEDJMD@?$AAR?$AA6?$AA0?$AA0?$AA8?$AA?$AN?$AA?6?$AA?9?$AA?5?$AAn?$AAo?$AAt?$AA?5?$AAe?$AAn?$AAo?$AAu?$AAg?$AAh?$AA?5?$AAs?$AAp?$AAa?$AAc?$AAe?$AA?5?$AAf?$AAo?$AAr?$AA?5?$AAa?$AAr@ 000000014002cfd0     LIBCMTD:crt0msg.obj
 0002:00003030       ??_C@_1FI@HONFMGBI@?$AAR?$AA6?$AA0?$AA0?$AA9?$AA?$AN?$AA?6?$AA?9?$AA?5?$AAn?$AAo?$AAt?$AA?5?$AAe?$AAn?$AAo?$AAu?$AAg?$AAh?$AA?5?$AAs?$AAp?$AAa?$AAc?$AAe?$AA?5?$AAf?$AAo?$AAr?$AA?5?$AAe?$AAn@ 000000014002d030     LIBCMTD:crt0msg.obj
 0002:00003090       ??_C@_1EG@BEHAGFJD@?$AAR?$AA6?$AA0?$AA1?$AA0?$AA?$AN?$AA?6?$AA?9?$AA?5?$AAa?$AAb?$AAo?$AAr?$AAt?$AA?$CI?$AA?$CJ?$AA?5?$AAh?$AAa?$AAs?$AA?5?$AAb?$AAe?$AAe?$AAn?$AA?5?$AAc?$AAa?$AAl?$AAl?$AAe?$AAd@ 000000014002d090     LIBCMTD:crt0msg.obj
 0002:000030e0       ??_C@_1FI@LOGNIKDM@?$AAR?$AA6?$AA0?$AA1?$AA6?$AA?$AN?$AA?6?$AA?9?$AA?5?$AAn?$AAo?$AAt?$AA?5?$AAe?$AAn?$AAo?$AAu?$AAg?$AAh?$AA?5?$AAs?$AAp?$AAa?$AAc?$AAe?$AA?5?$AAf?$AAo?$AAr?$AA?5?$AAt?$AAh@ 000000014002d0e0     LIBCMTD:crt0msg.obj
 0002:00003140       ??_C@_1FK@BEOGODMC@?$AAR?$AA6?$AA0?$AA1?$AA7?$AA?$AN?$AA?6?$AA?9?$AA?5?$AAu?$AAn?$AAe?$AAx?$AAp?$AAe?$AAc?$AAt?$AAe?$AAd?$AA?5?$AAm?$AAu?$AAl?$AAt?$AAi?$AAt?$AAh?$AAr?$AAe?$AAa?$AAd?$AA?5@ 000000014002d140     LIBCMTD:crt0msg.obj
 0002:000031a0       ??_C@_1EC@JIBHAOPH@?$AAR?$AA6?$AA0?$AA1?$AA8?$AA?$AN?$AA?6?$AA?9?$AA?5?$AAu?$AAn?$AAe?$AAx?$AAp?$AAe?$AAc?$AAt?$AAe?$AAd?$AA?5?$AAh?$AAe?$AAa?$AAp?$AA?5?$AAe?$AAr?$AAr?$AAo?$AAr?$AA?$AN?$AA?6@ 000000014002d1a0     LIBCMTD:crt0msg.obj
 0002:000031f0       ??_C@_1FC@ECHBIFBC@?$AAR?$AA6?$AA0?$AA1?$AA9?$AA?$AN?$AA?6?$AA?9?$AA?5?$AAu?$AAn?$AAa?$AAb?$AAl?$AAe?$AA?5?$AAt?$AAo?$AA?5?$AAo?$AAp?$AAe?$AAn?$AA?5?$AAc?$AAo?$AAn?$AAs?$AAo?$AAl?$AAe?$AA?5@ 000000014002d1f0     LIBCMTD:crt0msg.obj
 0002:00003250       ??_C@_1GK@FHCKBEFA@?$AAR?$AA6?$AA0?$AA2?$AA4?$AA?$AN?$AA?6?$AA?9?$AA?5?$AAn?$AAo?$AAt?$AA?5?$AAe?$AAn?$AAo?$AAu?$AAg?$AAh?$AA?5?$AAs?$AAp?$AAa?$AAc?$AAe?$AA?5?$AAf?$AAo?$AAr?$AA?5?$AA_?$AAo@ 000000014002d250     LIBCMTD:crt0msg.obj
 0002:000032c0       ??_C@_1EM@MAADIHMB@?$AAR?$AA6?$AA0?$AA2?$AA5?$AA?$AN?$AA?6?$AA?9?$AA?5?$AAp?$AAu?$AAr?$AAe?$AA?5?$AAv?$AAi?$AAr?$AAt?$AAu?$AAa?$AAl?$AA?5?$AAf?$AAu?$AAn?$AAc?$AAt?$AAi?$AAo?$AAn?$AA?5?$AAc@ 000000014002d2c0     LIBCMTD:crt0msg.obj
 0002:00003310       ??_C@_1GK@MCAAGJMO@?$AAR?$AA6?$AA0?$AA2?$AA6?$AA?$AN?$AA?6?$AA?9?$AA?5?$AAn?$AAo?$AAt?$AA?5?$AAe?$AAn?$AAo?$AAu?$AAg?$AAh?$AA?5?$AAs?$AAp?$AAa?$AAc?$AAe?$AA?5?$AAf?$AAo?$AAr?$AA?5?$AAs?$AAt@ 000000014002d310     LIBCMTD:crt0msg.obj
 0002:00003380       ??_C@_1GK@MFGOKLAG@?$AAR?$AA6?$AA0?$AA2?$AA7?$AA?$AN?$AA?6?$AA?9?$AA?5?$AAn?$AAo?$AAt?$AA?5?$AAe?$AAn?$AAo?$AAu?$AAg?$AAh?$AA?5?$AAs?$AAp?$AAa?$AAc?$AAe?$AA?5?$AAf?$AAo?$AAr?$AA?5?$AAl?$AAo@ 000000014002d380     LIBCMTD:crt0msg.obj
 0002:000033f0       ??_C@_1EK@HHFLMAOL@?$AAR?$AA6?$AA0?$AA2?$AA8?$AA?$AN?$AA?6?$AA?9?$AA?5?$AAu?$AAn?$AAa?$AAb?$AAl?$AAe?$AA?5?$AAt?$AAo?$AA?5?$AAi?$AAn?$AAi?$AAt?$AAi?$AAa?$AAl?$AAi?$AAz?$AAe?$AA?5?$AAh?$AAe@ 000000014002d3f0     LIBCMTD:crt0msg.obj
 0002:00003440       ??_C@_1DO@BMFCDCD@?$AAR?$AA6?$AA0?$AA3?$AA0?$AA?$AN?$AA?6?$AA?9?$AA?5?$AAC?$AAR?$AAT?$AA?5?$AAn?$AAo?$AAt?$AA?5?$AAi?$AAn?$AAi?$AAt?$AAi?$AAa?$AAl?$AAi?$AAz?$AAe?$AAd?$AA?$AN?$AA?6?$AA?$AA@ 000000014002d440     LIBCMTD:crt0msg.obj
 0002:00003480       ??_C@_1MG@ENCOOIDF@?$AAR?$AA6?$AA0?$AA3?$AA1?$AA?$AN?$AA?6?$AA?9?$AA?5?$AAA?$AAt?$AAt?$AAe?$AAm?$AAp?$AAt?$AA?5?$AAt?$AAo?$AA?5?$AAi?$AAn?$AAi?$AAt?$AAi?$AAa?$AAl?$AAi?$AAz?$AAe?$AA?5?$AAt@ 000000014002d480     LIBCMTD:crt0msg.obj
 0002:00003550       ??_C@_1GG@GOPILAJP@?$AAR?$AA6?$AA0?$AA3?$AA2?$AA?$AN?$AA?6?$AA?9?$AA?5?$AAn?$AAo?$AAt?$AA?5?$AAe?$AAn?$AAo?$AAu?$AAg?$AAh?$AA?5?$AAs?$AAp?$AAa?$AAc?$AAe?$AA?5?$AAf?$AAo?$AAr?$AA?5?$AAl?$AAo@ 000000014002d550     LIBCMTD:crt0msg.obj
 0002:000035c0       ??_C@_1BOO@KGEDBGAJ@?$AAR?$AA6?$AA0?$AA3?$AA3?$AA?$AN?$AA?6?$AA?9?$AA?5?$AAA?$AAt?$AAt?$AAe?$AAm?$AAp?$AAt?$AA?5?$AAt?$AAo?$AA?5?$AAu?$AAs?$AAe?$AA?5?$AAM?$AAS?$AAI?$AAL?$AA?5?$AAc?$AAo?$AAd@ 000000014002d5c0     LIBCMTD:crt0msg.obj
 0002:000037b0       ??_C@_1GG@MKFPEKFO@?$AAR?$AA6?$AA0?$AA3?$AA4?$AA?$AN?$AA?6?$AA?9?$AA?5?$AAi?$AAn?$AAc?$AAo?$AAn?$AAs?$AAi?$AAs?$AAt?$AAe?$AAn?$AAt?$AA?5?$AAo?$AAn?$AAe?$AAx?$AAi?$AAt?$AA?5?$AAb?$AAe?$AAg@ 000000014002d7b0     LIBCMTD:crt0msg.obj
 0002:00003818       ??_C@_1BO@BFCDCGC@?$AAD?$AAO?$AAM?$AAA?$AAI?$AAN?$AA?5?$AAe?$AAr?$AAr?$AAo?$AAr?$AA?$AN?$AA?6?$AA?$AA@ 000000014002d818     LIBCMTD:crt0msg.obj
 0002:00003838       ??_C@_1BK@KMOMNAAI@?$AAS?$AAI?$AAN?$AAG?$AA?5?$AAe?$AAr?$AAr?$AAo?$AAr?$AA?$AN?$AA?6?$AA?$AA@ 000000014002d838     LIBCMTD:crt0msg.obj
 0002:00003858       ??_C@_1BM@JBBEPPHI@?$AAT?$AAL?$AAO?$AAS?$AAS?$AA?5?$AAe?$AAr?$AAr?$AAo?$AAr?$AA?$AN?$AA?6?$AA?$AA@ 000000014002d858     LIBCMTD:crt0msg.obj
 0002:00003874       ??_C@_15JNBOKNOG@?$AA?$AN?$AA?6?$AA?$AA@ 000000014002d874     LIBCMTD:crt0msg.obj
 0002:00003880       ??_C@_1BO@BKOMIGKJ@?$AAr?$AAu?$AAn?$AAt?$AAi?$AAm?$AAe?$AA?5?$AAe?$AAr?$AAr?$AAo?$AAr?$AA?5?$AA?$AA@ 000000014002d880     LIBCMTD:crt0msg.obj
 0002:000038a0       ??_C@_1FG@ILOHEEMG@?$AAf?$AA?3?$AA?2?$AAd?$AAd?$AA?2?$AAv?$AAc?$AAt?$AAo?$AAo?$AAl?$AAs?$AA?2?$AAc?$AAr?$AAt?$AA?2?$AAc?$AAr?$AAt?$AAw?$AA3?$AA2?$AA?2?$AAs?$AAt?$AAa?$AAr?$AAt?$AAu?$AAp@ 000000014002d8a0     LIBCMTD:crt0msg.obj
 0002:000038f8       ??_C@_1BI@EAHMBMEC@?$AA_?$AAN?$AAM?$AAS?$AAG?$AA_?$AAW?$AAR?$AAI?$AAT?$AAE?$AA?$AA@ 000000014002d8f8     LIBCMTD:crt0msg.obj
 0002:00003910       ??_C@_1KO@BKLCKNFL@?$AAw?$AAc?$AAs?$AAc?$AAp?$AAy?$AA_?$AAs?$AA?$CI?$AAo?$AAu?$AAt?$AAm?$AAs?$AAg?$AA?0?$AA?5?$AA?$CI?$AAs?$AAi?$AAz?$AAe?$AAo?$AAf?$AA?$CI?$AAo?$AAu?$AAt?$AAm?$AAs?$AAg?$AA?$CJ@ 000000014002d910     LIBCMTD:crt0msg.obj
 0002:000039c0       ??_C@_1DE@JNGNBFGO@?$AAR?$AAu?$AAn?$AAt?$AAi?$AAm?$AAe?$AA?5?$AAE?$AAr?$AAr?$AAo?$AAr?$AA?$CB?$AA?6?$AA?6?$AAP?$AAr?$AAo?$AAg?$AAr?$AAa?$AAm?$AA?3?$AA?5?$AA?$AA@ 000000014002d9c0     LIBCMTD:crt0msg.obj
 0002:00003a00       ??_C@_1HK@FJJNAABO@?$AAw?$AAc?$AAs?$AAc?$AAp?$AAy?$AA_?$AAs?$AA?$CI?$AAp?$AAr?$AAo?$AAg?$AAn?$AAa?$AAm?$AAe?$AA?0?$AA?5?$AAp?$AAr?$AAo?$AAg?$AAn?$AAa?$AAm?$AAe?$AA_?$AAs?$AAi?$AAz?$AAe@ 000000014002da00     LIBCMTD:crt0msg.obj
 0002:00003a80       ??_C@_1HI@FLHKGEBE@?$AAw?$AAc?$AAs?$AAn?$AAc?$AAp?$AAy?$AA_?$AAs?$AA?$CI?$AAp?$AAc?$AAh?$AA?0?$AA?5?$AAp?$AAr?$AAo?$AAg?$AAn?$AAa?$AAm?$AAe?$AA_?$AAs?$AAi?$AAz?$AAe?$AA?5?$AA?9?$AA?5?$AA?$CI@ 000000014002da80     LIBCMTD:crt0msg.obj
 0002:00003b00       ??_C@_1IA@DCJGKHFO@?$AAw?$AAc?$AAs?$AAc?$AAa?$AAt?$AA_?$AAs?$AA?$CI?$AAo?$AAu?$AAt?$AAm?$AAs?$AAg?$AA?0?$AA?5?$AA?$CI?$AAs?$AAi?$AAz?$AAe?$AAo?$AAf?$AA?$CI?$AAo?$AAu?$AAt?$AAm?$AAs?$AAg?$AA?$CJ@ 000000014002db00     LIBCMTD:crt0msg.obj
 0002:00003b80       ??_C@_1IG@NMONDPP@?$AAw?$AAc?$AAs?$AAc?$AAa?$AAt?$AA_?$AAs?$AA?$CI?$AAo?$AAu?$AAt?$AAm?$AAs?$AAg?$AA?0?$AA?5?$AA?$CI?$AAs?$AAi?$AAz?$AAe?$AAo?$AAf?$AA?$CI?$AAo?$AAu?$AAt?$AAm?$AAs?$AAg?$AA?$CJ@ 000000014002db80     LIBCMTD:crt0msg.obj
 0002:00003c08       ??_C@_1DE@BCNCAIK@?$AA?$CI?$AA?$CC?$AAI?$AAn?$AAv?$AAa?$AAl?$AAi?$AAd?$AA?5?$AAe?$AAr?$AAr?$AAo?$AAr?$AA_?$AAm?$AAo?$AAd?$AAe?$AA?$CC?$AA?0?$AA?5?$AA0?$AA?$CJ?$AA?$AA@ 000000014002dc08     LIBCMTD:errmode.obj
 0002:00003c40       ??_C@_1FA@PBBGNIFD@?$AAf?$AA?3?$AA?2?$AAd?$AAd?$AA?2?$AAv?$AAc?$AAt?$AAo?$AAo?$AAl?$AAs?$AA?2?$AAc?$AAr?$AAt?$AA?2?$AAc?$AAr?$AAt?$AAw?$AA3?$AA2?$AA?2?$AAm?$AAi?$AAs?$AAc?$AA?2?$AAe?$AAr@ 000000014002dc40     LIBCMTD:errmode.obj
 0002:00003c90       ??_C@_1CA@LFDHAMEM@?$AA_?$AAs?$AAe?$AAt?$AA_?$AAe?$AAr?$AAr?$AAo?$AAr?$AA_?$AAm?$AAo?$AAd?$AAe?$AA?$AA@ 000000014002dc90     LIBCMTD:errmode.obj
 0002:00003cb0       ??_C@_0CG@NNNNMKLF@f?3?2dd?2vctools?2crt?2crtw32?2misc?2a_@ 000000014002dcb0     LIBCMTD:a_env.obj
 0002:00003cd8       ??_C@_1BK@MGMFAEKH@?$AAk?$AAe?$AAr?$AAn?$AAe?$AAl?$AA3?$AA2?$AA?4?$AAd?$AAl?$AAl?$AA?$AA@ 000000014002dcd8     LIBCMTD:winapisupp.obj
 0002:00003cf8       ??_C@_08KNHFBNJ@FlsAlloc?$AA@ 000000014002dcf8     LIBCMTD:winapisupp.obj
 0002:00003d08       ??_C@_07PEJMOBNF@FlsFree?$AA@ 000000014002dd08     LIBCMTD:winapisupp.obj
 0002:00003d10       ??_C@_0M@GDNOONDI@FlsGetValue?$AA@ 000000014002dd10     LIBCMTD:winapisupp.obj
 0002:00003d20       ??_C@_0M@JCPCPOEF@FlsSetValue?$AA@ 000000014002dd20     LIBCMTD:winapisupp.obj
 0002:00003d30       ??_C@_0BM@HCFOFFN@InitializeCriticalSectionEx?$AA@ 000000014002dd30     LIBCMTD:winapisupp.obj
 0002:00003d50       ??_C@_0P@DLHPPCNH@CreateEventExW?$AA@ 000000014002dd50     LIBCMTD:winapisupp.obj
 0002:00003d60       ??_C@_0BD@KIEEOEEH@CreateSemaphoreExW?$AA@ 000000014002dd60     LIBCMTD:winapisupp.obj
 0002:00003d78       ??_C@_0BI@BKLFFAPO@SetThreadStackGuarantee?$AA@ 000000014002dd78     LIBCMTD:winapisupp.obj
 0002:00003d90       ??_C@_0BG@OGFAJCKC@CreateThreadpoolTimer?$AA@ 000000014002dd90     LIBCMTD:winapisupp.obj
 0002:00003da8       ??_C@_0BD@LPLEMMDI@SetThreadpoolTimer?$AA@ 000000014002dda8     LIBCMTD:winapisupp.obj
 0002:00003dc0       ??_C@_0CA@FMNJENH@WaitForThreadpoolTimerCallbacks?$AA@ 000000014002ddc0     LIBCMTD:winapisupp.obj
 0002:00003de0       ??_C@_0BF@DCFCCNOC@CloseThreadpoolTimer?$AA@ 000000014002dde0     LIBCMTD:winapisupp.obj
 0002:00003df8       ??_C@_0BF@FLABGKKM@CreateThreadpoolWait?$AA@ 000000014002ddf8     LIBCMTD:winapisupp.obj
 0002:00003e10       ??_C@_0BC@MGCOHNA@SetThreadpoolWait?$AA@ 000000014002de10     LIBCMTD:winapisupp.obj
 0002:00003e28       ??_C@_0BE@OCIOMIMP@CloseThreadpoolWait?$AA@ 000000014002de28     LIBCMTD:winapisupp.obj
 0002:00003e40       ??_C@_0BJ@LKGHFHBO@FlushProcessWriteBuffers?$AA@ 000000014002de40     LIBCMTD:winapisupp.obj
 0002:00003e60       ??_C@_0BP@KALKKPMO@FreeLibraryWhenCallbackReturns?$AA@ 000000014002de60     LIBCMTD:winapisupp.obj
 0002:00003e80       ??_C@_0BK@DFNBACLA@GetCurrentProcessorNumber?$AA@ 000000014002de80     LIBCMTD:winapisupp.obj
 0002:00003ea0       ??_C@_0BP@KHGALBC@GetLogicalProcessorInformation?$AA@ 000000014002dea0     LIBCMTD:winapisupp.obj
 0002:00003ec0       ??_C@_0BE@FKKLLFLM@CreateSymbolicLinkW?$AA@ 000000014002dec0     LIBCMTD:winapisupp.obj
[...]
 0004:00000aec       $pdata$?_inconsistency@@YAXXZ 000000014003caec     LIBCMTD:hooks.obj
 0004:00000af8       $pdata$?terminate@@YAXXZ   000000014003caf8     LIBCMTD:hooks.obj
 0004:00000b04       $pdata$_initp_eh_hooks     000000014003cb04     LIBCMTD:hooks.obj
 0004:00000b10       $pdata$_FindPESection      000000014003cb10     LIBCMTD:pesect.obj
 0004:00000b1c       $pdata$_IsNonwritableInCurrentImage 000000014003cb1c     LIBCMTD:pesect.obj
 0004:00000b28       $pdata$_ValidateImageBase  000000014003cb28     LIBCMTD:pesect.obj
 0004:00000b34       $pdata$__onexitinit        000000014003cb34     LIBCMTD:onexit.obj
 0004:00000b40       $pdata$_onexit             000000014003cb40     LIBCMTD:onexit.obj
 0004:00000b4c       $pdata$_onexit_nolock      000000014003cb4c     LIBCMTD:onexit.obj
 0004:00000b58       $pdata$atexit              000000014003cb58     LIBCMTD:onexit.obj
 0004:00000b94       $pdata$?x_ismbbtype_l@@YAHPEAUlocaleinfo_struct@@IHH@Z 000000014003cb94     LIBCMTD:ismbbyte.obj
 0004:00000ba0       $pdata$_ismbblead          000000014003cba0     LIBCMTD:ismbbyte.obj
 0004:00000bac       $pdata$wcscat_s            000000014003cbac     LIBCMTD:wcscat_s.obj
 0004:00000bb8       $pdata$wcsncpy_s           000000014003cbb8     LIBCMTD:wcsncpy_s.obj
 0004:00000bc4       $pdata$_fcloseall          000000014003cbc4     LIBCMTD:closeall.obj
 0004:00000bd0       $pdata$_fflush_nolock      000000014003cbd0     LIBCMTD:fflush.obj
 0004:00000bdc       $pdata$_flush              000000014003cbdc     LIBCMTD:fflush.obj
 0004:00000be8       $pdata$_flushall           000000014003cbe8     LIBCMTD:fflush.obj
 0004:00000bf4       $pdata$flsall              000000014003cbf4     LIBCMTD:fflush.obj
 0004:00000c00       $pdata$__lock_fhandle      000000014003cc00     LIBCMTD:osfinfo.obj
 0004:00000c0c       $pdata$_free_osfhnd        000000014003cc0c     LIBCMTD:osfinfo.obj
 0004:00000c18       $pdata$_get_osfhandle      000000014003cc18     LIBCMTD:osfinfo.obj
 0004:00000c24       $pdata$_unlock_fhandle     000000014003cc24     LIBCMTD:osfinfo.obj
 0004:00000c30       $pdata$_mbtowc_l           000000014003cc30     LIBCMTD:mbtowc.obj
 0004:00000c3c       $pdata$mbtowc              000000014003cc3c     LIBCMTD:mbtowc.obj
 0004:00000c48       $pdata$_putwch_nolock      000000014003cc48     LIBCMTD:putwch.obj
 0004:00000c54       $pdata$_vsnwprintf_s       000000014003cc54     LIBCMTD:vswprnc.obj
 0004:00000c60       $pdata$_vsnwprintf_s_l     000000014003cc60     LIBCMTD:vswprnc.obj
 0004:00000c6c       $pdata$_vswprintf_helper   000000014003cc6c     LIBCMTD:vswprnc.obj
 0004:00000c78       $pdata$strcat_s            000000014003cc78     LIBCMTD:strcat_s.obj
 0004:00000c84       $pdata$_itoa_s             000000014003cc84     LIBCMTD:xtoas.obj
 0004:00000c90       $pdata$xtoa_s              000000014003cc90     LIBCMTD:xtoas.obj
 0004:00000c9c       $pdata$_mbstowcs_l_helper  000000014003cc9c     LIBCMTD:mbstowcs.obj
 0004:00000ca8       $pdata$_mbstowcs_s_l       000000014003cca8     LIBCMTD:mbstowcs.obj
 0004:00000cb4       $pdata$mbstowcs_s          000000014003ccb4     LIBCMTD:mbstowcs.obj
 0004:00000cc0       $pdata$?wcsncnt@@YA_KPEB_W_K@Z 000000014003ccc0     LIBCMTD:wcstombs.obj
 0004:00000ccc       $pdata$_wcstombs_l_helper  000000014003cccc     LIBCMTD:wcstombs.obj
 0004:00000cd8       $pdata$_wcstombs_s_l       000000014003ccd8     LIBCMTD:wcstombs.obj
 0004:00000ce4       $pdata$wcstombs_s          000000014003cce4     LIBCMTD:wcstombs.obj
 0004:00000cf0       $pdata$_itow_s             000000014003ccf0     LIBCMTD:xtows.obj
 0004:00000cfc       $pdata$xtow_s              000000014003ccfc     LIBCMTD:xtows.obj
 0004:00000d08       $pdata$__GSHandlerCheck_SEH 000000014003cd08     LIBCMTD:gshandlerseh.obj
 0004:00000d14       $pdata$__free_lconv_mon    000000014003cd14     LIBCMTD:initmon.obj
 0004:00000d20       $pdata$__free_lconv_num    000000014003cd20     LIBCMTD:initnum.obj
 0004:00000d2c       $pdata$__free_lc_time      000000014003cd2c     LIBCMTD:inittime.obj
 0004:00000d38       $pdata$?__crtLCMapStringA_stat@@YAHPEAUlocaleinfo_struct@@PEB_WKPEBDHPEADHHH@Z 000000014003cd38     LIBCMTD:a_map.obj
 0004:00000d44       $pdata$?strncnt@@YAHPEBDH@Z 000000014003cd44     LIBCMTD:a_map.obj
 0004:00000d50       $pdata$_MallocaIsSizeInRange 000000014003cd50     LIBCMTD:a_map.obj
 0004:00000d5c       $pdata$__crtLCMapStringA   000000014003cd5c     LIBCMTD:a_map.obj
 0004:00000d68       $pdata$_freea              000000014003cd68     LIBCMTD:a_map.obj
 0004:00000d74       $pdata$?__crtGetStringTypeA_stat@@YAHPEAUlocaleinfo_struct@@KPEBDHPEAGHH@Z 000000014003cd74     LIBCMTD:a_str.obj
 0004:00000d80       $pdata$__crtGetStringTypeA 000000014003cd80     LIBCMTD:a_str.obj
 0004:00000d8c       $pdata$?_CatchTryBlock@@YAPEBU_s_TryBlockMapEntry@@PEBU_s_FuncInfo@@H@Z 000000014003cd8c     LIBCMTD:trnsctrl.obj
 0004:00000d98       $pdata$?_GetEstablisherFrame@@YAPEA_KPEA_KPEAU_xDISPATCHER_CONTEXT@@PEBU_s_FuncInfo@@0@Z 000000014003cd98     LIBCMTD:trnsctrl.obj
 0004:00000da4       $pdata$?_GetRangeOfTrysToCheck@@YAPEBU_s_TryBlockMapEntry@@PEA_KPEBU_s_FuncInfo@@HHPEAI2PEAU_xDISPATCHER_CONTEXT@@@Z 000000014003cda4     LIBCMTD:trnsctrl.obj
 0004:00000db0       $pdata$?__FrameUnwindToEmptyState@@YAXPEA_KPEAU_xDISPATCHER_CONTEXT@@PEBU_s_FuncInfo@@@Z 000000014003cdb0     LIBCMTD:trnsctrl.obj
 0004:00000dbc       $pdata$?__SehTransFilter@@YAHPEAU_EXCEPTION_POINTERS@@PEAUEHExceptionRecord@@PEA_KPEAU_CONTEXT@@PEAU_xDISPATCHER_CONTEXT@@PEBU_s_FuncInfo@@PEAH@Z 000000014003cdbc     LIBCMTD:trnsctrl.obj
 0004:00000dc8       $pdata$_CallSETranslator   000000014003cdc8     LIBCMTD:trnsctrl.obj
 0004:00000dd4       $pdata$_CreateFrameInfo    000000014003cdd4     LIBCMTD:trnsctrl.obj
 0004:00000de0       $pdata$_FindAndUnlinkFrame 000000014003cde0     LIBCMTD:trnsctrl.obj
 0004:00000dec       $pdata$_GetImageBase       000000014003cdec     LIBCMTD:trnsctrl.obj
 0004:00000df8       $pdata$_GetThrowImageBase  000000014003cdf8     LIBCMTD:trnsctrl.obj
 0004:00000e04       $pdata$_IsExceptionObjectToBeDestroyed 000000014003ce04     LIBCMTD:trnsctrl.obj
 0004:00000e10       $pdata$_SetImageBase       000000014003ce10     LIBCMTD:trnsctrl.obj
 0004:00000e1c       $pdata$_SetThrowImageBase  000000014003ce1c     LIBCMTD:trnsctrl.obj
 0004:00000e28       $pdata$_UnwindNestedFrames 000000014003ce28     LIBCMTD:trnsctrl.obj
 0004:00000e34       $pdata$__CxxFrameHandler3  000000014003ce34     LIBCMTD:trnsctrl.obj
 0004:00000e40       $pdata$_locterm            000000014003ce40     LIBCMTD:wsetloca.obj
 0004:00000e4c       $pdata$_CopyMan            000000014003ce4c     LIBCMTD:intrncvt.obj
 0004:00000e58       $pdata$_FillZeroMan        000000014003ce58     LIBCMTD:intrncvt.obj
 0004:00000e64       $pdata$_IncMan             000000014003ce64     LIBCMTD:intrncvt.obj
 0004:00000e70       $pdata$_IsZeroMan          000000014003ce70     LIBCMTD:intrncvt.obj
 0004:00000e7c       $pdata$_RoundMan           000000014003ce7c     LIBCMTD:intrncvt.obj
 0004:00000e88       $pdata$_ShrMan             000000014003ce88     LIBCMTD:intrncvt.obj
 0004:00000e94       $pdata$_ZeroTail           000000014003ce94     LIBCMTD:intrncvt.obj
 0004:00000ea0       $pdata$__addl              000000014003cea0     LIBCMTD:intrncvt.obj
 0004:00000eac       $pdata$_ld12cvt            000000014003ceac     LIBCMTD:intrncvt.obj
 0004:00000eb8       $pdata$_ld12tod            000000014003ceb8     LIBCMTD:intrncvt.obj
 0004:00000ec4       $pdata$_ld12tof            000000014003cec4     LIBCMTD:intrncvt.obj
 0004:00000ed0       $pdata$__ld12mul           000000014003ced0     LIBCMTD:strgtold.obj
 0004:00000edc       $pdata$__multtenpow12      000000014003cedc     LIBCMTD:strgtold.obj
 0004:00000ee8       $pdata$__shl_12            000000014003cee8     LIBCMTD:strgtold.obj
 0004:00000ef4       $pdata$__shr_12            000000014003cef4     LIBCMTD:strgtold.obj
 0004:00000f00       $pdata$__strgtold12_l      000000014003cf00     LIBCMTD:strgtold.obj
 0004:00000f0c       $pdata$$I10_OUTPUT         000000014003cf0c     LIBCMTD:x10fout.obj
 0004:00000f18       $pdata$__add_12            000000014003cf18     LIBCMTD:x10fout.obj
 0004:00000f24       $pdata$abort               000000014003cf24     LIBCMTD:abort.obj
 0004:00000f30       $pdata$GetTableIndexFromLocaleName 000000014003cf30     LIBCMTD:winapinls.obj
 0004:00000f3c       $pdata$__crtDownlevelLocaleNameToLCID 000000014003cf3c     LIBCMTD:winapinls.obj
 0004:00000f48       $pdata$__crtLCMapStringEx  000000014003cf48     LIBCMTD:winapinls.obj
 0004:00000f54       $pdata$__wcsnicmp_ascii    000000014003cf54     LIBCMTD:winapinls.obj
 0004:00000f60       $pdata$_fclose_nolock      000000014003cf60     LIBCMTD:fclose.obj
 0004:00000f6c       $pdata$fclose              000000014003cf6c     LIBCMTD:fclose.obj
 0004:00000f78       $pdata$_commit             000000014003cf78     LIBCMTD:commit.obj
 0004:00000f84       $pdata$__termconout        000000014003cf84     LIBCMTD:initcon.obj
 0004:00000f90       $pdata$__initconout        000000014003cf90     LIBCMTD:initcon.obj
 0004:00000f9c       $pdata$_woutput_s_l        000000014003cf9c     LIBCMTD:woutputs.obj
 0004:00000fa8       $pdata$write_char          000000014003cfa8     LIBCMTD:woutputs.obj
 0004:00000fb4       $pdata$write_multi_char    000000014003cfb4     LIBCMTD:woutputs.obj
 0004:00000fc0       $pdata$write_string        000000014003cfc0     LIBCMTD:woutputs.obj
 0004:00000fcc       $pdata$_fputwc_nolock      000000014003cfcc     LIBCMTD:fputwc.obj
 0004:00000fd8       $pdata$free                000000014003cfd8     LIBCMTD:dbgfree.obj
 0004:00000fe4       $pdata$malloc              000000014003cfe4     LIBCMTD:dbgmalloc.obj
 0004:00000ff0       $pdata$__DestructExceptionObject 000000014003cff0     LIBCMTD:frame.obj
 0004:00000ffc       $pdata$??0bad_exception@std@@QEAA@AEBV01@@Z 000000014003cffc     LIBCMTD:frame.obj
 0004:00001008       $pdata$??0bad_exception@std@@QEAA@PEBD@Z 000000014003d008     LIBCMTD:frame.obj
 0004:00001014       $pdata$??1bad_exception@std@@UEAA@XZ 000000014003d014     LIBCMTD:frame.obj
 0004:00001020       $pdata$??_Gbad_exception@std@@UEAAPEAXI@Z 000000014003d020     LIBCMTD:frame.obj
 0004:0000102c       $pdata$?CatchIt@@YAXPEAUEHExceptionRecord@@PEA_KPEAU_CONTEXT@@PEAU_xDISPATCHER_CONTEXT@@PEBU_s_FuncInfo@@PEBU_s_HandlerType@@PEBU_s_CatchableType@@PEBU_s_TryBlockMapEntry@@H1EE@Z 000000014003d02c     LIBCMTD:frame.obj
 0004:00001038       $pdata$?ExFilterRethrow@@YAHPEAU_EXCEPTION_POINTERS@@PEAUEHExceptionRecord@@PEAH@Z 000000014003d038     LIBCMTD:frame.obj
 0004:00001044       $pdata$?FindHandler@@YAXPEAUEHExceptionRecord@@PEA_KPEAU_CONTEXT@@PEAU_xDISPATCHER_CONTEXT@@PEBU_s_FuncInfo@@EH1@Z 000000014003d044     LIBCMTD:frame.obj
 0004:00001050       $pdata$?FindHandlerForForeignException@@YAXPEAUEHExceptionRecord@@PEA_KPEAU_CONTEXT@@PEAU_xDISPATCHER_CONTEXT@@PEBU_s_FuncInfo@@HH1@Z 000000014003d050     LIBCMTD:frame.obj
 0004:0000105c       $pdata$?IsInExceptionSpec@@YAEPEAUEHExceptionRecord@@PEBU_s_ESTypeList@@@Z 000000014003d05c     LIBCMTD:frame.obj
 0004:00001068       $pdata$?Is_bad_exception_allowed@@YAEPEBU_s_ESTypeList@@@Z 000000014003d068     LIBCMTD:frame.obj
 0004:00001074       $pdata$?__RethrowException@@YAXPEAUEHExceptionRecord@@@Z 000000014003d074     LIBCMTD:frame.obj
 0004:00001080       $pdata$__AdjustPointer     000000014003d080     LIBCMTD:frame.obj
 0004:0000108c       $pdata$__BuildCatchObject  000000014003d08c     LIBCMTD:frame.obj
 0004:00001098       $pdata$__BuildCatchObjectHelper 000000014003d098     LIBCMTD:frame.obj
 0004:000010a4       $pdata$__CxxCallCatchBlock 000000014003d0a4     LIBCMTD:frame.obj
 0004:000010b0       $pdata$__FrameUnwindFilter 000000014003d0b0     LIBCMTD:frame.obj
 0004:000010bc       $pdata$__FrameUnwindToState 000000014003d0bc     LIBCMTD:frame.obj
 0004:000010c8       $pdata$__InternalCxxFrameHandler 000000014003d0c8     LIBCMTD:frame.obj
 0004:000010d4       $pdata$__TypeMatch         000000014003d0d4     LIBCMTD:frame.obj
 0004:000010e0       $pdata$?__GetCurrentState@@YAHPEA_KPEAU_xDISPATCHER_CONTEXT@@PEBU_s_FuncInfo@@@Z 000000014003d0e0     LIBCMTD:ehstate.obj
 0004:000010ec       $pdata$?__GetUnwindTryBlock@@YAHPEA_KPEAU_xDISPATCHER_CONTEXT@@PEBU_s_FuncInfo@@@Z 000000014003d0ec     LIBCMTD:ehstate.obj
 0004:000010f8       $pdata$?__SetUnwindTryBlock@@YAXPEA_KPEAU_xDISPATCHER_CONTEXT@@PEBU_s_FuncInfo@@H@Z 000000014003d0f8     LIBCMTD:ehstate.obj
 0004:00001104       $pdata$?__StateFromControlPc@@YAHPEBU_s_FuncInfo@@PEAU_xDISPATCHER_CONTEXT@@@Z 000000014003d104     LIBCMTD:ehstate.obj
 0004:00001110       $pdata$?__StateFromIp@@YAHPEBU_s_FuncInfo@@PEAU_xDISPATCHER_CONTEXT@@_J@Z 000000014003d110     LIBCMTD:ehstate.obj
 0004:00001128       $pdata$__mtold12           000000014003d128     LIBCMTD:mantold.obj
 0004:00001134       $pdata$_close              000000014003d134     LIBCMTD:close.obj
 0004:00001140       $pdata$_close_nolock       000000014003d140     LIBCMTD:close.obj
 0004:0000114c       $pdata$_freebuf            000000014003d14c     LIBCMTD:_freebuf.obj
 0004:00001158       $pdata$_flswbuf            000000014003d158     LIBCMTD:_flswbuf.obj
 0004:00001164       $pdata$??3@YAXPEAX@Z       000000014003d164     LIBCMTD:dbgdel.obj
 0004:0000117c       $pdata$?_ValidateExecute@@YAHP6A_JXZ@Z 000000014003d17c     LIBCMTD:validate.obj
 0004:00001188       $pdata$?_ValidateRead@@YAHPEBXI@Z 000000014003d188     LIBCMTD:validate.obj
 0004:00001194       $pdata$?_ValidateWrite@@YAHPEAXI@Z 000000014003d194     LIBCMTD:validate.obj
 0004:000011ac       $pdata$??1type_info@@UEAA@XZ 000000014003d1ac     LIBCMTD:typinfo.obj
 0004:000011b8       $pdata$??8type_info@@QEBA_NAEBV0@@Z 000000014003d1b8     LIBCMTD:typinfo.obj
 0004:000011c4       $pdata$??_Gtype_info@@UEAAPEAXI@Z 000000014003d1c4     LIBCMTD:typinfo.obj
 0004:000011d0       $pdata$??0exception@std@@QEAA@AEBQEBD@Z 000000014003d1d0     LIBCMTD:stdexcpt.obj
 0004:000011dc       $pdata$??0exception@std@@QEAA@AEBV01@@Z 000000014003d1dc     LIBCMTD:stdexcpt.obj
 0004:000011e8       $pdata$??1exception@std@@UEAA@XZ 000000014003d1e8     LIBCMTD:stdexcpt.obj
 0004:000011f4       $pdata$??4exception@std@@QEAAAEAV01@AEBV01@@Z 000000014003d1f4     LIBCMTD:stdexcpt.obj
 0004:00001200       $pdata$??_Gexception@std@@UEAAPEAXI@Z 000000014003d200     LIBCMTD:stdexcpt.obj
 0004:0000120c       $pdata$?_Copy_str@exception@std@@AEAAXPEBD@Z 000000014003d20c     LIBCMTD:stdexcpt.obj
 0004:00001218       $pdata$?_Tidy@exception@std@@AEAAXXZ 000000014003d218     LIBCMTD:stdexcpt.obj
 0004:00001224       $pdata$?what@exception@std@@UEBAPEBDXZ 000000014003d224     LIBCMTD:stdexcpt.obj
 0004:00001230       $pdata$_CxxThrowException  000000014003d230     LIBCMTD:throw.obj
 0004:0000123c       $pdata$?_Type_info_dtor@type_info@@CAXPEAV1@@Z 000000014003d23c     LIBCMTD:typname.obj
 0004:00001248       $pdata$__tmainCRTStartup$filt$0 000000014003d248     LIBCMTD:wincrt0.obj
 0004:00001254       $pdata$?fin$0@?0??_CrtMemDumpAllObjectsSince_stat@@YAXPEBU_CrtMemState@@PEAUlocaleinfo_struct@@@Z@4HA 000000014003d254     LIBCMTD:dbgheap.obj
 0004:00001260       $pdata$?filt$0@?0??__crtIsBadReadPtr@@YAHPEBX_K@Z@4HA 000000014003d260     LIBCMTD:dbgheap.obj
 0004:0000126c       $pdata$_CrtCheckMemory$fin$0 000000014003d26c     LIBCMTD:dbgheap.obj
 0004:00001278       $pdata$_CrtMemCheckpoint$fin$0 000000014003d278     LIBCMTD:dbgheap.obj
 0004:00001284       $pdata$_CrtSetDbgFlag$fin$0 000000014003d284     LIBCMTD:dbgheap.obj
 0004:00001290       $pdata$_free_dbg$fin$0     000000014003d290     LIBCMTD:dbgheap.obj
 0004:0000129c       $pdata$_heap_alloc_dbg_impl$fin$0 000000014003d29c     LIBCMTD:dbgheap.obj
 0004:000012a8       $pdata$_msize_dbg$fin$0    000000014003d2a8     LIBCMTD:dbgheap.obj
 0004:000012b4       $pdata$_realloc_dbg$fin$0  000000014003d2b4     LIBCMTD:dbgheap.obj
 0004:000012c0       $pdata$_freefls$fin$0      000000014003d2c0     LIBCMTD:tidtable.obj
 0004:000012cc       $pdata$_freefls$fin$1      000000014003d2cc     LIBCMTD:tidtable.obj
 0004:000012d8       $pdata$_initptd$fin$0      000000014003d2d8     LIBCMTD:tidtable.obj
 0004:000012e4       $pdata$_initptd$fin$1      000000014003d2e4     LIBCMTD:tidtable.obj
 0004:000012f0       $pdata$doexit$fin$0        000000014003d2f0     LIBCMTD:crt0dat.obj
 0004:000012fc       $pdata$_ioinit$fin$0       000000014003d2fc     LIBCMTD:ioinit.obj
 0004:00001308       $pdata$_write$fin$0        000000014003d308     LIBCMTD:write.obj
 0004:00001314       $pdata$_lseeki64$fin$0     000000014003d314     LIBCMTD:lseeki64.obj
 0004:00001320       $pdata$_mtinitlocknum$fin$0 000000014003d320     LIBCMTD:mlock.obj
 0004:0000132c       $pdata$raise$fin$0         000000014003d32c     LIBCMTD:winsig.obj
 0004:00001338       $pdata$_VCrtDbgReportA$fin$0 000000014003d338     LIBCMTD:dbgrptt.obj
 0004:00001344       $pdata$_VCrtDbgReportA$fin$1 000000014003d344     LIBCMTD:dbgrptt.obj
 0004:00001350       $pdata$_VCrtDbgReportW$fin$0 000000014003d350     LIBCMTD:dbgrptt.obj
 0004:0000135c       $pdata$_VCrtDbgReportW$fin$1 000000014003d35c     LIBCMTD:dbgrptt.obj
 0004:00001368       $pdata$__updatetlocinfo$fin$0 000000014003d368     LIBCMTD:localref.obj
 0004:00001374       $pdata$?dtor$0@?0??getSystemCP@@YAHH@Z@4HA 000000014003d374     LIBCMTD:mbctype.obj
 0004:00001380       $pdata$__updatetmbcinfo$fin$0 000000014003d380     LIBCMTD:mbctype.obj
 0004:0000138c       $pdata$_setmbcp$fin$0      000000014003d38c     LIBCMTD:mbctype.obj
 0004:00001398       $pdata$?filt$0@?0??_inconsistency@@YAXXZ@4HA 000000014003d398     LIBCMTD:hooks.obj
 0004:000013a4       $pdata$?filt$0@?0??terminate@@YAXXZ@4HA 000000014003d3a4     LIBCMTD:hooks.obj
 0004:000013b0       $pdata$_IsNonwritableInCurrentImage$filt$0 000000014003d3b0     LIBCMTD:pesect.obj
 0004:000013bc       $pdata$_onexit$fin$0       000000014003d3bc     LIBCMTD:onexit.obj
 0004:000013c8       $pdata$?dtor$0@?0??x_ismbbtype_l@@YAHPEAUlocaleinfo_struct@@IHH@Z@4HA 000000014003d3c8     LIBCMTD:ismbbyte.obj
 0004:000013d4       $pdata$_fcloseall$fin$0    000000014003d3d4     LIBCMTD:closeall.obj
 0004:000013e0       $pdata$flsall$fin$0        000000014003d3e0     LIBCMTD:fflush.obj
 0004:000013ec       $pdata$flsall$fin$1        000000014003d3ec     LIBCMTD:fflush.obj
 0004:000013f8       $pdata$__lock_fhandle$fin$0 000000014003d3f8     LIBCMTD:osfinfo.obj
 0004:00001404       $pdata$_CallSETranslator$filt$0 000000014003d404     LIBCMTD:trnsctrl.obj
 0004:00001410       $pdata$_locterm$fin$0      000000014003d410     LIBCMTD:wsetloca.obj
 0004:0000141c       $pdata$fclose$fin$0        000000014003d41c     LIBCMTD:fclose.obj
 0004:00001428       $pdata$_commit$fin$0       000000014003d428     LIBCMTD:commit.obj
 0004:00001434       $pdata$__BuildCatchObject$filt$0 000000014003d434     LIBCMTD:frame.obj
 0004:00001440       $pdata$__BuildCatchObjectHelper$filt$0 000000014003d440     LIBCMTD:frame.obj
 0004:0000144c       $pdata$__CxxCallCatchBlock$filt$0 000000014003d44c     LIBCMTD:frame.obj
 0004:00001458       $pdata$__CxxCallCatchBlock$fin$1 000000014003d458     LIBCMTD:frame.obj
 0004:00001464       $pdata$__DestructExceptionObject$filt$0 000000014003d464     LIBCMTD:frame.obj
 0004:00001470       $pdata$__FrameUnwindToState$filt$0 000000014003d470     LIBCMTD:frame.obj
 0004:0000147c       $pdata$__FrameUnwindToState$fin$1 000000014003d47c     LIBCMTD:frame.obj
 0004:00001488       $pdata$_close$fin$0        000000014003d488     LIBCMTD:close.obj
 0004:00001494       $pdata$?fin$0@?0???3@YAXPEAX@Z@4HA 000000014003d494     LIBCMTD:dbgdel.obj
 0004:000014a0       $pdata$?fin$0@?0??_Type_info_dtor@type_info@@CAXPEAV1@@Z@4HA 000000014003d4a0     LIBCMTD:typname.obj
